Component: ARM Compiler 5.06 update 6 (build 750) Tool: armlink [4d35ed]

==============================================================================

Memory Map of the image

  Image Entry point : 0x080000ed

  Load Region LR_IROM1 (Base: 0x08000000, Size: 0x0001ca74, Max: 0x00020000, ABSOLUTE, COMPRESSED[0x0001c05c])

    Execution Region ER_IROM1 (Base: 0x08000000, Size: 0x0001bff4, Max: 0x00020000, ABSOLUTE)

    Base Addr    Size         Type   Attr      Idx    E Section Name        Object

    0x08000000   0x000000ec   Data   RO        22885    RESET               BUILD/NUCLEO_F103RB/ARM/mbed-os/targets/TARGET_STM/TARGET_STM32F1/TARGET_NUCLEO_F103RB/device/TOOLCHAIN_ARM_STD/startup_stm32f103xb.o
    0x080000ec   0x00000008   Code   RO        25386  * !!!main             C:\Keil_v5\ARM\ARMCC\bin\..\lib\armlib\c_w.l(__main.o)
    0x080000f4   0x00000034   Code   RO        27097    !!!scatter          C:\Keil_v5\ARM\ARMCC\bin\..\lib\armlib\c_w.l(__scatter.o)
    0x08000128   0x0000005a   Code   RO        27095    !!dczerorl2         C:\Keil_v5\ARM\ARMCC\bin\..\lib\armlib\c_w.l(__dczerorl2.o)
    0x08000182   0x00000002   PAD
    0x08000184   0x0000001c   Code   RO        27099    !!handler_zi        C:\Keil_v5\ARM\ARMCC\bin\..\lib\armlib\c_w.l(__scatter_zi.o)
    0x080001a0   0x00000000   Code   RO        25259    .ARM.Collect$$_printf_percent$$00000000  C:\Keil_v5\ARM\ARMCC\bin\..\lib\armlib\c_w.l(_printf_percent.o)
    0x080001a0   0x00000006   Code   RO        25968    .ARM.Collect$$_printf_percent$$00000001  C:\Keil_v5\ARM\ARMCC\bin\..\lib\armlib\c_w.l(_printf_n.o)
    0x080001a6   0x00000006   Code   RO        25255    .ARM.Collect$$_printf_percent$$00000002  C:\Keil_v5\ARM\ARMCC\bin\..\lib\armlib\c_w.l(_printf_p.o)
    0x080001ac   0x00000006   Code   RO        25258    .ARM.Collect$$_printf_percent$$00000003  C:\Keil_v5\ARM\ARMCC\bin\..\lib\armlib\c_w.l(_printf_f.o)
    0x080001b2   0x00000006   Code   RO        25971    .ARM.Collect$$_printf_percent$$00000004  C:\Keil_v5\ARM\ARMCC\bin\..\lib\armlib\c_w.l(_printf_e.o)
    0x080001b8   0x00000006   Code   RO        25972    .ARM.Collect$$_printf_percent$$00000005  C:\Keil_v5\ARM\ARMCC\bin\..\lib\armlib\c_w.l(_printf_g.o)
    0x080001be   0x00000006   Code   RO        25973    .ARM.Collect$$_printf_percent$$00000006  C:\Keil_v5\ARM\ARMCC\bin\..\lib\armlib\c_w.l(_printf_a.o)
    0x080001c4   0x0000000a   Code   RO        25978    .ARM.Collect$$_printf_percent$$00000007  C:\Keil_v5\ARM\ARMCC\bin\..\lib\armlib\c_w.l(_printf_ll.o)
    0x080001ce   0x00000006   Code   RO        25970    .ARM.Collect$$_printf_percent$$00000008  C:\Keil_v5\ARM\ARMCC\bin\..\lib\armlib\c_w.l(_printf_i.o)
    0x080001d4   0x00000006   Code   RO        25256    .ARM.Collect$$_printf_percent$$00000009  C:\Keil_v5\ARM\ARMCC\bin\..\lib\armlib\c_w.l(_printf_d.o)
    0x080001da   0x00000006   Code   RO        25257    .ARM.Collect$$_printf_percent$$0000000A  C:\Keil_v5\ARM\ARMCC\bin\..\lib\armlib\c_w.l(_printf_u.o)
    0x080001e0   0x00000006   Code   RO        25969    .ARM.Collect$$_printf_percent$$0000000B  C:\Keil_v5\ARM\ARMCC\bin\..\lib\armlib\c_w.l(_printf_o.o)
    0x080001e6   0x00000006   Code   RO        25254    .ARM.Collect$$_printf_percent$$0000000C  C:\Keil_v5\ARM\ARMCC\bin\..\lib\armlib\c_w.l(_printf_x.o)
    0x080001ec   0x00000006   Code   RO        25975    .ARM.Collect$$_printf_percent$$0000000D  C:\Keil_v5\ARM\ARMCC\bin\..\lib\armlib\c_w.l(_printf_lli.o)
    0x080001f2   0x00000006   Code   RO        25976    .ARM.Collect$$_printf_percent$$0000000E  C:\Keil_v5\ARM\ARMCC\bin\..\lib\armlib\c_w.l(_printf_lld.o)
    0x080001f8   0x00000006   Code   RO        25977    .ARM.Collect$$_printf_percent$$0000000F  C:\Keil_v5\ARM\ARMCC\bin\..\lib\armlib\c_w.l(_printf_llu.o)
    0x080001fe   0x00000006   Code   RO        25982    .ARM.Collect$$_printf_percent$$00000010  C:\Keil_v5\ARM\ARMCC\bin\..\lib\armlib\c_w.l(_printf_llo.o)
    0x08000204   0x00000006   Code   RO        25983    .ARM.Collect$$_printf_percent$$00000011  C:\Keil_v5\ARM\ARMCC\bin\..\lib\armlib\c_w.l(_printf_llx.o)
    0x0800020a   0x0000000a   Code   RO        25979    .ARM.Collect$$_printf_percent$$00000012  C:\Keil_v5\ARM\ARMCC\bin\..\lib\armlib\c_w.l(_printf_l.o)
    0x08000214   0x00000006   Code   RO        25967    .ARM.Collect$$_printf_percent$$00000013  C:\Keil_v5\ARM\ARMCC\bin\..\lib\armlib\c_w.l(_printf_c.o)
    0x0800021a   0x00000006   Code   RO        25253    .ARM.Collect$$_printf_percent$$00000014  C:\Keil_v5\ARM\ARMCC\bin\..\lib\armlib\c_w.l(_printf_s.o)
    0x08000220   0x00000006   Code   RO        25980    .ARM.Collect$$_printf_percent$$00000015  C:\Keil_v5\ARM\ARMCC\bin\..\lib\armlib\c_w.l(_printf_lc.o)
    0x08000226   0x00000006   Code   RO        25981    .ARM.Collect$$_printf_percent$$00000016  C:\Keil_v5\ARM\ARMCC\bin\..\lib\armlib\c_w.l(_printf_ls.o)
[...]
    0x0800e2a0   0x00000002   Code   RO         2059    i._ZN4mbed9RawSerial4lockEv  BUILD/NUCLEO_F103RB/ARM/mbed-os/drivers/RawSerial.o
    0x0800e2a2   0x00000024   Code   RO         2060    i._ZN4mbed9RawSerial4putcEi  BUILD/NUCLEO_F103RB/ARM/mbed-os/drivers/RawSerial.o
    0x0800e2c6   0x00000040   Code   RO         2061    i._ZN4mbed9RawSerial4putsEPKc  BUILD/NUCLEO_F103RB/ARM/mbed-os/drivers/RawSerial.o
    0x0800e306   0x00000002   PAD
    0x0800e308   0x000000d6   Code   RO         2062    i._ZN4mbed9RawSerial6printfEPKcz  BUILD/NUCLEO_F103RB/ARM/mbed-os/drivers/RawSerial.o
    0x0800e3de   0x00000002   Code   RO         2063    i._ZN4mbed9RawSerial6unlockEv  BUILD/NUCLEO_F103RB/ARM/mbed-os/drivers/RawSerial.o
    0x0800e3e0   0x00000010   Code   RO         2064    i._ZN4mbed9RawSerialC1E7PinNameS1_i  BUILD/NUCLEO_F103RB/ARM/mbed-os/drivers/RawSerial.o
    0x0800e3f0   0x00000004   Code   RO          345    i._ZN4mbed9RawSerialD1Ev  BUILD/NUCLEO_F103RB/ARM/main.o
    0x0800e3f4   0x0000004c   Code   RO        22739    i._ZN4rtos10ThisThread14flags_wait_allEjb  BUILD/NUCLEO_F103RB/ARM/mbed-os/rtos/ThisThread.o
    0x0800e440   0x0000002c   Code   RO        22748    i._ZN4rtos10ThisThread9sleep_forEj  BUILD/NUCLEO_F103RB/ARM/mbed-os/rtos/ThisThread.o
    0x0800e46c   0x00000088   Code   RO        21966    i._ZN4rtos5Mutex11constructorEPKc  BUILD/NUCLEO_F103RB/ARM/mbed-os/rtos/Mutex.o
    0x0800e4f4   0x00000044   Code   RO        21970    i._ZN4rtos5Mutex4lockEv  BUILD/NUCLEO_F103RB/ARM/mbed-os/rtos/Mutex.o
    0x0800e538   0x0000003c   Code   RO        21971    i._ZN4rtos5Mutex6unlockEv  BUILD/NUCLEO_F103RB/ARM/mbed-os/rtos/Mutex.o
    0x0800e574   0x00000050   Code   RO        21975    i._ZN4rtos5MutexC1Ev  BUILD/NUCLEO_F103RB/ARM/mbed-os/rtos/Mutex.o
    0x0800e5c4   0x0000000e   Code   RO        21976    i._ZN4rtos5MutexD1Ev  BUILD/NUCLEO_F103RB/ARM/mbed-os/rtos/Mutex.o
    0x0800e5d2   0x00000004   Code   RO         2703    i._ZN6events10EventQueue8dispatchEi  BUILD/NUCLEO_F103RB/ARM/mbed-os/events/EventQueue.o
    0x0800e5d6   0x00000024   Code   RO         2705    i._ZN6events10EventQueueC1EjPh  BUILD/NUCLEO_F103RB/ARM/mbed-os/events/EventQueue.o
    0x0800e5fa   0x0000001a   Code   RO         2706    i._ZN6events10EventQueueD1Ev  BUILD/NUCLEO_F103RB/ARM/mbed-os/events/EventQueue.o
    0x0800e614   0x00000024   Code   RO          180    i._ZN7TextLCD3clsEv  BUILD/NUCLEO_F103RB/ARM/TextLCD/TextLCD.o
    0x0800e638   0x000000ec   Code   RO          183    i._ZN7TextLCD5_putcEi  BUILD/NUCLEO_F103RB/ARM/TextLCD/TextLCD.o
    0x0800e724   0x00000006   Code   RO          184    i._ZN7TextLCD6locateEii  BUILD/NUCLEO_F103RB/ARM/TextLCD/TextLCD.o
    0x0800e72a   0x00000002   PAD
    0x0800e72c   0x00000050   Code   RO          188    i._ZN7TextLCD9writeByteEi  BUILD/NUCLEO_F103RB/ARM/TextLCD/TextLCD.o
    0x0800e77c   0x00000120   Code   RO          190    i._ZN7TextLCDC1E7PinNameS0_S0_S0_S0_S0_NS_7LCDTypeE  BUILD/NUCLEO_F103RB/ARM/TextLCD/TextLCD.o
    0x0800e89c   0x00000020   Code   RO          220    i._ZN7TextLCDD1Ev   BUILD/NUCLEO_F103RB/ARM/TextLCD/TextLCD.o
    0x0800e8bc   0x00000068   Code   RO           23    i._ZN8GSM_MQTT11AutoConnectEv  BUILD/NUCLEO_F103RB/ARM/GSM_MQTT/GSM_MQTT.o
    0x0800e924   0x00000030   Code   RO           24    i._ZN8GSM_MQTT11_sendLengthEi  BUILD/NUCLEO_F103RB/ARM/GSM_MQTT/GSM_MQTT.o
    0x0800e954   0x00000520   Code   RO           25    i._ZN8GSM_MQTT11parsePacketEhhhh  BUILD/NUCLEO_F103RB/ARM/GSM_MQTT/GSM_MQTT.o
    0x0800ee74   0x0000003c   Code   RO           28    i._ZN8GSM_MQTT14_sendUTFStringEPc  BUILD/NUCLEO_F103RB/ARM/GSM_MQTT/GSM_MQTT.o
    0x0800eeb0   0x00000100   Code   RO           30    i._ZN8GSM_MQTT16printMessageTypeEh  BUILD/NUCLEO_F103RB/ARM/GSM_MQTT/GSM_MQTT.o
    0x0800efb0   0x00000020   Code   RO           31    i._ZN8GSM_MQTT18_generateMessageIDEv  BUILD/NUCLEO_F103RB/ARM/GSM_MQTT/GSM_MQTT.o
    0x0800efd0   0x0000008c   Code   RO           32    i._ZN8GSM_MQTT5_pingEv  BUILD/NUCLEO_F103RB/ARM/GSM_MQTT/GSM_MQTT.o
    0x0800f05c   0x000003ec   Code   RO           33    i._ZN8GSM_MQTT5beginEv  BUILD/NUCLEO_F103RB/ARM/GSM_MQTT/GSM_MQTT.o
    0x0800f448   0x0000020c   Code   RO           34    i._ZN8GSM_MQTT7connectEPcccS0_S0_ccccS0_S0_  BUILD/NUCLEO_F103RB/ARM/GSM_MQTT/GSM_MQTT.o
    0x0800f654   0x00000094   Code   RO           35    i._ZN8GSM_MQTT7publishEcccjPcS0_  BUILD/NUCLEO_F103RB/ARM/GSM_MQTT/GSM_MQTT.o
    0x0800f6e8   0x000005b0   Code   RO           36    i._ZN8GSM_MQTT8_tcpInitEv  BUILD/NUCLEO_F103RB/ARM/GSM_MQTT/GSM_MQTT.o
    0x0800fc98   0x00000004   Code   RO           38    i._ZN8GSM_MQTT9availableEv  BUILD/NUCLEO_F103RB/ARM/GSM_MQTT/GSM_MQTT.o
    0x0800fc9c   0x00000094   Code   RO           40    i._ZN8GSM_MQTTC1Em  BUILD/NUCLEO_F103RB/ARM/GSM_MQTT/GSM_MQTT.o
    0x0800fd30   0x00000044   Code   RO          339    i._ZN8GSM_MQTTD1Ev  BUILD/NUCLEO_F103RB/ARM/main.o
    0x0800fd74   0x0000002c   Code   RO          267    i._ZN8Watchdog10ConfiguredEf  BUILD/NUCLEO_F103RB/ARM/Watchdog/Watchdog.o
    0x0800fda0   0x00000018   Code   RO          268    i._ZN8Watchdog19WatchdogCausedResetEv  BUILD/NUCLEO_F103RB/ARM/Watchdog/Watchdog.o
    0x0800fdb8   0x00000010   Code   RO          269    i._ZN8Watchdog7ServiceEv  BUILD/NUCLEO_F103RB/ARM/Watchdog/Watchdog.o
    0x0800fdc8   0x00000010   Code   RO          270    i._ZN8WatchdogC1Ev  BUILD/NUCLEO_F103RB/ARM/Watchdog/Watchdog.o
    0x0800fdd8   0x00000008   Code   RO          816    i._ZNK13SDBlockDevice13get_read_sizeEv  BUILD/NUCLEO_F103RB/ARM/mbed-os/components/storage/blockdevice/COMPONENT_SD/SDBlockDevice.o
    0x0800fde0   0x00000008   Code   RO          817    i._ZNK13SDBlockDevice16get_program_sizeEv  BUILD/NUCLEO_F103RB/ARM/mbed-os/components/storage/blockdevice/COMPONENT_SD/SDBlockDevice.o
    0x0800fde8   0x0000000e   Code   RO          818    i._ZNK13SDBlockDevice4sizeEv  BUILD/NUCLEO_F103RB/ARM/mbed-os/components/storage/blockdevice/COMPONENT_SD/SDBlockDevice.o
    0x0800fdf6   0x00000006   Code   RO          939    i._ZNK4mbed11BlockDevice14get_erase_sizeEv  BUILD/NUCLEO_F103RB/ARM/mbed-os/components/storage/blockdevice/COMPONENT_SD/SDBlockDevice.o
    0x0800fdfc   0x00000004   Code   RO        25664    i._ZNKSt14__rw_exception4whatEv  C:\Keil_v5\ARM\ARMCC\bin\..\lib\cpplib\cpp_ws.l(rwstdexcept.o)
    0x0800fe00   0x00000072   Code   RO        26528    i._ZNKSt18__rw_messages_base11_C_cat_openERKSsRKSt6locale  C:\Keil_v5\ARM\ARMCC\bin\..\lib\cpplib\cpp_ws.l(messages.o)
    0x0800fe72   0x00000020   Code   RO        26531    i._ZNKSt18__rw_messages_base13_C_get_localeEi  C:\Keil_v5\ARM\ARMCC\bin\..\lib\cpplib\cpp_ws.l(messages.o)
    0x0800fe92   0x00000034   Code   RO        26532    i._ZNKSt18__rw_messages_base14_C_get_messageEiii  C:\Keil_v5\ARM\ARMCC\bin\..\lib\cpplib\cpp_ws.l(messages.o)
    0x0800fec6   0x0000000e   Code   RO        26237    i._ZNKSt5ctypeIcE2isENSt10ctype_base4maskEc  C:\Keil_v5\ARM\ARMCC\bin\..\lib\cpplib\cpp_ws.l(char.o)
    0x0800fed4   0x00000108   Code   RO        26356    i._ZNKSt6locale13_C_make_facetERKNS_2idEbiPFPN4__rw15__rw_facet_baseEiPKcjE  C:\Keil_v5\ARM\ARMCC\bin\..\lib\cpplib\cpp_ws.l(locale.o)
    0x0800ffdc   0x00000074   Code   RO        26358    i._ZNKSt6locale16_C_install_facetEPN4__rw15__rw_facet_baseERKNS_2idE  C:\Keil_v5\ARM\ARMCC\bin\..\lib\cpplib\cpp_ws.l(locale.o)
    0x08010050   0x00000030   Code   RO        26359    i._ZNKSt6locale4nameEv  C:\Keil_v5\ARM\ARMCC\bin\..\lib\cpplib\cpp_ws.l(locale.o)
    0x08010080   0x0000000c   Code   RO        26212    i._ZNSt11char_traitsIcE4copyEPcPKcj  C:\Keil_v5\ARM\ARMCC\bin\..\lib\cpplib\cpp_ws.l(char.o)
    0x0801008c   0x000000cc   Code   RO        26101    i._ZNSt12ctype_bynameIcE17_C_get_mask_tableEPKc  C:\Keil_v5\ARM\ARMCC\bin\..\lib\cpplib\cpp_ws.l(char.o)
    0x08010158   0x00000120   Code   RO        26103    i._ZNSt12ctype_bynameIcEC1EPKcj  C:\Keil_v5\ARM\ARMCC\bin\..\lib\cpplib\cpp_ws.l(char.o)
    0x08010278   0x0000000e   Code   RO        26344    i._ZNSt12ctype_bynameIcED0Ev  C:\Keil_v5\ARM\ARMCC\bin\..\lib\cpplib\cpp_ws.l(char.o)
    0x08010286   0x00000008   Code   RO        26341    i._ZNSt12ctype_bynameIcED1Ev  C:\Keil_v5\ARM\ARMCC\bin\..\lib\cpplib\cpp_ws.l(char.o)
    0x0801028e   0x00000002   PAD
    0x08010290   0x00000084   Code   RO        25548    i._ZNSt14__rw_exception10_C_vformatEiSt9__va_list  C:\Keil_v5\ARM\ARMCC\bin\..\lib\cpplib\cpp_ws.l(rwstdexcept.o)
    0x08010314   0x00000014   Code   RO        25614    i._ZNSt14__rw_exceptionC1Ev  C:\Keil_v5\ARM\ARMCC\bin\..\lib\cpplib\cpp_ws.l(rwstdexcept.o)
    0x08010328   0x0000001c   Code   RO        25658    i._ZNSt14__rw_exceptionD1Ev  C:\Keil_v5\ARM\ARMCC\bin\..\lib\cpplib\cpp_ws.l(rwstdexcept.o)
    0x08010344   0x00000008   Code   RO        25611    i._ZNSt18__rw_messages_baseD1Ev  C:\Keil_v5\ARM\ARMCC\bin\..\lib\cpplib\cpp_ws.l(rwstdexcept.o)
    0x0801034c   0x0000001a   Code   RO        26568    i._ZNSt18__rw_open_cat_dataC1Ev  C:\Keil_v5\ARM\ARMCC\bin\..\lib\cpplib\cpp_ws.l(messages.o)
    0x08010366   0x0000000c   Code   RO        26565    i._ZNSt18__rw_open_cat_dataD1Ev  C:\Keil_v5\ARM\ARMCC\bin\..\lib\cpplib\cpp_ws.l(messages.o)
    0x08010372   0x00000012   Code   RO        26571    i._ZNSt18__rw_open_cat_dataaSERKS_  C:\Keil_v5\ARM\ARMCC\bin\..\lib\cpplib\cpp_ws.l(messages.o)
    0x08010384   0x000000fa   Code   RO        26105    i._ZNSt5ctypeIcE12_C_initfacetERKSt6locale  C:\Keil_v5\ARM\ARMCC\bin\..\lib\cpplib\cpp_ws.l(char.o)
    0x0801047e   0x00000002   PAD
    0x08010480   0x00000118   Code   RO        26107    i._ZNSt5ctypeIcEC1EPKNSt10ctype_base4maskEbj  C:\Keil_v5\ARM\ARMCC\bin\..\lib\cpplib\cpp_ws.l(char.o)
    0x08010598   0x0000000e   Code   RO        26240    i._ZNSt5ctypeIcED0Ev  C:\Keil_v5\ARM\ARMCC\bin\..\lib\cpplib\cpp_ws.l(char.o)
    0x080105a6   0x00000002   PAD
    0x080105a8   0x0000002c   Code   RO        26169    i._ZNSt5ctypeIcED1Ev  C:\Keil_v5\ARM\ARMCC\bin\..\lib\cpplib\cpp_ws.l(char.o)
    0x080105d4   0x0000000e   Code   RO        25655    i._ZNSt6locale5facetD0Ev  C:\Keil_v5\ARM\ARMCC\bin\..\lib\cpplib\cpp_ws.l(rwstdexcept.o)
    0x080105e2   0x00000002   PAD
    0x080105e4   0x00000084   Code   RO        26362    i._ZNSt6locale7_C_initEv  C:\Keil_v5\ARM\ARMCC\bin\..\lib\cpplib\cpp_ws.l(locale.o)
    0x08010668   0x00000044   Code   RO        26364    i._ZNSt6locale7classicEv  C:\Keil_v5\ARM\ARMCC\bin\..\lib\cpplib\cpp_ws.l(locale.o)
    0x080106ac   0x00000020   Code   RO        26494    i._ZNSt6localeC1EPN4__rw15__rw_locale_impE  C:\Keil_v5\ARM\ARMCC\bin\..\lib\cpplib\cpp_ws.l(locale.o)
    0x080106cc   0x0000000c   Code   RO        26574    i._ZNSt6localeC1ERKS_  C:\Keil_v5\ARM\ARMCC\bin\..\lib\cpplib\cpp_ws.l(messages.o)
    0x080106d8   0x00000020   Code   RO        25607    i._ZNSt6localeC1Ev  C:\Keil_v5\ARM\ARMCC\bin\..\lib\cpplib\cpp_ws.l(rwstdexcept.o)
    0x080106f8   0x00000020   Code   RO        26469    i._ZNSt6localeD1Ev  C:\Keil_v5\ARM\ARMCC\bin\..\lib\cpplib\cpp_ws.l(locale.o)
    0x08010718   0x00000032   Code   RO        26372    i._ZNSt6localeaSERKS_  C:\Keil_v5\ARM\ARMCC\bin\..\lib\cpplib\cpp_ws.l(locale.o)
    0x0801074a   0x0000000e   Code   RO        25629    i._ZNSt8messagesIcED0Ev  C:\Keil_v5\ARM\ARMCC\bin\..\lib\cpplib\cpp_ws.l(rwstdexcept.o)
    0x08010758   0x00000010   Code   RO        25598    i._ZNSt8messagesIcED1Ev  C:\Keil_v5\ARM\ARMCC\bin\..\lib\cpplib\cpp_ws.l(rwstdexcept.o)
    0x08010768   0x0000000c   Code   RO        26589    i._ZNSt9exceptionC1Ev  C:\Keil_v5\ARM\ARMCC\bin\..\lib\cpplib\cpprt_w.l(exception_ctor.o)
    0x08010774   0x0000003c   Code   RO        26549    i._ZSt13__rw_get_catsv  C:\Keil_v5\ARM\ARMCC\bin\..\lib\cpplib\cpp_ws.l(messages.o)
    0x080107b0   0x00000004   Code   RO        21551    i._ZdaPv            BUILD/NUCLEO_F103RB/ARM/mbed-os/platform/mbed_retarget.o
    0x080107b4   0x00000004   Code   RO        21552    i._ZdlPv            BUILD/NUCLEO_F103RB/ARM/mbed-os/platform/mbed_retarget.o
    0x080107b8   0x00000044   Code   RO        21553    i._Znaj             BUILD/NUCLEO_F103RB/ARM/mbed-os/platform/mbed_retarget.o
    0x080107fc   0x00000044   Code   RO        21555    i._Znwj             BUILD/NUCLEO_F103RB/ARM/mbed-os/platform/mbed_retarget.o
    0x08010840   0x00000092   Code   RO        27063    i.__ARM_array_new_general  C:\Keil_v5\ARM\ARMCC\bin\..\lib\cpplib\cpprt_w.l(array_new_general.o)
    0x080108d2   0x0000000a   Code   RO         1253    i.__ARM_common_memcpy4_5  BUILD/NUCLEO_F103RB/ARM/mbed-os/components/wifi/esp8266-driver/ESP8266Interface.o
    0x080108dc   0x00000028   Code   RO        26669    i.__ARM_fpclassify  C:\Keil_v5\ARM\ARMCC\bin\..\lib\armlib\m_ws.l(fpclassify.o)
    0x08010904   0x00000004   Code   RO        21557    i.__aeabi_atexit    BUILD/NUCLEO_F103RB/ARM/mbed-os/platform/mbed_retarget.o
    0x08010908   0x00000024   Code   RO        25780    i.__aeabi_vec_ctor_nocookie_nodtor  C:\Keil_v5\ARM\ARMCC\bin\..\lib\cpplib\cpprt_w.l(aeabi_vec_ctor_nocookie_nodtor.o)
    0x0801092c   0x00000010   Code   RO        26612    i.__aeabi_vec_dtor_cookie  C:\Keil_v5\ARM\ARMCC\bin\..\lib\cpplib\cpprt_w.l(aeabi_vec_dtor_cookie.o)
    0x0801093c   0x00000014   Code   RO        26931    i.__aeabi_vec_new_cookie  C:\Keil_v5\ARM\ARMCC\bin\..\lib\cpplib\cpprt_w.l(aeabi_vec_new_cookie.o)
    0x08010950   0x000000a8   Code   RO        21561    i.__cxa_guard_acquire  BUILD/NUCLEO_F103RB/ARM/mbed-os/platform/mbed_retarget.o
    0x080109f8   0x000000a0   Code   RO        21562    i.__cxa_guard_release  BUILD/NUCLEO_F103RB/ARM/mbed-os/platform/mbed_retarget.o
    0x08010a98   0x00000006   Code   RO        25667    i.__cxa_pure_virtual  C:\Keil_v5\ARM\ARMCC\bin\..\lib\cpplib\cpprt_w.l(pure_virt.o)
    0x08010a9e   0x00000002   PAD
    0x08010aa0   0x00000018   Code   RO        27011    i.__cxa_vec_new     C:\Keil_v5\ARM\ARMCC\bin\..\lib\cpplib\cpprt_w.l(cxa_vec_new.o)
    0x08010ab8   0x000000aa   Code   RO        26671    i.__kernel_poly     C:\Keil_v5\ARM\ARMCC\bin\..\lib\armlib\m_ws.l(poly.o)
    0x08010b62   0x00000002   PAD
    0x08010b64   0x00000010   Code   RO        26655    i.__mathlib_dbl_divzero  C:\Keil_v5\ARM\ARMCC\bin\..\lib\armlib\m_ws.l(dunder.o)
    0x08010b74   0x00000004   Code   RO        26657    i.__mathlib_dbl_infnan2  C:\Keil_v5\ARM\ARMCC\bin\..\lib\armlib\m_ws.l(dunder.o)
    0x08010b78   0x0000000c   Code   RO        26658    i.__mathlib_dbl_invalid  C:\Keil_v5\ARM\ARMCC\bin\..\lib\armlib\m_ws.l(dunder.o)
    0x08010b84   0x0000000e   Code   RO        26659    i.__mathlib_dbl_overflow  C:\Keil_v5\ARM\ARMCC\bin\..\lib\armlib\m_ws.l(dunder.o)
    0x08010b92   0x00000002   PAD
    0x08010b94   0x00000010   Code   RO        26661    i.__mathlib_dbl_underflow  C:\Keil_v5\ARM\ARMCC\bin\..\lib\armlib\m_ws.l(dunder.o)
    0x08010ba4   0x00000010   Code   RO        26961    i.__mathlib_narrow  C:\Keil_v5\ARM\ARMCC\bin\..\lib\armlib\m_ws.l(narrow.o)
    0x08010bb4   0x000000bc   Code   RO        26962    i.__mathlib_tofloat  C:\Keil_v5\ARM\ARMCC\bin\..\lib\armlib\m_ws.l(narrow.o)
    0x08010c70   0x00000054   Code   RO        22035    i.__rt_entry        BUILD/NUCLEO_F103RB/ARM/mbed-os/rtos/TARGET_CORTEX/TOOLCHAIN_ARM_STD/mbed_boot_arm_std.o
    0x08010cc4   0x00000010   Code   RO        26373    i.__sti___10_locale_cpp_ff99fc7b  C:\Keil_v5\ARM\ARMCC\bin\..\lib\cpplib\cpp_ws.l(locale.o)
    0x08010cd4   0x00000038   Code   RO        26841    i.__sti___10_rwcats_cpp_64e8068e  C:\Keil_v5\ARM\ARMCC\bin\..\lib\cpplib\cpp_ws.l(rwcats.o)
    0x08010d0c   0x000000e8   Code   RO           41    i.__sti___12_GSM_MQTT_cpp_bae83271  BUILD/NUCLEO_F103RB/ARM/GSM_MQTT/GSM_MQTT.o
    0x08010df4   0x00000034   Code   RO         2122    i.__sti___7_SPI_cpp_ab1f1164  BUILD/NUCLEO_F103RB/ARM/mbed-os/drivers/SPI.o
    0x08010e28   0x00000010   Code   RO        26109    i.__sti___8_char_cpp_a3dc957a  C:\Keil_v5\ARM\ARMCC\bin\..\lib\cpplib\cpp_ws.l(char.o)
    0x08010e38   0x000001c8   Code   RO          295    i.__sti___8_main_cpp_lcd  BUILD/NUCLEO_F103RB/ARM/main.o
    0x08011000   0x00000016   Code   RO        27083    i.__support_ldexp   C:\Keil_v5\ARM\ARMCC\bin\..\lib\armlib\m_ws.l(ldexp.o)
    0x08011016   0x00000002   PAD
    0x08011018   0x00000068   Code   RO        22036    i.__user_perthread_libspace  BUILD/NUCLEO_F103RB/ARM/mbed-os/rtos/TARGET_CORTEX/TOOLCHAIN_ARM_STD/mbed_boot_arm_std.o
    0x08011080   0x0000000e   Code   RO        25243    i._is_digit         C:\Keil_v5\ARM\ARMCC\bin\..\lib\armlib\c_w.l(__printf_wp.o)
    0x0801108e   0x00000002   PAD
    0x08011090   0x00000034   Code   RO        22037    i._mutex_acquire    BUILD/NUCLEO_F103RB/ARM/mbed-os/rtos/TARGET_CORTEX/TOOLCHAIN_ARM_STD/mbed_boot_arm_std.o
    0x080110c4   0x0000008c   Code   RO        22038    i._mutex_free       BUILD/NUCLEO_F103RB/ARM/mbed-os/rtos/TARGET_CORTEX/TOOLCHAIN_ARM_STD/mbed_boot_arm_std.o
    0x08011150   0x000000b8   Code   RO        22039    i._mutex_initialize  BUILD/NUCLEO_F103RB/ARM/mbed-os/rtos/TARGET_CORTEX/TOOLCHAIN_ARM_STD/mbed_boot_arm_std.o
    0x08011208   0x0000002c   Code   RO        22040    i._mutex_release    BUILD/NUCLEO_F103RB/ARM/mbed-os/rtos/TARGET_CORTEX/TOOLCHAIN_ARM_STD/mbed_boot_arm_std.o
    0x08011234   0x00000004   Code   RO        22324    i._platform_post_stackheap_init  BUILD/NUCLEO_F103RB/ARM/mbed-os/rtos/TARGET_CORTEX/rtx5/RTX/Source/rtx_lib.o
    0x08011238   0x00000040   Code   RO        21565    i._sys_close        BUILD/NUCLEO_F103RB/ARM/mbed-os/platform/mbed_retarget.o
    0x08011278   0x00000030   Code   RO        21568    i._sys_flen         BUILD/NUCLEO_F103RB/ARM/mbed-os/platform/mbed_retarget.o
    0x080112a8   0x0000002e   Code   RO        21569    i._sys_istty        BUILD/NUCLEO_F103RB/ARM/mbed-os/platform/mbed_retarget.o
    0x080112d6   0x00000002   PAD
    0x080112d8   0x00000098   Code   RO        21570    i._sys_open         BUILD/NUCLEO_F103RB/ARM/mbed-os/platform/mbed_retarget.o
    0x08011370   0x00000036   Code   RO        21572    i._sys_seek         BUILD/NUCLEO_F103RB/ARM/mbed-os/platform/mbed_retarget.o
    0x080113a6   0x00000002   PAD
    0x080113a8   0x00000068   Code   RO        21573    i._sys_write        BUILD/NUCLEO_F103RB/ARM/mbed-os/platform/mbed_retarget.o
    0x08011410   0x000000ac   Code   RO        22905    i.adc_read          BUILD/NUCLEO_F103RB/ARM/mbed-os/targets/TARGET_STM/TARGET_STM32F1/analogin_device.o
    0x080114bc   0x0000017c   Code   RO        22906    i.analogin_init     BUILD/NUCLEO_F103RB/ARM/mbed-os/targets/TARGET_STM/TARGET_STM32F1/analogin_device.o
    0x08011638   0x00000018   Code   RO        24691    i.analogin_read     BUILD/NUCLEO_F103RB/ARM/mbed-os/targets/TARGET_STM/analogin_api.o
    0x08011650   0x00000138   Code   RO        24715    i.can_irq           BUILD/NUCLEO_F103RB/ARM/mbed-os/targets/TARGET_STM/can_api.o
    0x08011788   0x0000000c   Code   RO        21378    i.core_util_are_interrupts_enabled  BUILD/NUCLEO_F103RB/ARM/mbed-os/platform/mbed_critical.o
    0x08011794   0x00000014   Code   RO        21384    i.core_util_atomic_decr_u16  BUILD/NUCLEO_F103RB/ARM/mbed-os/platform/mbed_critical.o
    0x080117a8   0x0000001a   Code   RO        21388    i.core_util_atomic_flag_test_and_set  BUILD/NUCLEO_F103RB/ARM/mbed-os/platform/mbed_critical.o
    0x080117c2   0x00000014   Code   RO        21390    i.core_util_atomic_incr_u16  BUILD/NUCLEO_F103RB/ARM/mbed-os/platform/mbed_critical.o
    0x080117d6   0x00000002   PAD
    0x080117d8   0x00000080   Code   RO        21393    i.core_util_critical_section_enter  BUILD/NUCLEO_F103RB/ARM/mbed-os/platform/mbed_critical.o
    0x08011858   0x00000020   Code   RO        21394    i.core_util_critical_section_exit  BUILD/NUCLEO_F103RB/ARM/mbed-os/platform/mbed_critical.o
    0x08011878   0x0000000c   Code   RO        21396    i.core_util_is_isr_active  BUILD/NUCLEO_F103RB/ARM/mbed-os/platform/mbed_critical.o
    0x08011884   0x00000018   Code   RO        24984    i.debug             BUILD/NUCLEO_F103RB/ARM/mbed-os/targets/TARGET_STM/serial_api.o
    0x0801189c   0x00000044   Code   RO        19827    i.disk_initialize   BUILD/NUCLEO_F103RB/ARM/mbed-os/features/storage/filesystem/fat/FATFileSystem.o
    0x080118e0   0x00000134   Code   RO        19828    i.disk_ioctl        BUILD/NUCLEO_F103RB/ARM/mbed-os/features/storage/filesystem/fat/FATFileSystem.o
    0x08011a14   0x00000078   Code   RO        19829    i.disk_read         BUILD/NUCLEO_F103RB/ARM/mbed-os/features/storage/filesystem/fat/FATFileSystem.o
    0x08011a8c   0x0000002c   Code   RO        19830    i.disk_status       BUILD/NUCLEO_F103RB/ARM/mbed-os/features/storage/filesystem/fat/FATFileSystem.o
    0x08011ab8   0x0000009c   Code   RO        19831    i.disk_write        BUILD/NUCLEO_F103RB/ARM/mbed-os/features/storage/filesystem/fat/FATFileSystem.o
    0x08011b54   0x0000008c   Code   RO         2729    i.equeue_alloc      BUILD/NUCLEO_F103RB/ARM/mbed-os/events/equeue/equeue.o
    0x08011be0   0x00000080   Code   RO         2739    i.equeue_create     BUILD/NUCLEO_F103RB/ARM/mbed-os/events/equeue/equeue.o
    0x08011c60   0x00000060   Code   RO         2740    i.equeue_create_inplace  BUILD/NUCLEO_F103RB/ARM/mbed-os/events/equeue/equeue.o
    0x08011cc0   0x0000005e   Code   RO         2742    i.equeue_destroy    BUILD/NUCLEO_F103RB/ARM/mbed-os/events/equeue/equeue.o
    0x08011d1e   0x00000002   PAD
    0x08011d20   0x0000025c   Code   RO         2743    i.equeue_dispatch   BUILD/NUCLEO_F103RB/ARM/mbed-os/events/equeue/equeue.o
    0x08011f7c   0x000000b8   Code   RO         2744    i.equeue_enqueue    BUILD/NUCLEO_F103RB/ARM/mbed-os/events/equeue/equeue.o
    0x08012034   0x00000006   Code   RO         2745    i.equeue_event_delay  BUILD/NUCLEO_F103RB/ARM/mbed-os/events/equeue/equeue.o
    0x0801203a   0x00000006   Code   RO         2746    i.equeue_event_dtor  BUILD/NUCLEO_F103RB/ARM/mbed-os/events/equeue/equeue.o
    0x08012040   0x00000006   Code   RO         2747    i.equeue_event_period  BUILD/NUCLEO_F103RB/ARM/mbed-os/events/equeue/equeue.o
    0x08012046   0x00000004   Code   RO         2775    i.equeue_mutex_create  BUILD/NUCLEO_F103RB/ARM/mbed-os/events/equeue/equeue_mbed.o
    0x0801204a   0x00000002   Code   RO         2776    i.equeue_mutex_destroy  BUILD/NUCLEO_F103RB/ARM/mbed-os/events/equeue/equeue_mbed.o
    0x0801204c   0x00000004   Code   RO         2777    i.equeue_mutex_lock  BUILD/NUCLEO_F103RB/ARM/mbed-os/events/equeue/equeue_mbed.o
    0x08012050   0x00000004   Code   RO         2778    i.equeue_mutex_unlock  BUILD/NUCLEO_F103RB/ARM/mbed-os/events/equeue/equeue_mbed.o
    0x08012054   0x0000002e   Code   RO         2748    i.equeue_post       BUILD/NUCLEO_F103RB/ARM/mbed-os/events/equeue/equeue.o
    0x08012082   0x0000002a   Code   RO         2779    i.equeue_sema_create  BUILD/NUCLEO_F103RB/ARM/mbed-os/events/equeue/equeue_mbed.o
    0x080120ac   0x00000006   Code   RO         2780    i.equeue_sema_destroy  BUILD/NUCLEO_F103RB/ARM/mbed-os/events/equeue/equeue_mbed.o
    0x080120b2   0x00000008   Code   RO         2781    i.equeue_sema_signal  BUILD/NUCLEO_F103RB/ARM/mbed-os/events/equeue/equeue_mbed.o
    0x080120ba   0x0000001e   Code   RO         2782    i.equeue_sema_wait  BUILD/NUCLEO_F103RB/ARM/mbed-os/events/equeue/equeue_mbed.o
    0x080120d8   0x00000004   Code   RO         2783    i.equeue_tick       BUILD/NUCLEO_F103RB/ARM/mbed-os/events/equeue/equeue_mbed.o
    0x080120dc   0x00000084   Code   RO        21423    i.error             BUILD/NUCLEO_F103RB/ARM/mbed-os/platform/mbed_error.o
    0x08012160   0x00000064   Code   RO        21577    i.exit              BUILD/NUCLEO_F103RB/ARM/mbed-os/platform/mbed_retarget.o
    0x080121c4   0x00000020   Code   RO        19682    i.f_close           BUILD/NUCLEO_F103RB/ARM/mbed-os/features/storage/filesystem/fat/ChaN/ff.o
    0x080121e4   0x0000014c   Code   RO        19685    i.f_lseek           BUILD/NUCLEO_F103RB/ARM/mbed-os/features/storage/filesystem/fat/ChaN/ff.o
    0x08012330   0x00000084   Code   RO        19688    i.f_mount           BUILD/NUCLEO_F103RB/ARM/mbed-os/features/storage/filesystem/fat/ChaN/ff.o
    0x080123b4   0x00000250   Code   RO        19689    i.f_open            BUILD/NUCLEO_F103RB/ARM/mbed-os/features/storage/filesystem/fat/ChaN/ff.o
    0x08012604   0x0000008c   Code   RO        19695    i.f_sync            BUILD/NUCLEO_F103RB/ARM/mbed-os/features/storage/filesystem/fat/ChaN/ff.o
    0x08012690   0x0000026c   Code   RO        19698    i.f_write           BUILD/NUCLEO_F103RB/ARM/mbed-os/features/storage/filesystem/fat/ChaN/ff.o
    0x080128fc   0x00000004   Code   RO        19832    i.ff_memalloc       BUILD/NUCLEO_F103RB/ARM/mbed-os/features/storage/filesystem/fat/FATFileSystem.o
    0x08012900   0x00000004   Code   RO        19833    i.ff_memfree        BUILD/NUCLEO_F103RB/ARM/mbed-os/features/storage/filesystem/fat/FATFileSystem.o
    0x08012904   0x00000030   Code   RO        19778    i.ff_oem2uni        BUILD/NUCLEO_F103RB/ARM/mbed-os/features/storage/filesystem/fat/ChaN/ffunicode.o
    0x08012934   0x00000040   Code   RO        19779    i.ff_uni2oem        BUILD/NUCLEO_F103RB/ARM/mbed-os/features/storage/filesystem/fat/ChaN/ffunicode.o
    0x08012974   0x000000a0   Code   RO        19780    i.ff_wtoupper       BUILD/NUCLEO_F103RB/ARM/mbed-os/features/storage/filesystem/fat/ChaN/ffunicode.o
    0x08012a14   0x0000001a   Code   RO        25285    i.fputc             C:\Keil_v5\ARM\ARMCC\bin\..\lib\armlib\c_w.l(fputc.o)
    0x08012a2e   0x00000002   PAD
    0x08012a30   0x00000058   Code   RO        27040    i.frexp             C:\Keil_v5\ARM\ARMCC\bin\..\lib\armlib\m_ws.l(frexp.o)
    0x08012a88   0x00000040   Code   RO        19834    i.get_fattime       BUILD/NUCLEO_F103RB/ARM/mbed-os/features/storage/filesystem/fat/FATFileSystem.o
    0x08012ac8   0x0000002e   Code   RO        24985    i.get_uart_index    BUILD/NUCLEO_F103RB/ARM/mbed-os/targets/TARGET_STM/serial_api.o
    0x08012af6   0x00000002   PAD
    0x08012af8   0x00000008   Code   RO        20930    i.get_us_ticker_data  BUILD/NUCLEO_F103RB/ARM/mbed-os/hal/mbed_us_ticker_api.o
    0x08012b00   0x00000066   Code   RO        24764    i.gpio_dir          BUILD/NUCLEO_F103RB/ARM/mbed-os/targets/TARGET_STM/gpio_api.o
    0x08012b66   0x00000002   PAD
    0x08012b68   0x00000054   Code   RO        24754    i.gpio_init         BUILD/NUCLEO_F103RB/ARM/mbed-os/targets/TARGET_STM/gpio_api.o
    0x08012bbc   0x0000002e   Code   RO        20853    i.gpio_init_out     BUILD/NUCLEO_F103RB/ARM/mbed-os/hal/mbed_gpio.o
    0x08012bea   0x0000003a   Code   RO        20854    i.gpio_init_out_ex  BUILD/NUCLEO_F103RB/ARM/mbed-os/hal/mbed_gpio.o
    0x08012c24   0x00000008   Code   RO        24755    i.gpio_mode         BUILD/NUCLEO_F103RB/ARM/mbed-os/targets/TARGET_STM/gpio_api.o
    0x08012c2c   0x00000020   Code   RO        20829    i.hal_critical_section_enter  BUILD/NUCLEO_F103RB/ARM/mbed-os/hal/mbed_critical_section_api.o
    0x08012c4c   0x00000078   Code   RO        20830    i.hal_critical_section_exit  BUILD/NUCLEO_F103RB/ARM/mbed-os/hal/mbed_critical_section_api.o
    0x08012cc4   0x00000128   Code   RO        25016    i.hal_deepsleep     BUILD/NUCLEO_F103RB/ARM/mbed-os/targets/TARGET_STM/sleep.o
    0x08012dec   0x00000016   Code   RO        25017    i.hal_sleep         BUILD/NUCLEO_F103RB/ARM/mbed-os/targets/TARGET_STM/sleep.o
    0x08012e02   0x00000002   PAD
    0x08012e04   0x000000c4   Code   RO        21424    i.handle_error      BUILD/NUCLEO_F103RB/ARM/mbed-os/platform/mbed_error.o
    0x08012ec8   0x000000b0   Code   RO        25065    i.init_16bit_timer  BUILD/NUCLEO_F103RB/ARM/mbed-os/targets/TARGET_STM/us_ticker.o
    0x08012f78   0x00000048   Code   RO        25026    i.init_spi          BUILD/NUCLEO_F103RB/ARM/mbed-os/targets/TARGET_STM/stm_spi_api.o
    0x08012fc0   0x00000058   Code   RO        24986    i.init_uart         BUILD/NUCLEO_F103RB/ARM/mbed-os/targets/TARGET_STM/serial_api.o
    0x08013018   0x00000124   Code   RO        20897    i.initialize        BUILD/NUCLEO_F103RB/ARM/mbed-os/hal/mbed_ticker_api.o
    0x0801313c   0x00000074   Code   RO        27084    i.ldexp             C:\Keil_v5\ARM\ARMCC\bin\..\lib\armlib\m_ws.l(ldexp.o)
    0x080131b0   0x00000230   Code   RO          296    i.main              BUILD/NUCLEO_F103RB/ARM/main.o
    0x080133e0   0x00000020   Code   RO        21356    i.mbed_assert_internal  BUILD/NUCLEO_F103RB/ARM/mbed-os/platform/mbed_assert.o
    0x08013400   0x00000060   Code   RO        21361    i.mbed_die          BUILD/NUCLEO_F103RB/ARM/mbed-os/platform/mbed_board.o
    0x08013460   0x00000068   Code   RO        21426    i.mbed_error        BUILD/NUCLEO_F103RB/ARM/mbed-os/platform/mbed_error.o
    0x080134c8   0x00000004   Code   RO        21427    i.mbed_error_initialize  BUILD/NUCLEO_F103RB/ARM/mbed-os/platform/mbed_error.o
    0x080134cc   0x00000054   Code   RO        21362    i.mbed_error_printf  BUILD/NUCLEO_F103RB/ARM/mbed-os/platform/mbed_board.o
    0x08013520   0x00000020   Code   RO        21363    i.mbed_error_puts   BUILD/NUCLEO_F103RB/ARM/mbed-os/platform/mbed_board.o
    0x08013540   0x0000004c   Code   RO        21365    i.mbed_error_vprintf  BUILD/NUCLEO_F103RB/ARM/mbed-os/platform/mbed_board.o
    0x0801358c   0x00000110   Code   RO          368    i.mbed_fault_handler  BUILD/NUCLEO_F103RB/ARM/mbed-os/cmsis/TARGET_CORTEX_M/mbed_fault_handler.o
    0x0801369c   0x00000024   Code   RO        22058    i.mbed_init         BUILD/NUCLEO_F103RB/ARM/mbed-os/rtos/TARGET_CORTEX/mbed_boot.o
    0x080136c0   0x00000002   Code   RO        22059    i.mbed_main         BUILD/NUCLEO_F103RB/ARM/mbed-os/rtos/TARGET_CORTEX/mbed_boot.o
    0x080136c2   0x00000004   Code   RO        22076    i.mbed_rtos_init    BUILD/NUCLEO_F103RB/ARM/mbed-os/rtos/TARGET_CORTEX/mbed_rtos_rtx.o
    0x080136c6   0x00000002   PAD
    0x080136c8   0x000000d4   Code   RO        22077    i.mbed_rtos_start   BUILD/NUCLEO_F103RB/ARM/mbed-os/rtos/TARGET_CORTEX/mbed_rtos_rtx.o
    0x0801379c   0x00000020   Code   RO        24899    i.mbed_sdk_init     BUILD/NUCLEO_F103RB/ARM/mbed-os/targets/TARGET_STM/mbed_overrides.o
    0x080137bc   0x00000016   Code   RO        22061    i.mbed_start        BUILD/NUCLEO_F103RB/ARM/mbed-os/rtos/TARGET_CORTEX/mbed_boot.o
    0x080137d2   0x00000002   PAD
    0x080137d4   0x00000018   Code   RO        22041    i.mbed_toolchain_init  BUILD/NUCLEO_F103RB/ARM/mbed-os/rtos/TARGET_CORTEX/TOOLCHAIN_ARM_STD/mbed_boot_arm_std.o
    0x080137ec   0x00000014   Code   RO        21439    i.mbed_warning      BUILD/NUCLEO_F103RB/ARM/mbed-os/platform/mbed_error.o
    0x08013800   0x00000118   Code   RO        21585    i.open              BUILD/NUCLEO_F103RB/ARM/mbed-os/platform/mbed_retarget.o
    0x08013918   0x00000030   Code   RO        22179    i.osDelay           BUILD/NUCLEO_F103RB/ARM/mbed-os/rtos/TARGET_CORTEX/rtx5/RTX/Source/rtx_delay.o
    0x08013948   0x00000030   Code   RO        22196    i.osEventFlagsDelete  BUILD/NUCLEO_F103RB/ARM/mbed-os/rtos/TARGET_CORTEX/rtx5/RTX/Source/rtx_evflags.o
    0x08013978   0x00000030   Code   RO        22199    i.osEventFlagsNew   BUILD/NUCLEO_F103RB/ARM/mbed-os/rtos/TARGET_CORTEX/rtx5/RTX/Source/rtx_evflags.o
    0x080139a8   0x00000054   Code   RO        22200    i.osEventFlagsSet   BUILD/NUCLEO_F103RB/ARM/mbed-os/rtos/TARGET_CORTEX/rtx5/RTX/Source/rtx_evflags.o
    0x080139fc   0x00000090   Code   RO        22201    i.osEventFlagsWait  BUILD/NUCLEO_F103RB/ARM/mbed-os/rtos/TARGET_CORTEX/rtx5/RTX/Source/rtx_evflags.o
    0x08013a8c   0x00000034   Code   RO        22260    i.osKernelGetState  BUILD/NUCLEO_F103RB/ARM/mbed-os/rtos/TARGET_CORTEX/rtx5/RTX/Source/rtx_kernel.o
    0x08013ac0   0x00000028   Code   RO        22263    i.osKernelGetTickCount  BUILD/NUCLEO_F103RB/ARM/mbed-os/rtos/TARGET_CORTEX/rtx5/RTX/Source/rtx_kernel.o
    0x08013ae8   0x00000034   Code   RO        22265    i.osKernelInitialize  BUILD/NUCLEO_F103RB/ARM/mbed-os/rtos/TARGET_CORTEX/rtx5/RTX/Source/rtx_kernel.o
    0x08013b1c   0x00000030   Code   RO        22269    i.osKernelStart     BUILD/NUCLEO_F103RB/ARM/mbed-os/rtos/TARGET_CORTEX/rtx5/RTX/Source/rtx_kernel.o
    0x08013b4c   0x000000a8   Code   RO        22418    i.osMessageQueueGet  BUILD/NUCLEO_F103RB/ARM/mbed-os/rtos/TARGET_CORTEX/rtx5/RTX/Source/rtx_msgqueue.o
    0x08013bf4   0x00000030   Code   RO        22424    i.osMessageQueueNew  BUILD/NUCLEO_F103RB/ARM/mbed-os/rtos/TARGET_CORTEX/rtx5/RTX/Source/rtx_msgqueue.o
    0x08013c24   0x00000094   Code   RO        22425    i.osMessageQueuePut  BUILD/NUCLEO_F103RB/ARM/mbed-os/rtos/TARGET_CORTEX/rtx5/RTX/Source/rtx_msgqueue.o
    0x08013cb8   0x00000030   Code   RO        22468    i.osMutexAcquire    BUILD/NUCLEO_F103RB/ARM/mbed-os/rtos/TARGET_CORTEX/rtx5/RTX/Source/rtx_mutex.o
    0x08013ce8   0x00000030   Code   RO        22469    i.osMutexDelete     BUILD/NUCLEO_F103RB/ARM/mbed-os/rtos/TARGET_CORTEX/rtx5/RTX/Source/rtx_mutex.o
    0x08013d18   0x00000030   Code   RO        22472    i.osMutexNew        BUILD/NUCLEO_F103RB/ARM/mbed-os/rtos/TARGET_CORTEX/rtx5/RTX/Source/rtx_mutex.o
    0x08013d48   0x00000030   Code   RO        22473    i.osMutexRelease    BUILD/NUCLEO_F103RB/ARM/mbed-os/rtos/TARGET_CORTEX/rtx5/RTX/Source/rtx_mutex.o
    0x08013d78   0x0000019c   Code   RO        22090    i.osRtxErrorNotify  BUILD/NUCLEO_F103RB/ARM/mbed-os/rtos/TARGET_CORTEX/mbed_rtx_handlers.o
    0x08013f14   0x0000006a   Code   RO        22202    i.osRtxEventFlagsPostProcess  BUILD/NUCLEO_F103RB/ARM/mbed-os/rtos/TARGET_CORTEX/rtx5/RTX/Source/rtx_evflags.o
    0x08013f7e   0x00000004   Code   RO        22091    i.osRtxIdleThread   BUILD/NUCLEO_F103RB/ARM/mbed-os/rtos/TARGET_CORTEX/mbed_rtx_handlers.o
    0x08013f82   0x00000002   Code   RO        22325    i.osRtxKernelPreInit  BUILD/NUCLEO_F103RB/ARM/mbed-os/rtos/TARGET_CORTEX/rtx5/RTX/Source/rtx_lib.o
    0x08013f84   0x0000008a   Code   RO        22350    i.osRtxMemoryAlloc  BUILD/NUCLEO_F103RB/ARM/mbed-os/rtos/TARGET_CORTEX/rtx5/RTX/Source/rtx_memory.o
    0x0801400e   0x00000046   Code   RO        22351    i.osRtxMemoryFree   BUILD/NUCLEO_F103RB/ARM/mbed-os/rtos/TARGET_CORTEX/rtx5/RTX/Source/rtx_memory.o
    0x08014054   0x00000034   Code   RO        22352    i.osRtxMemoryInit   BUILD/NUCLEO_F103RB/ARM/mbed-os/rtos/TARGET_CORTEX/rtx5/RTX/Source/rtx_memory.o
    0x08014088   0x0000001e   Code   RO        22373    i.osRtxMemoryPoolAlloc  BUILD/NUCLEO_F103RB/ARM/mbed-os/rtos/TARGET_CORTEX/rtx5/RTX/Source/rtx_mempool.o
    0x080140a6   0x0000002a   Code   RO        22374    i.osRtxMemoryPoolFree  BUILD/NUCLEO_F103RB/ARM/mbed-os/rtos/TARGET_CORTEX/rtx5/RTX/Source/rtx_mempool.o
    0x080140d0   0x00000060   Code   RO        22375    i.osRtxMemoryPoolInit  BUILD/NUCLEO_F103RB/ARM/mbed-os/rtos/TARGET_CORTEX/rtx5/RTX/Source/rtx_mempool.o
    0x08014130   0x000000e8   Code   RO        22427    i.osRtxMessageQueuePostProcess  BUILD/NUCLEO_F103RB/ARM/mbed-os/rtos/TARGET_CORTEX/rtx5/RTX/Source/rtx_msgqueue.o
    0x08014218   0x00000048   Code   RO        22474    i.osRtxMutexOwnerRelease  BUILD/NUCLEO_F103RB/ARM/mbed-os/rtos/TARGET_CORTEX/rtx5/RTX/Source/rtx_mutex.o
    0x08014260   0x00000060   Code   RO        22536    i.osRtxPendSV_Handler  BUILD/NUCLEO_F103RB/ARM/mbed-os/rtos/TARGET_CORTEX/rtx5/RTX/Source/rtx_system.o
    0x080142c0   0x00000054   Code   RO        22537    i.osRtxPostProcess  BUILD/NUCLEO_F103RB/ARM/mbed-os/rtos/TARGET_CORTEX/rtx5/RTX/Source/rtx_system.o
    0x08014314   0x00000080   Code   RO        22550    i.osRtxThreadDelayRemove  BUILD/NUCLEO_F103RB/ARM/mbed-os/rtos/TARGET_CORTEX/rtx5/RTX/Source/rtx_thread.o
    0x08014394   0x00000078   Code   RO        22551    i.osRtxThreadDelayTick  BUILD/NUCLEO_F103RB/ARM/mbed-os/rtos/TARGET_CORTEX/rtx5/RTX/Source/rtx_thread.o
    0x0801440c   0x000000f0   Code   RO        22552    i.osRtxThreadDispatch  BUILD/NUCLEO_F103RB/ARM/mbed-os/rtos/TARGET_CORTEX/rtx5/RTX/Source/rtx_thread.o
    0x080144fc   0x00000058   Code   RO        22553    i.osRtxThreadFree   BUILD/NUCLEO_F103RB/ARM/mbed-os/rtos/TARGET_CORTEX/rtx5/RTX/Source/rtx_thread.o
    0x08014554   0x0000001c   Code   RO        22554    i.osRtxThreadListGet  BUILD/NUCLEO_F103RB/ARM/mbed-os/rtos/TARGET_CORTEX/rtx5/RTX/Source/rtx_thread.o
    0x08014570   0x00000028   Code   RO        22555    i.osRtxThreadListPut  BUILD/NUCLEO_F103RB/ARM/mbed-os/rtos/TARGET_CORTEX/rtx5/RTX/Source/rtx_thread.o
    0x08014598   0x0000001c   Code   RO        22556    i.osRtxThreadListRemove  BUILD/NUCLEO_F103RB/ARM/mbed-os/rtos/TARGET_CORTEX/rtx5/RTX/Source/rtx_thread.o
    0x080145b4   0x00000050   Code   RO        22557    i.osRtxThreadListSort  BUILD/NUCLEO_F103RB/ARM/mbed-os/rtos/TARGET_CORTEX/rtx5/RTX/Source/rtx_thread.o
    0x08014604   0x0000005c   Code   RO        22558    i.osRtxThreadPostProcess  BUILD/NUCLEO_F103RB/ARM/mbed-os/rtos/TARGET_CORTEX/rtx5/RTX/Source/rtx_thread.o
    0x08014660   0x00000034   Code   RO        22559    i.osRtxThreadReadyPut  BUILD/NUCLEO_F103RB/ARM/mbed-os/rtos/TARGET_CORTEX/rtx5/RTX/Source/rtx_thread.o
    0x08014694   0x00000006   Code   RO        22560    i.osRtxThreadRegPtr  BUILD/NUCLEO_F103RB/ARM/mbed-os/rtos/TARGET_CORTEX/rtx5/RTX/Source/rtx_thread.o
    0x0801469a   0x00000002   PAD
    0x0801469c   0x0000002c   Code   RO        22561    i.osRtxThreadStackCheck  BUILD/NUCLEO_F103RB/ARM/mbed-os/rtos/TARGET_CORTEX/rtx5/RTX/Source/rtx_thread.o
    0x080146c8   0x0000004c   Code   RO        22562    i.osRtxThreadStartup  BUILD/NUCLEO_F103RB/ARM/mbed-os/rtos/TARGET_CORTEX/rtx5/RTX/Source/rtx_thread.o
    0x08014714   0x00000014   Code   RO        22563    i.osRtxThreadSwitch  BUILD/NUCLEO_F103RB/ARM/mbed-os/rtos/TARGET_CORTEX/rtx5/RTX/Source/rtx_thread.o
    0x08014728   0x000000ac   Code   RO        22564    i.osRtxThreadWaitEnter  BUILD/NUCLEO_F103RB/ARM/mbed-os/rtos/TARGET_CORTEX/rtx5/RTX/Source/rtx_thread.o
    0x080147d4   0x00000050   Code   RO        22565    i.osRtxThreadWaitExit  BUILD/NUCLEO_F103RB/ARM/mbed-os/rtos/TARGET_CORTEX/rtx5/RTX/Source/rtx_thread.o
    0x08014824   0x00000080   Code   RO        22538    i.osRtxTick_Handler  BUILD/NUCLEO_F103RB/ARM/mbed-os/rtos/TARGET_CORTEX/rtx5/RTX/Source/rtx_system.o
    0x080148a4   0x00000048   Code   RO        22674    i.osRtxTimerThread  BUILD/NUCLEO_F103RB/ARM/mbed-os/rtos/TARGET_CORTEX/rtx5/RTX/Source/rtx_timer.o
    0x080148ec   0x0000008c   Code   RO        22675    i.osRtxTimerTick    BUILD/NUCLEO_F103RB/ARM/mbed-os/rtos/TARGET_CORTEX/rtx5/RTX/Source/rtx_timer.o
    0x08014978   0x0000001c   Code   RO        22568    i.osThreadExit      BUILD/NUCLEO_F103RB/ARM/mbed-os/rtos/TARGET_CORTEX/rtx5/RTX/Source/rtx_thread.o
    0x08014994   0x00000030   Code   RO        22572    i.osThreadFlagsWait  BUILD/NUCLEO_F103RB/ARM/mbed-os/rtos/TARGET_CORTEX/rtx5/RTX/Source/rtx_thread.o
    0x080149c4   0x00000028   Code   RO        22574    i.osThreadGetId     BUILD/NUCLEO_F103RB/ARM/mbed-os/rtos/TARGET_CORTEX/rtx5/RTX/Source/rtx_thread.o
    0x080149ec   0x00000030   Code   RO        22581    i.osThreadNew       BUILD/NUCLEO_F103RB/ARM/mbed-os/rtos/TARGET_CORTEX/rtx5/RTX/Source/rtx_thread.o
    0x08014a1c   0x00000288   Code   RO        24908    i.pin_function      BUILD/NUCLEO_F103RB/ARM/mbed-os/targets/TARGET_STM/pinmap.o
    0x08014ca4   0x0000013c   Code   RO        24909    i.pin_mode          BUILD/NUCLEO_F103RB/ARM/mbed-os/targets/TARGET_STM/pinmap.o
    0x08014de0   0x0000006c   Code   RO        20880    i.pinmap_function   BUILD/NUCLEO_F103RB/ARM/mbed-os/hal/mbed_pinmap_common.o
    0x08014e4c   0x00000044   Code   RO        20881    i.pinmap_merge      BUILD/NUCLEO_F103RB/ARM/mbed-os/hal/mbed_pinmap_common.o
    0x08014e90   0x0000006c   Code   RO        20882    i.pinmap_peripheral  BUILD/NUCLEO_F103RB/ARM/mbed-os/hal/mbed_pinmap_common.o
    0x08014efc   0x00000068   Code   RO        20883    i.pinmap_pinout     BUILD/NUCLEO_F103RB/ARM/mbed-os/hal/mbed_pinmap_common.o
    0x08014f64   0x000009d8   Code   RO        25876    i.pow               C:\Keil_v5\ARM\ARMCC\bin\..\lib\armlib\m_ws.l(pow.o)
    0x0801593c   0x000001ac   Code   RO          370    i.print_context_info  BUILD/NUCLEO_F103RB/ARM/mbed-os/cmsis/TARGET_CORTEX_M/mbed_fault_handler.o
    0x08015ae8   0x00000210   Code   RO        21440    i.print_error_report  BUILD/NUCLEO_F103RB/ARM/mbed-os/platform/mbed_error.o
    0x08015cf8   0x00000024   Code   RO        25066    i.restore_timer_ctx  BUILD/NUCLEO_F103RB/ARM/mbed-os/targets/TARGET_STM/us_ticker.o
    0x08015d1c   0x00000120   Code   RO        24967    i.rtc_init          BUILD/NUCLEO_F103RB/ARM/mbed-os/targets/TARGET_STM/rtc_api.o
    0x08015e3c   0x00000010   Code   RO        24968    i.rtc_isenabled     BUILD/NUCLEO_F103RB/ARM/mbed-os/targets/TARGET_STM/rtc_api.o
    0x08015e4c   0x00000014   Code   RO        24969    i.rtc_read          BUILD/NUCLEO_F103RB/ARM/mbed-os/targets/TARGET_STM/rtc_api.o
    0x08015e60   0x00000040   Code   RO        24970    i.rtc_write         BUILD/NUCLEO_F103RB/ARM/mbed-os/targets/TARGET_STM/rtc_api.o
    0x08015ea0   0x0000000c   Code   RO        22108    i.rtos_idle_loop    BUILD/NUCLEO_F103RB/ARM/mbed-os/rtos/TARGET_CORTEX/mbed_rtx_idle.o
    0x08015eac   0x00000024   Code   RO        25067    i.save_timer_ctx    BUILD/NUCLEO_F103RB/ARM/mbed-os/targets/TARGET_STM/us_ticker.o
    0x08015ed0   0x00000170   Code   RO        20898    i.schedule_interrupt  BUILD/NUCLEO_F103RB/ARM/mbed-os/hal/mbed_ticker_api.o
    0x08016040   0x00000048   Code   RO        24987    i.serial_baud       BUILD/NUCLEO_F103RB/ARM/mbed-os/targets/TARGET_STM/serial_api.o
    0x08016088   0x0000002c   Code   RO        24639    i.serial_getc       BUILD/NUCLEO_F103RB/ARM/mbed-os/targets/TARGET_STM/TARGET_STM32F1/serial_device.o
    0x080160b4   0x000001f8   Code   RO        24991    i.serial_init       BUILD/NUCLEO_F103RB/ARM/mbed-os/targets/TARGET_STM/serial_api.o
    0x080162ac   0x00000018   Code   RO        24640    i.serial_irq_handler  BUILD/NUCLEO_F103RB/ARM/mbed-os/targets/TARGET_STM/TARGET_STM32F1/serial_device.o
    0x080162c4   0x0000015c   Code   RO        24641    i.serial_irq_handler_asynch  BUILD/NUCLEO_F103RB/ARM/mbed-os/targets/TARGET_STM/TARGET_STM32F1/serial_device.o
    0x08016420   0x000000f8   Code   RO        24642    i.serial_irq_set    BUILD/NUCLEO_F103RB/ARM/mbed-os/targets/TARGET_STM/TARGET_STM32F1/serial_device.o
    0x08016518   0x00000064   Code   RO        24992    i.serial_is_tx_ongoing  BUILD/NUCLEO_F103RB/ARM/mbed-os/targets/TARGET_STM/serial_api.o
    0x0801657c   0x00000034   Code   RO        24643    i.serial_putc       BUILD/NUCLEO_F103RB/ARM/mbed-os/targets/TARGET_STM/TARGET_STM32F1/serial_device.o
    0x080165b0   0x00000028   Code   RO        24994    i.serial_readable   BUILD/NUCLEO_F103RB/ARM/mbed-os/targets/TARGET_STM/serial_api.o
    0x080165d8   0x00000018   Code   RO        24995    i.serial_writable   BUILD/NUCLEO_F103RB/ARM/mbed-os/targets/TARGET_STM/serial_api.o
    0x080165f0   0x00000038   Code   RO        21815    i.set_time          BUILD/NUCLEO_F103RB/ARM/mbed-os/platform/mbed_rtc_time.o
    0x08016628   0x00000068   Code   RO        21849    i.sleep_manager_lock_deep_sleep_internal  BUILD/NUCLEO_F103RB/ARM/mbed-os/platform/mbed_sleep_manager.o
    0x08016690   0x00000024   Code   RO        21850    i.sleep_manager_sleep_auto  BUILD/NUCLEO_F103RB/ARM/mbed-os/platform/mbed_sleep_manager.o
    0x080166b4   0x00000058   Code   RO        21851    i.sleep_manager_unlock_deep_sleep_internal  BUILD/NUCLEO_F103RB/ARM/mbed-os/platform/mbed_sleep_manager.o
    0x0801670c   0x000000e0   Code   RO        25030    i.spi_format        BUILD/NUCLEO_F103RB/ARM/mbed-os/targets/TARGET_STM/stm_spi_api.o
    0x080167ec   0x0000006c   Code   RO        25032    i.spi_frequency     BUILD/NUCLEO_F103RB/ARM/mbed-os/targets/TARGET_STM/stm_spi_api.o
    0x08016858   0x00000048   Code   RO        24683    i.spi_get_clock_freq  BUILD/NUCLEO_F103RB/ARM/mbed-os/targets/TARGET_STM/TARGET_STM32F1/spi_api.o
    0x080168a0   0x000001ac   Code   RO        25033    i.spi_init          BUILD/NUCLEO_F103RB/ARM/mbed-os/targets/TARGET_STM/stm_spi_api.o
    0x08016a4c   0x0000007c   Code   RO        25060    i.spi_irq_handler_asynch  BUILD/NUCLEO_F103RB/ARM/mbed-os/targets/TARGET_STM/stm_spi_api.o
    0x08016ac8   0x000000c2   Code   RO        25034    i.spi_master_block_write  BUILD/NUCLEO_F103RB/ARM/mbed-os/targets/TARGET_STM/stm_spi_api.o
    0x08016b8a   0x00000002   PAD
    0x08016b8c   0x000000e8   Code   RO        25035    i.spi_master_start_asynch_transfer  BUILD/NUCLEO_F103RB/ARM/mbed-os/targets/TARGET_STM/stm_spi_api.o
    0x08016c74   0x000000c8   Code   RO        25036    i.spi_master_transfer  BUILD/NUCLEO_F103RB/ARM/mbed-os/targets/TARGET_STM/stm_spi_api.o
    0x08016d3c   0x00000050   Code   RO        25037    i.spi_master_write  BUILD/NUCLEO_F103RB/ARM/mbed-os/targets/TARGET_STM/stm_spi_api.o
    0x08016d8c   0x0000004c   Code   RO        26675    i.sqrt              C:\Keil_v5\ARM\ARMCC\bin\..\lib\armlib\m_ws.l(sqrt.o)
    0x08016dd8   0x000000f8   Code   RO        24910    i.stm_pin_PullConfig  BUILD/NUCLEO_F103RB/ARM/mbed-os/targets/TARGET_STM/pinmap.o
    0x08016ed0   0x00000010   Code   RO        22181    i.svcRtxDelay       BUILD/NUCLEO_F103RB/ARM/mbed-os/rtos/TARGET_CORTEX/rtx5/RTX/Source/rtx_delay.o
    0x08016ee0   0x00000068   Code   RO        22204    i.svcRtxEventFlagsDelete  BUILD/NUCLEO_F103RB/ARM/mbed-os/rtos/TARGET_CORTEX/rtx5/RTX/Source/rtx_evflags.o
    0x08016f48   0x00000080   Code   RO        22207    i.svcRtxEventFlagsNew  BUILD/NUCLEO_F103RB/ARM/mbed-os/rtos/TARGET_CORTEX/rtx5/RTX/Source/rtx_evflags.o
    0x08016fc8   0x000000a8   Code   RO        22208    i.svcRtxEventFlagsSet  BUILD/NUCLEO_F103RB/ARM/mbed-os/rtos/TARGET_CORTEX/rtx5/RTX/Source/rtx_evflags.o
    0x08017070   0x000000b8   Code   RO        22209    i.svcRtxEventFlagsWait  BUILD/NUCLEO_F103RB/ARM/mbed-os/rtos/TARGET_CORTEX/rtx5/RTX/Source/rtx_evflags.o
    0x08017128   0x0000000c   Code   RO        22274    i.svcRtxKernelGetState  BUILD/NUCLEO_F103RB/ARM/mbed-os/rtos/TARGET_CORTEX/rtx5/RTX/Source/rtx_kernel.o
    0x08017134   0x0000000c   Code   RO        22277    i.svcRtxKernelGetTickCount  BUILD/NUCLEO_F103RB/ARM/mbed-os/rtos/TARGET_CORTEX/rtx5/RTX/Source/rtx_kernel.o
    0x08017140   0x00000188   Code   RO        22279    i.svcRtxKernelInitialize  BUILD/NUCLEO_F103RB/ARM/mbed-os/rtos/TARGET_CORTEX/rtx5/RTX/Source/rtx_kernel.o
    0x080172c8   0x000000b0   Code   RO        22283    i.svcRtxKernelStart  BUILD/NUCLEO_F103RB/ARM/mbed-os/rtos/TARGET_CORTEX/rtx5/RTX/Source/rtx_kernel.o
    0x08017378   0x0000011c   Code   RO        22429    i.svcRtxMessageQueueGet  BUILD/NUCLEO_F103RB/ARM/mbed-os/rtos/TARGET_CORTEX/rtx5/RTX/Source/rtx_msgqueue.o
    0x08017494   0x0000014c   Code   RO        22435    i.svcRtxMessageQueueNew  BUILD/NUCLEO_F103RB/ARM/mbed-os/rtos/TARGET_CORTEX/rtx5/RTX/Source/rtx_msgqueue.o
    0x080175e0   0x000000c8   Code   RO        22436    i.svcRtxMessageQueuePut  BUILD/NUCLEO_F103RB/ARM/mbed-os/rtos/TARGET_CORTEX/rtx5/RTX/Source/rtx_msgqueue.o
    0x080176a8   0x000000c4   Code   RO        22475    i.svcRtxMutexAcquire  BUILD/NUCLEO_F103RB/ARM/mbed-os/rtos/TARGET_CORTEX/rtx5/RTX/Source/rtx_mutex.o
    0x0801776c   0x000000c0   Code   RO        22476    i.svcRtxMutexDelete  BUILD/NUCLEO_F103RB/ARM/mbed-os/rtos/TARGET_CORTEX/rtx5/RTX/Source/rtx_mutex.o
    0x0801782c   0x00000084   Code   RO        22479    i.svcRtxMutexNew    BUILD/NUCLEO_F103RB/ARM/mbed-os/rtos/TARGET_CORTEX/rtx5/RTX/Source/rtx_mutex.o
    0x080178b0   0x000000dc   Code   RO        22480    i.svcRtxMutexRelease  BUILD/NUCLEO_F103RB/ARM/mbed-os/rtos/TARGET_CORTEX/rtx5/RTX/Source/rtx_mutex.o
    0x0801798c   0x00000088   Code   RO        22589    i.svcRtxThreadExit  BUILD/NUCLEO_F103RB/ARM/mbed-os/rtos/TARGET_CORTEX/rtx5/RTX/Source/rtx_thread.o
    0x08017a14   0x000000a4   Code   RO        22593    i.svcRtxThreadFlagsWait  BUILD/NUCLEO_F103RB/ARM/mbed-os/rtos/TARGET_CORTEX/rtx5/RTX/Source/rtx_thread.o
    0x08017ab8   0x0000000c   Code   RO        22595    i.svcRtxThreadGetId  BUILD/NUCLEO_F103RB/ARM/mbed-os/rtos/TARGET_CORTEX/rtx5/RTX/Source/rtx_thread.o
    0x08017ac4   0x00000220   Code   RO        22602    i.svcRtxThreadNew   BUILD/NUCLEO_F103RB/ARM/mbed-os/rtos/TARGET_CORTEX/rtx5/RTX/Source/rtx_thread.o
    0x08017ce4   0x00000070   Code   RO        20901    i.ticker_insert_event_us  BUILD/NUCLEO_F103RB/ARM/mbed-os/hal/mbed_ticker_api.o
    0x08017d54   0x00000072   Code   RO        20902    i.ticker_irq_handler  BUILD/NUCLEO_F103RB/ARM/mbed-os/hal/mbed_ticker_api.o
    0x08017dc6   0x0000001e   Code   RO        20903    i.ticker_read       BUILD/NUCLEO_F103RB/ARM/mbed-os/hal/mbed_ticker_api.o
    0x08017de4   0x00000024   Code   RO        20904    i.ticker_read_us    BUILD/NUCLEO_F103RB/ARM/mbed-os/hal/mbed_ticker_api.o
    0x08017e08   0x00000038   Code   RO        20905    i.ticker_remove_event  BUILD/NUCLEO_F103RB/ARM/mbed-os/hal/mbed_ticker_api.o
    0x08017e40   0x0000001a   Code   RO        20907    i.ticker_set_handler  BUILD/NUCLEO_F103RB/ARM/mbed-os/hal/mbed_ticker_api.o
    0x08017e5a   0x00000002   PAD
    0x08017e5c   0x00000068   Code   RO        21816    i.time              BUILD/NUCLEO_F103RB/ARM/mbed-os/platform/mbed_rtc_time.o
    0x08017ec4   0x00000028   Code   RO        25068    i.timer_irq_handler  BUILD/NUCLEO_F103RB/ARM/mbed-os/targets/TARGET_STM/us_ticker.o
    0x08017eec   0x0000000c   Code   RO        24651    i.uart1_irq         BUILD/NUCLEO_F103RB/ARM/mbed-os/targets/TARGET_STM/TARGET_STM32F1/serial_device.o
    0x08017ef8   0x0000000c   Code   RO        24652    i.uart2_irq         BUILD/NUCLEO_F103RB/ARM/mbed-os/targets/TARGET_STM/TARGET_STM32F1/serial_device.o
    0x08017f04   0x0000000c   Code   RO        24653    i.uart3_irq         BUILD/NUCLEO_F103RB/ARM/mbed-os/targets/TARGET_STM/TARGET_STM32F1/serial_device.o
    0x08017f10   0x00000074   Code   RO        24654    i.uart_irq          BUILD/NUCLEO_F103RB/ARM/mbed-os/targets/TARGET_STM/TARGET_STM32F1/serial_device.o
    0x08017f84   0x0000010c   Code   RO        20909    i.update_present_time  BUILD/NUCLEO_F103RB/ARM/mbed-os/hal/mbed_ticker_api.o
    0x08018090   0x00000010   Code   RO        25069    i.us_ticker_clear_interrupt  BUILD/NUCLEO_F103RB/ARM/mbed-os/targets/TARGET_STM/us_ticker.o
    0x080180a0   0x00000014   Code   RO        25070    i.us_ticker_disable_interrupt  BUILD/NUCLEO_F103RB/ARM/mbed-os/targets/TARGET_STM/us_ticker.o
    0x080180b4   0x00000024   Code   RO        25071    i.us_ticker_fire_interrupt  BUILD/NUCLEO_F103RB/ARM/mbed-os/targets/TARGET_STM/us_ticker.o
    0x080180d8   0x0000001c   Code   RO        25072    i.us_ticker_free    BUILD/NUCLEO_F103RB/ARM/mbed-os/targets/TARGET_STM/us_ticker.o
    0x080180f4   0x00000008   Code   RO        25073    i.us_ticker_get_info  BUILD/NUCLEO_F103RB/ARM/mbed-os/targets/TARGET_STM/us_ticker.o
    0x080180fc   0x00000018   Code   RO        25074    i.us_ticker_init    BUILD/NUCLEO_F103RB/ARM/mbed-os/targets/TARGET_STM/us_ticker.o
    0x08018114   0x00000018   Code   RO        20932    i.us_ticker_irq_handler  BUILD/NUCLEO_F103RB/ARM/mbed-os/hal/mbed_us_ticker_api.o
    0x0801812c   0x0000000c   Code   RO        25075    i.us_ticker_read    BUILD/NUCLEO_F103RB/ARM/mbed-os/targets/TARGET_STM/us_ticker.o
    0x08018138   0x00000020   Code   RO        25076    i.us_ticker_set_interrupt  BUILD/NUCLEO_F103RB/ARM/mbed-os/targets/TARGET_STM/us_ticker.o
    0x08018158   0x000000cc   Code   RO        21884    i.wait              BUILD/NUCLEO_F103RB/ARM/mbed-os/platform/mbed_wait_api_rtos.o
    0x08018224   0x0000005c   Code   RO        21885    i.wait_ms           BUILD/NUCLEO_F103RB/ARM/mbed-os/platform/mbed_wait_api_rtos.o
    0x08018280   0x0000007c   Code   RO        21886    i.wait_us           BUILD/NUCLEO_F103RB/ARM/mbed-os/platform/mbed_wait_api_rtos.o
    0x080182fc   0x00000038   Code   RO        21600    i.write             BUILD/NUCLEO_F103RB/ARM/mbed-os/platform/mbed_retarget.o
    0x08018334   0x0000002c   Code   RO        26026    locale$$code        C:\Keil_v5\ARM\ARMCC\bin\..\lib\armlib\c_w.l(lc_ctype_c.o)
    0x08018360   0x0000002c   Code   RO        26029    locale$$code        C:\Keil_v5\ARM\ARMCC\bin\..\lib\armlib\c_w.l(lc_time_c.o)
    0x0801838c   0x0000002c   Code   RO        26791    locale$$code        C:\Keil_v5\ARM\ARMCC\bin\..\lib\armlib\c_w.l(lc_numeric_c.o)
    0x080183b8   0x0000000c   Code   RO        21062    t._ZN10CThunkBase11thunk_entryILi0EEEvv  BUILD/NUCLEO_F103RB/ARM/mbed-os/platform/CThunkBase.o
    0x080183c4   0x0000000c   Code   RO        21059    t._ZN10CThunkBase11thunk_entryILi1EEEvv  BUILD/NUCLEO_F103RB/ARM/mbed-os/platform/CThunkBase.o
    0x080183d0   0x0000000c   Code   RO        21056    t._ZN10CThunkBase11thunk_entryILi2EEEvv  BUILD/NUCLEO_F103RB/ARM/mbed-os/platform/CThunkBase.o
    0x080183dc   0x0000000c   Code   RO        21053    t._ZN10CThunkBase11thunk_entryILi3EEEvv  BUILD/NUCLEO_F103RB/ARM/mbed-os/platform/CThunkBase.o
    0x080183e8   0x0000000c   Code   RO        21050    t._ZN10CThunkBase11thunk_entryILi4EEEvv  BUILD/NUCLEO_F103RB/ARM/mbed-os/platform/CThunkBase.o
    0x080183f4   0x0000000c   Code   RO        21047    t._ZN10CThunkBase11thunk_entryILi5EEEvv  BUILD/NUCLEO_F103RB/ARM/mbed-os/platform/CThunkBase.o
    0x08018400   0x0000000c   Code   RO        21044    t._ZN10CThunkBase11thunk_entryILi6EEEvv  BUILD/NUCLEO_F103RB/ARM/mbed-os/platform/CThunkBase.o
    0x0801840c   0x0000000c   Code   RO        21041    t._ZN10CThunkBase11thunk_entryILi7EEEvv  BUILD/NUCLEO_F103RB/ARM/mbed-os/platform/CThunkBase.o
    0x08018418   0x00000014   Code   RO        26221    t._ZN4__rw12__string_refIcSt11char_traitsIcESaIcEE10_C_inc_refEv  C:\Keil_v5\ARM\ARMCC\bin\..\lib\cpplib\cpp_ws.l(char.o)
    0x0801842c   0x00000046   Code   RO        25620    t._ZN4__rw16__rw_facet_makerISt5ctypeIcEE13_C_maker_funcEiPKcj  C:\Keil_v5\ARM\ARMCC\bin\..\lib\cpplib\cpp_ws.l(rwstdexcept.o)
    0x08018472   0x00000056   Code   RO        26472    t._ZN4__rw18__rw_locale_vectorIPNS_15__rw_facet_baseEE6resizeEjRKS2_  C:\Keil_v5\ARM\ARMCC\bin\..\lib\cpplib\cpp_ws.l(locale.o)
    0x080184c8   0x0000000e   Code   RO        26484    t._ZN4__rw18__rw_locale_vectorIPNS_15__rw_facet_baseEED1Ev  C:\Keil_v5\ARM\ARMCC\bin\..\lib\cpplib\cpp_ws.l(locale.o)
    0x080184d6   0x0000000e   Code   RO        26857    t._ZN4__rw18__rw_locale_vectorIPNS_8__rw_catEED1Ev  C:\Keil_v5\ARM\ARMCC\bin\..\lib\cpplib\cpp_ws.l(rwcats.o)
    0x080184e4   0x00000014   Code   RO        26487    t._ZN4__rw18__rw_locale_vectorISsED1Ev  C:\Keil_v5\ARM\ARMCC\bin\..\lib\cpplib\cpp_ws.l(locale.o)
    0x080184f8   0x00000088   Code   RO        26555    t._ZN4__rw18__rw_locale_vectorISt18__rw_open_cat_dataE6resizeEj  C:\Keil_v5\ARM\ARMCC\bin\..\lib\cpplib\cpp_ws.l(messages.o)
    0x08018580   0x00000014   Code   RO        26561    t._ZN4__rw18__rw_locale_vectorISt18__rw_open_cat_dataED1Ev  C:\Keil_v5\ARM\ARMCC\bin\..\lib\cpplib\cpp_ws.l(messages.o)
    0x08018594   0x0000001a   Code   RO         2191    t._ZN4mbed11TransactionINS_3SPIEEC1Ev  BUILD/NUCLEO_F103RB/ARM/mbed-os/drivers/SPI.o
    0x080185ae   0x00000016   Code   RO         2197    t._ZN4mbed11TransactionINS_3SPIEED1Ev  BUILD/NUCLEO_F103RB/ARM/mbed-os/drivers/SPI.o
    0x080185c4   0x00000018   Code   RO         2194    t._ZN4mbed14CircularBufferINS_11TransactionINS_3SPIEEELj2EjED1Ev  BUILD/NUCLEO_F103RB/ARM/mbed-os/drivers/SPI.o
    0x080185dc   0x00000016   Code   RO        19640    t._ZN4mbed7ManagedINS_4FileEE5closeEv  BUILD/NUCLEO_F103RB/ARM/mbed-os/features/storage/filesystem/FileSystem.o
    0x080185f2   0x00000002   Code   RO          964    t._ZN4mbed7MbedCRCILj4129ELh16EE6unlockEv  BUILD/NUCLEO_F103RB/ARM/mbed-os/components/storage/blockdevice/COMPONENT_SD/SDBlockDevice.o
    0x080185f4   0x000001d4   Code   RO          923    t._ZN4mbed7MbedCRCILj4129ELh16EE7computeEPvyPj  BUILD/NUCLEO_F103RB/ARM/mbed-os/components/storage/blockdevice/COMPONENT_SD/SDBlockDevice.o
    0x080187c8   0x00000002   Code   RO         2037    t._ZN4mbed7MbedCRCILj9ELh7EE6unlockEv  BUILD/NUCLEO_F103RB/ARM/mbed-os/drivers/MbedCRC.o
    0x080187ca   0x00000006   Code   RO        19972    t._ZN4mbed8CallbackIFvPKcEE13function_callIPS3_EEvPKvS2_  BUILD/NUCLEO_F103RB/ARM/mbed-os/features/storage/filesystem/fat/FATFileSystem.o
    0x080187d0   0x00000002   Code   RO        19978    t._ZN4mbed8CallbackIFvPKcEE13function_dtorIPS3_EEvPv  BUILD/NUCLEO_F103RB/ARM/mbed-os/features/storage/filesystem/fat/FATFileSystem.o
    0x080187d2   0x0000000a   Code   RO        19975    t._ZN4mbed8CallbackIFvPKcEE13function_moveIPS3_EEvPvPKv  BUILD/NUCLEO_F103RB/ARM/mbed-os/features/storage/filesystem/fat/FATFileSystem.o
    0x080187dc   0x00000004   Code   RO          167    t._ZN4mbed8CallbackIFvvEE13function_callIPS1_EEvPKv  BUILD/NUCLEO_F103RB/ARM/GSM_MQTT/GSM_MQTT.o
    0x080187e0   0x00000002   Code   RO          173    t._ZN4mbed8CallbackIFvvEE13function_dtorIPS1_EEvPv  BUILD/NUCLEO_F103RB/ARM/GSM_MQTT/GSM_MQTT.o
    0x080187e2   0x0000000a   Code   RO          170    t._ZN4mbed8CallbackIFvvEE13function_moveIPS1_EEvPvPKv  BUILD/NUCLEO_F103RB/ARM/GSM_MQTT/GSM_MQTT.o
    0x080187ec   0x00000012   Code   RO         1685    t._ZN4mbed8CallbackIFvvEED1Ev  BUILD/NUCLEO_F103RB/ARM/mbed-os/drivers/CAN.o
    0x080187fe   0x00000022   Code   RO        19966    t._ZN4mbed8DeferredIPKcED1Ev  BUILD/NUCLEO_F103RB/ARM/mbed-os/features/storage/filesystem/fat/FATFileSystem.o
    0x08018820   0x00000030   Code   RO         2394    t._ZN6CThunkIN4mbed10SerialBaseEE10trampolineEP10CThunkBase  BUILD/NUCLEO_F103RB/ARM/mbed-os/drivers/SerialBase.o
    0x08018850   0x00000030   Code   RO         2188    t._ZN6CThunkIN4mbed3SPIEE10trampolineEP10CThunkBase  BUILD/NUCLEO_F103RB/ARM/mbed-os/drivers/SPI.o
    0x08018880   0x00000004   Code   RO          333    t._ZN6events10EventQueue13function_callIPFvvEEEvPv  BUILD/NUCLEO_F103RB/ARM/main.o
    0x08018884   0x00000002   Code   RO          336    t._ZN6events10EventQueue13function_dtorIPFvvEEEvPv  BUILD/NUCLEO_F103RB/ARM/main.o
    0x08018886   0x00000002   PAD
    0x08018888   0x00000054   Code   RO         1744    t._ZNK12SingletonPtrIN4rtos5MutexEEptEv  BUILD/NUCLEO_F103RB/ARM/mbed-os/drivers/FlashIAP.o
    0x080188dc   0x00000094   Code   RO          138    t._ZNKSs6substrEjj  BUILD/NUCLEO_F103RB/ARM/GSM_MQTT/GSM_MQTT.o
    0x08018970   0x00000090   Code   RO        25592    t._ZNKSt8messagesIcE6do_getEiiiRKSs  C:\Keil_v5\ARM\ARMCC\bin\..\lib\cpplib\cpp_ws.l(rwstdexcept.o)
    0x08018a00   0x00000006   Code   RO        25617    t._ZNKSt8messagesIcE7do_openERKSsRKSt6locale  C:\Keil_v5\ARM\ARMCC\bin\..\lib\cpplib\cpp_ws.l(rwstdexcept.o)
    0x08018a06   0x00000032   Code   RO        26441    t._ZNSs11_C_allocateEjjj  C:\Keil_v5\ARM\ARMCC\bin\..\lib\cpplib\cpp_ws.l(locale.o)
    0x08018a38   0x00000018   Code   RO        26481    t._ZNSs7replaceEjjPKcj  C:\Keil_v5\ARM\ARMCC\bin\..\lib\cpplib\cpp_ws.l(locale.o)
    0x08018a50   0x00000168   Code   RO        26159    t._ZNSs7replaceEjjPKcjjj  C:\Keil_v5\ARM\ARMCC\bin\..\lib\cpplib\cpp_ws.l(char.o)
    0x08018bb8   0x00000134   Code   RO          147    t._ZNSs7replaceEjjjc  BUILD/NUCLEO_F103RB/ARM/GSM_MQTT/GSM_MQTT.o
    0x08018cec   0x00000074   Code   RO        26147    t._ZNSs9_C_getRepEjj  C:\Keil_v5\ARM\ARMCC\bin\..\lib\cpplib\cpp_ws.l(char.o)
    0x08018d60   0x00000048   Code   RO        26156    t._ZNSs9_C_unlinkEv  C:\Keil_v5\ARM\ARMCC\bin\..\lib\cpplib\cpp_ws.l(char.o)
    0x08018da8   0x00000038   Code   RO        26444    t._ZNSsC1EPKcRKSaIcE  C:\Keil_v5\ARM\ARMCC\bin\..\lib\cpplib\cpp_ws.l(locale.o)
    0x08018de0   0x00000010   Code   RO        26478    t._ZNSsC1ERKSaIcE   C:\Keil_v5\ARM\ARMCC\bin\..\lib\cpplib\cpp_ws.l(locale.o)
    0x08018df0   0x0000003e   Code   RO        26150    t._ZNSsC1ERKSs      C:\Keil_v5\ARM\ARMCC\bin\..\lib\cpplib\cpp_ws.l(char.o)
    0x08018e2e   0x0000000c   Code   RO        26230    t._ZNSsD1Ev         C:\Keil_v5\ARM\ARMCC\bin\..\lib\cpplib\cpp_ws.l(char.o)
    0x08018e3a   0x00000002   PAD
    0x08018e3c   0x0000004c   Code   RO        26450    t._ZNSsaSEPKc       C:\Keil_v5\ARM\ARMCC\bin\..\lib\cpplib\cpp_ws.l(locale.o)
    0x08018e88   0x0000003e   Code   RO        26447    t._ZNSsaSERKSs      C:\Keil_v5\ARM\ARMCC\bin\..\lib\cpplib\cpp_ws.l(locale.o)
    0x08018ec6   0x00000002   PAD
    0x08018ec8   0x00000068   Code   RO          150    t._ZNSsixEj         BUILD/NUCLEO_F103RB/ARM/GSM_MQTT/GSM_MQTT.o
    0x08018f30   0x0000000c   Code   RO        26224    t._ZSt3maxIjERKT_S2_S2_  C:\Keil_v5\ARM\ARMCC\bin\..\lib\cpplib\cpp_ws.l(char.o)
    0x08018f3c   0x00000062   Code   RO        25783    x$fpl$d2f           C:\Keil_v5\ARM\ARMCC\bin\..\lib\armlib\fz_ws.l(d2f.o)
    0x08018f9e   0x00000002   PAD
    0x08018fa0   0x00000150   Code   RO        25785    x$fpl$dadd          C:\Keil_v5\ARM\ARMCC\bin\..\lib\armlib\fz_ws.l(daddsub_clz.o)
    0x080190f0   0x00000010   Code   RO        26630    x$fpl$dcheck1       C:\Keil_v5\ARM\ARMCC\bin\..\lib\armlib\fz_ws.l(dcheck1.o)
    0x08019100   0x00000018   Code   RO        26632    x$fpl$dcmpinf       C:\Keil_v5\ARM\ARMCC\bin\..\lib\armlib\fz_ws.l(dcmpi.o)
    0x08019118   0x000002b0   Code   RO        25792    x$fpl$ddiv          C:\Keil_v5\ARM\ARMCC\bin\..\lib\armlib\fz_ws.l(ddiv.o)
    0x080193c8   0x00000078   Code   RO        25795    x$fpl$deqf          C:\Keil_v5\ARM\ARMCC\bin\..\lib\armlib\fz_ws.l(deqf.o)
    0x08019440   0x0000005e   Code   RO        25797    x$fpl$dfix          C:\Keil_v5\ARM\ARMCC\bin\..\lib\armlib\fz_ws.l(dfix.o)
    0x0801949e   0x0000002e   Code   RO        25806    x$fpl$dflt          C:\Keil_v5\ARM\ARMCC\bin\..\lib\armlib\fz_ws.l(dflt_clz.o)
    0x080194cc   0x00000078   Code   RO        25811    x$fpl$dleqf         C:\Keil_v5\ARM\ARMCC\bin\..\lib\armlib\fz_ws.l(dleqf.o)
    0x08019544   0x00000154   Code   RO        25813    x$fpl$dmul          C:\Keil_v5\ARM\ARMCC\bin\..\lib\armlib\fz_ws.l(dmul.o)
    0x08019698   0x0000009c   Code   RO        26634    x$fpl$dnaninf       C:\Keil_v5\ARM\ARMCC\bin\..\lib\armlib\fz_ws.l(dnaninf.o)
    0x08019734   0x0000000c   Code   RO        26636    x$fpl$dretinf       C:\Keil_v5\ARM\ARMCC\bin\..\lib\armlib\fz_ws.l(dretinf.o)
    0x08019740   0x0000006c   Code   RO        25815    x$fpl$drleqf        C:\Keil_v5\ARM\ARMCC\bin\..\lib\armlib\fz_ws.l(drleqf.o)
    0x080197ac   0x00000016   Code   RO        25786    x$fpl$drsb          C:\Keil_v5\ARM\ARMCC\bin\..\lib\armlib\fz_ws.l(daddsub_clz.o)
    0x080197c2   0x00000002   PAD
    0x080197c4   0x000001cc   Code   RO        26953    x$fpl$dsqrt         C:\Keil_v5\ARM\ARMCC\bin\..\lib\armlib\fz_ws.l(dsqrt_noumaal.o)
    0x08019990   0x000001d4   Code   RO        25787    x$fpl$dsub          C:\Keil_v5\ARM\ARMCC\bin\..\lib\armlib\fz_ws.l(daddsub_clz.o)
    0x08019b64   0x00000056   Code   RO        25817    x$fpl$f2d           C:\Keil_v5\ARM\ARMCC\bin\..\lib\armlib\fz_ws.l(f2d.o)
    0x08019bba   0x00000002   PAD
    0x08019bbc   0x00000036   Code   RO        25829    x$fpl$ffix          C:\Keil_v5\ARM\ARMCC\bin\..\lib\armlib\fz_ws.l(ffix.o)
    0x08019bf2   0x00000002   PAD
    0x08019bf4   0x0000003e   Code   RO        25833    x$fpl$ffixu         C:\Keil_v5\ARM\ARMCC\bin\..\lib\armlib\fz_ws.l(ffixu.o)
    0x08019c32   0x00000002   PAD
    0x08019c34   0x00000026   Code   RO        25841    x$fpl$ffltu         C:\Keil_v5\ARM\ARMCC\bin\..\lib\armlib\fz_ws.l(fflt_clz.o)
    0x08019c5a   0x00000002   PAD
    0x08019c5c   0x00000102   Code   RO        25851    x$fpl$fmul          C:\Keil_v5\ARM\ARMCC\bin\..\lib\armlib\fz_ws.l(fmul.o)
    0x08019d5e   0x0000008c   Code   RO        26642    x$fpl$fnaninf       C:\Keil_v5\ARM\ARMCC\bin\..\lib\armlib\fz_ws.l(fnaninf.o)
    0x08019dea   0x0000000a   Code   RO        26644    x$fpl$fretinf       C:\Keil_v5\ARM\ARMCC\bin\..\lib\armlib\fz_ws.l(fretinf.o)
    0x08019df4   0x00000006   Code   RO        26957    x$fpl$ieeestatus    C:\Keil_v5\ARM\ARMCC\bin\..\lib\armlib\fz_ws.l(istatus.o)
    0x08019dfa   0x00000004   Code   RO        25855    x$fpl$printf1       C:\Keil_v5\ARM\ARMCC\bin\..\lib\armlib\fz_ws.l(printf1.o)
    0x08019dfe   0x00000004   Code   RO        26646    x$fpl$printf2       C:\Keil_v5\ARM\ARMCC\bin\..\lib\armlib\fz_ws.l(printf2.o)
    0x08019e02   0x00000064   Code   RO        26959    x$fpl$retnan        C:\Keil_v5\ARM\ARMCC\bin\..\lib\armlib\fz_ws.l(retnan.o)
    0x08019e66   0x0000005c   Code   RO        25857    x$fpl$scalbn        C:\Keil_v5\ARM\ARMCC\bin\..\lib\armlib\fz_ws.l(scalbn.o)
    0x08019ec2   0x00000004   Code   RO        26652    x$fpl$scanf1        C:\Keil_v5\ARM\ARMCC\bin\..\lib\armlib\fz_ws.l(scanf1.o)
    0x08019ec6   0x00000008   Code   RO        27031    x$fpl$scanf2        C:\Keil_v5\ARM\ARMCC\bin\..\lib\armlib\fz_ws.l(scanf2.o)
    0x08019ece   0x00000030   Code   RO        27037    x$fpl$trapveneer    C:\Keil_v5\ARM\ARMCC\bin\..\lib\armlib\fz_ws.l(trapv.o)
    0x08019efe   0x00000000   Code   RO        26654    x$fpl$usenofp       C:\Keil_v5\ARM\ARMCC\bin\..\lib\armlib\fz_ws.l(usenofp.o)
    0x08019efe   0x0000028b   Data   RO           81    .constdata          BUILD/NUCLEO_F103RB/ARM/GSM_MQTT/GSM_MQTT.o
    0x0801a189   0x00000003   PAD
    0x0801a18c   0x00000004   Data   RO          372    .constdata          BUILD/NUCLEO_F103RB/ARM/mbed-os/cmsis/TARGET_CORTEX_M/mbed_fault_handler.o
    0x0801a190   0x00000010   Data   RO         2149    .constdata          BUILD/NUCLEO_F103RB/ARM/mbed-os/drivers/SPI.o
    0x0801a1a0   0x00000010   Data   RO         2349    .constdata          BUILD/NUCLEO_F103RB/ARM/mbed-os/drivers/SerialBase.o
    0x0801a1b0   0x00000100   Data   RO         2401    .constdata          BUILD/NUCLEO_F103RB/ARM/mbed-os/drivers/TableCRC.o
    0x0801a2b0   0x00000200   Data   RO         2403    .constdata          BUILD/NUCLEO_F103RB/ARM/mbed-os/drivers/TableCRC.o
    0x0801a4b0   0x000000aa   Data   RO        19738    .constdata          BUILD/NUCLEO_F103RB/ARM/mbed-os/features/storage/filesystem/fat/ChaN/ff.o
    0x0801a55a   0x000003ae   Data   RO        19784    .constdata          BUILD/NUCLEO_F103RB/ARM/mbed-os/features/storage/filesystem/fat/ChaN/ffunicode.o
    0x0801a908   0x00000020   Data   RO        20934    .constdata          BUILD/NUCLEO_F103RB/ARM/mbed-os/hal/mbed_us_ticker_api.o
    0x0801a928   0x00000008   Data   RO        20935    .constdata          BUILD/NUCLEO_F103RB/ARM/mbed-os/hal/mbed_us_ticker_api.o
    0x0801a930   0x00000005   Data   RO        21366    .constdata          BUILD/NUCLEO_F103RB/ARM/mbed-os/platform/mbed_board.o
    0x0801a935   0x00000003   PAD
    0x0801a938   0x00000028   Data   RO        21666    .constdata          BUILD/NUCLEO_F103RB/ARM/mbed-os/platform/mbed_retarget.o
    0x0801a960   0x00000024   Data   RO        22333    .constdata          BUILD/NUCLEO_F103RB/ARM/mbed-os/rtos/TARGET_CORTEX/rtx5/RTX/Source/rtx_lib.o
    0x0801a984   0x00000024   Data   RO        22334    .constdata          BUILD/NUCLEO_F103RB/ARM/mbed-os/rtos/TARGET_CORTEX/rtx5/RTX/Source/rtx_lib.o
    0x0801a9a8   0x00000018   Data   RO        22335    .constdata          BUILD/NUCLEO_F103RB/ARM/mbed-os/rtos/TARGET_CORTEX/rtx5/RTX/Source/rtx_lib.o
    0x0801a9c0   0x00000004   Data   RO        22336    .constdata          BUILD/NUCLEO_F103RB/ARM/mbed-os/rtos/TARGET_CORTEX/rtx5/RTX/Source/rtx_lib.o
    0x0801a9c4   0x000000b4   Data   RO        22867    .constdata          BUILD/NUCLEO_F103RB/ARM/mbed-os/targets/TARGET_STM/TARGET_STM32F1/TARGET_NUCLEO_F103RB/PeripheralPins.o
    0x0801aa78   0x00000024   Data   RO        22868    .constdata          BUILD/NUCLEO_F103RB/ARM/mbed-os/targets/TARGET_STM/TARGET_STM32F1/TARGET_NUCLEO_F103RB/PeripheralPins.o
    0x0801aa9c   0x00000048   Data   RO        22872    .constdata          BUILD/NUCLEO_F103RB/ARM/mbed-os/targets/TARGET_STM/TARGET_STM32F1/TARGET_NUCLEO_F103RB/PeripheralPins.o
    0x0801aae4   0x00000048   Data   RO        22873    .constdata          BUILD/NUCLEO_F103RB/ARM/mbed-os/targets/TARGET_STM/TARGET_STM32F1/TARGET_NUCLEO_F103RB/PeripheralPins.o
    0x0801ab2c   0x00000030   Data   RO        22876    .constdata          BUILD/NUCLEO_F103RB/ARM/mbed-os/targets/TARGET_STM/TARGET_STM32F1/TARGET_NUCLEO_F103RB/PeripheralPins.o
    0x0801ab5c   0x00000030   Data   RO        22877    .constdata          BUILD/NUCLEO_F103RB/ARM/mbed-os/targets/TARGET_STM/TARGET_STM32F1/TARGET_NUCLEO_F103RB/PeripheralPins.o
    0x0801ab8c   0x00000030   Data   RO        22878    .constdata          BUILD/NUCLEO_F103RB/ARM/mbed-os/targets/TARGET_STM/TARGET_STM32F1/TARGET_NUCLEO_F103RB/PeripheralPins.o
    0x0801abbc   0x00000030   Data   RO        22879    .constdata          BUILD/NUCLEO_F103RB/ARM/mbed-os/targets/TARGET_STM/TARGET_STM32F1/TARGET_NUCLEO_F103RB/PeripheralPins.o
    0x0801abec   0x00000010   Data   RO        24587    .constdata          BUILD/NUCLEO_F103RB/ARM/mbed-os/targets/TARGET_STM/TARGET_STM32F1/device/system_stm32f1xx.o
    0x0801abfc   0x00000008   Data   RO        24588    .constdata          BUILD/NUCLEO_F103RB/ARM/mbed-os/targets/TARGET_STM/TARGET_STM32F1/device/system_stm32f1xx.o
    0x0801ac04   0x00000040   Data   RO        24911    .constdata          BUILD/NUCLEO_F103RB/ARM/mbed-os/targets/TARGET_STM/pinmap.o
    0x0801ac44   0x00000020   Data   RO        25041    .constdata          BUILD/NUCLEO_F103RB/ARM/mbed-os/targets/TARGET_STM/stm_spi_api.o
    0x0801ac64   0x00000008   Data   RO        25078    .constdata          BUILD/NUCLEO_F103RB/ARM/mbed-os/targets/TARGET_STM/us_ticker.o
    0x0801ac6c   0x00000028   Data   RO        25231    .constdata          C:\Keil_v5\ARM\ARMCC\bin\..\lib\armlib\c_w.l(_printf_hex_int_ll_ptr.o)
    0x0801ac94   0x00000011   Data   RO        25251    .constdata          C:\Keil_v5\ARM\ARMCC\bin\..\lib\armlib\c_w.l(__printf_flags_ss_wp.o)
    0x0801aca5   0x00000003   PAD
    0x0801aca8   0x0000005c   Data   RO        25568    .constdata          C:\Keil_v5\ARM\ARMCC\bin\..\lib\cpplib\cpp_ws.l(rwstdexcept.o)
    0x0801ad04   0x00000004   PAD
    0x0801ad08   0x00000088   Data   RO        25877    .constdata          C:\Keil_v5\ARM\ARMCC\bin\..\lib\armlib\m_ws.l(pow.o)
    0x0801ad90   0x00000008   Data   RO        25957    .constdata          C:\Keil_v5\ARM\ARMCC\bin\..\lib\armlib\c_w.l(_printf_wctomb.o)
    0x0801ad98   0x0000000c   Data   RO        26043    .constdata          C:\Keil_v5\ARM\ARMCC\bin\..\lib\armlib\c_w.l(_monlen.o)
    0x0801ada4   0x00000200   Data   RO        26129    .constdata          C:\Keil_v5\ARM\ARMCC\bin\..\lib\cpplib\cpp_ws.l(char.o)
    0x0801afa4   0x00000004   PAD
    0x0801afa8   0x00000008   Data   RO        26673    .constdata          C:\Keil_v5\ARM\ARMCC\bin\..\lib\armlib\m_ws.l(qnan.o)
    0x0801afb0   0x00000026   Data   RO        26703    .constdata          C:\Keil_v5\ARM\ARMCC\bin\..\lib\armlib\c_w.l(_printf_fp_hex.o)
    0x0801afd6   0x00000002   PAD
    0x0801afd8   0x00000094   Data   RO        26724    .constdata          C:\Keil_v5\ARM\ARMCC\bin\..\lib\armlib\c_w.l(bigflt0.o)
    0x0801b06c   0x00000050   Data   RO        21768    .constdata__ZTV12DirectSerial  BUILD/NUCLEO_F103RB/ARM/mbed-os/platform/mbed_retarget.o
    0x0801b0bc   0x00000058   Data   RO          902    .constdata__ZTV13SDBlockDevice  BUILD/NUCLEO_F103RB/ARM/mbed-os/components/storage/blockdevice/COMPONENT_SD/SDBlockDevice.o
    0x0801b114   0x00000070   Data   RO          219    .constdata__ZTV7TextLCD  BUILD/NUCLEO_F103RB/ARM/TextLCD/TextLCD.o
    0x0801b184   0x00000050   Data   RO        21159    .constdata__ZTVN4mbed10FileHandleE  BUILD/NUCLEO_F103RB/ARM/mbed-os/platform/FileHandle.o
    0x0801b1d4   0x0000008c   Data   RO        19613    .constdata__ZTVN4mbed10FileSystemE  BUILD/NUCLEO_F103RB/ARM/mbed-os/features/storage/filesystem/FileSystem.o
    0x0801b260   0x00000018   Data   RO         2393    .constdata__ZTVN4mbed10SerialBaseE  BUILD/NUCLEO_F103RB/ARM/mbed-os/drivers/SerialBase.o
    0x0801b278   0x00000014   Data   RO         2529    .constdata__ZTVN4mbed10TimerEventE  BUILD/NUCLEO_F103RB/ARM/mbed-os/drivers/TimerEvent.o
    0x0801b28c   0x0000009c   Data   RO        19959    .constdata__ZTVN4mbed13FATFileSystemE  BUILD/NUCLEO_F103RB/ARM/mbed-os/features/storage/filesystem/fat/FATFileSystem.o
    0x0801b328   0x0000002c   Data   RO        21228    .constdata__ZTVN4mbed16FileSystemHandleE  BUILD/NUCLEO_F103RB/ARM/mbed-os/platform/FileSystemHandle.o
    0x0801b354   0x00000020   Data   RO         2187    .constdata__ZTVN4mbed3SPIE  BUILD/NUCLEO_F103RB/ARM/mbed-os/drivers/SPI.o
    0x0801b374   0x00000054   Data   RO        19533    .constdata__ZTVN4mbed4FileE  BUILD/NUCLEO_F103RB/ARM/mbed-os/features/storage/filesystem/File.o
    0x0801b3c8   0x00000018   Data   RO         1607    .constdata__ZTVN4mbed6BusOutE  BUILD/NUCLEO_F103RB/ARM/mbed-os/drivers/BusOut.o
    0x0801b3e0   0x00000070   Data   RO        21328    .constdata__ZTVN4mbed6StreamE  BUILD/NUCLEO_F103RB/ARM/mbed-os/platform/Stream.o
    0x0801b450   0x00000014   Data   RO         2426    .constdata__ZTVN4mbed6TickerE  BUILD/NUCLEO_F103RB/ARM/mbed-os/drivers/Ticker.o
    0x0801b464   0x00000054   Data   RO        19628    .constdata__ZTVN4mbed7ManagedINS_4FileEEE  BUILD/NUCLEO_F103RB/ARM/mbed-os/features/storage/filesystem/FileSystem.o
    0x0801b4b8   0x00000014   Data   RO          952    .constdata__ZTVN4mbed7MbedCRCILj4129ELh16EEE  BUILD/NUCLEO_F103RB/ARM/mbed-os/components/storage/blockdevice/COMPONENT_SD/SDBlockDevice.o
    0x0801b4cc   0x00000014   Data   RO         1991    .constdata__ZTVN4mbed7MbedCRCILj9ELh7EEE  BUILD/NUCLEO_F103RB/ARM/mbed-os/drivers/MbedCRC.o
    0x0801b4e0   0x00000018   Data   RO          349    .constdata__ZTVN4mbed8AnalogInE  BUILD/NUCLEO_F103RB/ARM/main.o
    0x0801b4f8   0x00000010   Data   RO        21143    .constdata__ZTVN4mbed8FileBaseE  BUILD/NUCLEO_F103RB/ARM/mbed-os/platform/FileBase.o
    0x0801b508   0x00000018   Data   RO         2087    .constdata__ZTVN4mbed9RawSerialE  BUILD/NUCLEO_F103RB/ARM/mbed-os/drivers/RawSerial.o
    0x0801b520   0x00000014   Data   RO        25643    .constdata__ZTVNSt6locale5facetE  C:\Keil_v5\ARM\ARMCC\bin\..\lib\cpplib\cpp_ws.l(rwstdexcept.o)
    0x0801b534   0x00000034   Data   RO        26308    .constdata__ZTVSt12ctype_bynameIcE  C:\Keil_v5\ARM\ARMCC\bin\..\lib\cpplib\cpp_ws.l(char.o)
    0x0801b568   0x00000014   Data   RO        25645    .constdata__ZTVSt14__rw_exception  C:\Keil_v5\ARM\ARMCC\bin\..\lib\cpplib\cpp_ws.l(rwstdexcept.o)
    0x0801b57c   0x00000034   Data   RO        26140    .constdata__ZTVSt5ctypeIcE  C:\Keil_v5\ARM\ARMCC\bin\..\lib\cpplib\cpp_ws.l(char.o)
    0x0801b5b0   0x00000020   Data   RO        25581    .constdata__ZTVSt8messagesIcE  C:\Keil_v5\ARM\ARMCC\bin\..\lib\cpplib\cpp_ws.l(rwstdexcept.o)
    0x0801b5d0   0x00000014   Data   RO        26599    .constdata__ZTVSt9exception  C:\Keil_v5\ARM\ARMCC\bin\..\lib\cpplib\cpprt_w.l(exception_dtor.o)
    0x0801b5e4   0x0000000c   Data   RO          919    .constdata__ZZN4mbed7MbedCRCILj4129ELh16EE20compute_partial_stopEPjEs  BUILD/NUCLEO_F103RB/ARM/mbed-os/components/storage/blockdevice/COMPONENT_SD/SDBlockDevice.o
    0x0801b5f0   0x0000001c   Data   RO          920    .constdata__ZZN4mbed7MbedCRCILj4129ELh16EE20compute_partial_stopEPjEs_0  BUILD/NUCLEO_F103RB/ARM/mbed-os/components/storage/blockdevice/COMPONENT_SD/SDBlockDevice.o
    0x0801b60c   0x0000000c   Data   RO          921    .constdata__ZZN4mbed7MbedCRCILj4129ELh16EE7computeEPvyPjEs  BUILD/NUCLEO_F103RB/ARM/mbed-os/components/storage/blockdevice/COMPONENT_SD/SDBlockDevice.o
    0x0801b618   0x0000001c   Data   RO          922    .constdata__ZZN4mbed7MbedCRCILj4129ELh16EE7computeEPvyPjEs_0  BUILD/NUCLEO_F103RB/ARM/mbed-os/components/storage/blockdevice/COMPONENT_SD/SDBlockDevice.o
    0x0801b634   0x0000000c   Data   RO          909    .constdata__ZZN4mbed7MbedCRCILj9ELh7EE20compute_partial_stopEPjEs  BUILD/NUCLEO_F103RB/ARM/mbed-os/components/storage/blockdevice/COMPONENT_SD/SDBlockDevice.o
    0x0801b640   0x0000001c   Data   RO          910    .constdata__ZZN4mbed7MbedCRCILj9ELh7EE20compute_partial_stopEPjEs_0  BUILD/NUCLEO_F103RB/ARM/mbed-os/components/storage/blockdevice/COMPONENT_SD/SDBlockDevice.o
    0x0801b65c   0x0000000c   Data   RO        19970    .constdata__ZZN4mbed8CallbackIFvPKcEE8generateIPS3_EEvRKT_E3ops  BUILD/NUCLEO_F103RB/ARM/mbed-os/features/storage/filesystem/fat/FATFileSystem.o
    0x0801b668   0x0000000c   Data   RO          165    .constdata__ZZN4mbed8CallbackIFvvEE8generateIPS1_EEvRKT_E3ops  BUILD/NUCLEO_F103RB/ARM/GSM_MQTT/GSM_MQTT.o
    0x0801b674   0x00000014   Data   RO          328    .constdata__ZZNK12SingletonPtrIN4rtos5MutexEE3getEvEs  BUILD/NUCLEO_F103RB/ARM/main.o
    0x0801b688   0x00000022   Data   RO          329    .constdata__ZZNK12SingletonPtrIN4rtos5MutexEE3getEvEs_0  BUILD/NUCLEO_F103RB/ARM/main.o
    0x0801b6aa   0x00000001   Data   RO        26438    .constdata__ZZNK4__rw15__rw_locale_imp16_C_category_nameEiEs  C:\Keil_v5\ARM\ARMCC\bin\..\lib\cpplib\cpp_ws.l(locale.o)
    0x0801b6ab   0x00000005   Data   RO         1819    .constdata__ZZNK4mbed8CallbackIFviEE4callEiEs  BUILD/NUCLEO_F103RB/ARM/mbed-os/drivers/I2C.o
    0x0801b6b0   0x0000001e   Data   RO         1820    .constdata__ZZNK4mbed8CallbackIFviEE4callEiEs_0  BUILD/NUCLEO_F103RB/ARM/mbed-os/drivers/I2C.o
    0x0801b6ce   0x00000001   Data   RO          132    .constdata__ZZNKSs6substrEjjEs  BUILD/NUCLEO_F103RB/ARM/GSM_MQTT/GSM_MQTT.o
    0x0801b6cf   0x00000001   Data   RO          129    .constdata__ZZNSs7replaceEjjPKcjjjEs  BUILD/NUCLEO_F103RB/ARM/GSM_MQTT/GSM_MQTT.o
    0x0801b6d0   0x00000001   Data   RO          130    .constdata__ZZNSs7replaceEjjjcEs  BUILD/NUCLEO_F103RB/ARM/GSM_MQTT/GSM_MQTT.o
    0x0801b6d1   0x00000001   Data   RO          134    .constdata__ZZNSs9_C_getRepEjjEs  BUILD/NUCLEO_F103RB/ARM/GSM_MQTT/GSM_MQTT.o
    0x0801b6d2   0x00000001   Data   RO          131    .constdata__ZZNSsC1EPKcjRKSaIcEEs  BUILD/NUCLEO_F103RB/ARM/GSM_MQTT/GSM_MQTT.o
    0x0801b6d3   0x00000002   Data   RO        25582    .constdata__ZZNSt8messagesIcEC1EjEs  C:\Keil_v5\ARM\ARMCC\bin\..\lib\cpplib\cpp_ws.l(rwstdexcept.o)
    0x0801b6d5   0x00000003   PAD
    0x0801b6d8   0x00000079   Data   RO           82    .conststring        BUILD/NUCLEO_F103RB/ARM/GSM_MQTT/GSM_MQTT.o
    0x0801b751   0x00000003   PAD
    0x0801b754   0x00000095   Data   RO          373    .conststring        BUILD/NUCLEO_F103RB/ARM/mbed-os/cmsis/TARGET_CORTEX_M/mbed_fault_handler.o
    0x0801b7e9   0x00000003   PAD
    0x0801b7ec   0x00000043   Data   RO          854    .conststring        BUILD/NUCLEO_F103RB/ARM/mbed-os/components/storage/blockdevice/COMPONENT_SD/SDBlockDevice.o
    0x0801b82f   0x00000001   PAD
    0x0801b830   0x0000005a   Data   RO        21033    .conststring        BUILD/NUCLEO_F103RB/ARM/mbed-os/platform/CThunkBase.o
    0x0801b88a   0x00000002   PAD
    0x0801b88c   0x000000f4   Data   RO        21442    .conststring        BUILD/NUCLEO_F103RB/ARM/mbed-os/platform/mbed_error.o
    0x0801b980   0x00000009   Data   RO        22337    .conststring        BUILD/NUCLEO_F103RB/ARM/mbed-os/rtos/TARGET_CORTEX/rtx5/RTX/Source/rtx_lib.o
    0x0801b989   0x00000003   PAD
    0x0801b98c   0x0000000a   Data   RO        22338    .conststring        BUILD/NUCLEO_F103RB/ARM/mbed-os/rtos/TARGET_CORTEX/rtx5/RTX/Source/rtx_lib.o
    0x0801b996   0x00000002   PAD
    0x0801b998   0x00000070   Data   RO        22761    .conststring        BUILD/NUCLEO_F103RB/ARM/mbed-os/rtos/ThisThread.o
    0x0801ba08   0x00000272   Data   RO        25569    .conststring        C:\Keil_v5\ARM\ARMCC\bin\..\lib\cpplib\cpp_ws.l(rwstdexcept.o)
    0x0801bc7a   0x00000002   PAD
    0x0801bc7c   0x0000000b   Data   RO        22286    .conststrlit        BUILD/NUCLEO_F103RB/ARM/mbed-os/rtos/TARGET_CORTEX/rtx5/RTX/Source/rtx_kernel.o
    0x0801bc87   0x00000001   PAD
    0x0801bc88   0x00000068   Data   RO        22340    .rodata             BUILD/NUCLEO_F103RB/ARM/mbed-os/rtos/TARGET_CORTEX/rtx5/RTX/Source/rtx_lib.o
    0x0801bcf0   0x00000020   Data   RO        27094    Region$$Table       anon$$obj.o
    0x0801bd10   0x00000008   Data   RO        27027    c$$dinf             C:\Keil_v5\ARM\ARMCC\bin\..\lib\armlib\fz_ws.l(fpconst.o)
    0x0801bd18   0x00000008   Data   RO        27030    c$$dmax             C:\Keil_v5\ARM\ARMCC\bin\..\lib\armlib\fz_ws.l(fpconst.o)
    0x0801bd20   0x00000110   Data   RO        26025    locale$$data        C:\Keil_v5\ARM\ARMCC\bin\..\lib\armlib\c_w.l(lc_ctype_c.o)
    0x0801be30   0x00000180   Data   RO        26028    locale$$data        C:\Keil_v5\ARM\ARMCC\bin\..\lib\armlib\c_w.l(lc_time_c.o)
    0x0801bfb0   0x0000001c   Data   RO        26790    locale$$data        C:\Keil_v5\ARM\ARMCC\bin\..\lib\armlib\c_w.l(lc_numeric_c.o)
    0x0801bfcc   0x00000010   Data   RO        27053    locale$$data        C:\Keil_v5\ARM\ARMCC\bin\..\lib\armlib\c_w.l(null_locale.o)
    0x0801bfdc   0x00000004   Data   RO           86    .init_array         BUILD/NUCLEO_F103RB/ARM/GSM_MQTT/GSM_MQTT.o
    0x0801bfe0   0x00000004   Data   RO          311    .init_array         BUILD/NUCLEO_F103RB/ARM/main.o
    0x0801bfe4   0x00000004   Data   RO         2151    .init_array         BUILD/NUCLEO_F103RB/ARM/mbed-os/drivers/SPI.o
    0x0801bfe8   0x00000000   Data   RO        25389    .init_array         C:\Keil_v5\ARM\ARMCC\bin\..\lib\armlib\c_w.l(init_aeabi.o)
    0x0801bfe8   0x00000004   Data   RO        26131    .init_array         C:\Keil_v5\ARM\ARMCC\bin\..\lib\cpplib\cpp_ws.l(char.o)
    0x0801bfec   0x00000004   Data   RO        26421    .init_array         C:\Keil_v5\ARM\ARMCC\bin\..\lib\cpplib\cpp_ws.l(locale.o)
    0x0801bff0   0x00000004   Data   RO        26851    .init_array         C:\Keil_v5\ARM\ARMCC\bin\..\lib\cpplib\cpp_ws.l(rwcats.o)


    Execution Region RW_IRAM1 (Base: 0x200000f0, Size: 0x00002d74, Max: 0x00004f10, ABSOLUTE, COMPRESSED[0x00000068])

    Base Addr    Size         Type   Attr      Idx    E Section Name        Object

    0x200000f0   0x00000040   Data   RW        22326    .bss.os             BUILD/NUCLEO_F103RB/ARM/mbed-os/rtos/TARGET_CORTEX/rtx5/RTX/Source/rtx_lib.o
    0x20000130   0x000001f0   Data   RW        22043    .bss.os.libspace    BUILD/NUCLEO_F103RB/ARM/mbed-os/rtos/TARGET_CORTEX/TOOLCHAIN_ARM_STD/mbed_boot_arm_std.o
    0x20000320   0x00000034   Data   RW        22327    .bss.os.msgqueue.cb  BUILD/NUCLEO_F103RB/ARM/mbed-os/rtos/TARGET_CORTEX/rtx5/RTX/Source/rtx_lib.o
    0x20000354   0x00000050   Data   RW        22328    .bss.os.msgqueue.mem  BUILD/NUCLEO_F103RB/ARM/mbed-os/rtos/TARGET_CORTEX/rtx5/RTX/Source/rtx_lib.o
    0x200003a4   0x00000044   Data   RW        22329    .bss.os.thread.cb   BUILD/NUCLEO_F103RB/ARM/mbed-os/rtos/TARGET_CORTEX/rtx5/RTX/Source/rtx_lib.o
    0x200003e8   0x00000044   Data   RW        22330    .bss.os.thread.cb   BUILD/NUCLEO_F103RB/ARM/mbed-os/rtos/TARGET_CORTEX/rtx5/RTX/Source/rtx_lib.o
    0x2000042c   0x00000004   PAD
    0x20000430   0x00000200   Data   RW        22331    .bss.os.thread.stack  BUILD/NUCLEO_F103RB/ARM/mbed-os/rtos/TARGET_CORTEX/rtx5/RTX/Source/rtx_lib.o
    0x20000630   0x00000300   Data   RW        22332    .bss.os.thread.stack  BUILD/NUCLEO_F103RB/ARM/mbed-os/rtos/TARGET_CORTEX/rtx5/RTX/Source/rtx_lib.o
    0x20000930   0x0000003c   Data   RW           85    .data               BUILD/NUCLEO_F103RB/ARM/GSM_MQTT/GSM_MQTT.o
    0x2000096c   0x00000008   Data   RW          310    .data               BUILD/NUCLEO_F103RB/ARM/main.o
    0x20000974   0x00000004   Data   RW         2150    .data               BUILD/NUCLEO_F103RB/ARM/mbed-os/drivers/SPI.o
    0x20000978   0x00000004   Data   RW        19739    .data               BUILD/NUCLEO_F103RB/ARM/mbed-os/features/storage/filesystem/fat/ChaN/ff.o
    0x2000097c   0x00000002   Data   RW        20832    .data               BUILD/NUCLEO_F103RB/ARM/mbed-os/hal/mbed_critical_section_api.o
    0x2000097e   0x00000002   PAD
    0x20000980   0x00000004   Data   RW        20936    .data               BUILD/NUCLEO_F103RB/ARM/mbed-os/hal/mbed_us_ticker_api.o
    0x20000984   0x00000004   Data   RW        21034    .data               BUILD/NUCLEO_F103RB/ARM/mbed-os/platform/CThunkBase.o
    0x20000988   0x00000008   Data   RW        21130    .data               BUILD/NUCLEO_F103RB/ARM/mbed-os/platform/FileBase.o
    0x20000990   0x00000004   Data   RW        21397    .data               BUILD/NUCLEO_F103RB/ARM/mbed-os/platform/mbed_critical.o
    0x20000994   0x0000000c   Data   RW        21443    .data               BUILD/NUCLEO_F103RB/ARM/mbed-os/platform/mbed_error.o
    0x200009a0   0x00000004   Data   RW        21667    .data               BUILD/NUCLEO_F103RB/ARM/mbed-os/platform/mbed_retarget.o
    0x200009a4   0x00000004   Data   RW        21668    .data               BUILD/NUCLEO_F103RB/ARM/mbed-os/platform/mbed_retarget.o
    0x200009a8   0x00000048   Data   RW        21669    .data               BUILD/NUCLEO_F103RB/ARM/mbed-os/platform/mbed_retarget.o
    0x200009f0   0x00000010   Data   RW        21821    .data               BUILD/NUCLEO_F103RB/ARM/mbed-os/platform/mbed_rtc_time.o
    0x20000a00   0x00000018   Data   RW        21852    .data               BUILD/NUCLEO_F103RB/ARM/mbed-os/platform/mbed_sleep_manager.o
    0x20000a18   0x00000001   Data   RW        22044    .data               BUILD/NUCLEO_F103RB/ARM/mbed-os/rtos/TARGET_CORTEX/TOOLCHAIN_ARM_STD/mbed_boot_arm_std.o
    0x20000a19   0x00000003   PAD
    0x20000a1c   0x00000004   Data   RW        22063    .data               BUILD/NUCLEO_F103RB/ARM/mbed-os/rtos/TARGET_CORTEX/mbed_boot.o
    0x20000a20   0x00000004   Data   RW        22064    .data               BUILD/NUCLEO_F103RB/ARM/mbed-os/rtos/TARGET_CORTEX/mbed_boot.o
    0x20000a24   0x00000004   Data   RW        22079    .data               BUILD/NUCLEO_F103RB/ARM/mbed-os/rtos/TARGET_CORTEX/mbed_rtos_rtx.o
    0x20000a28   0x00000004   Data   RW        22093    .data               BUILD/NUCLEO_F103RB/ARM/mbed-os/rtos/TARGET_CORTEX/mbed_rtx_handlers.o
    0x20000a2c   0x00000004   Data   RW        22112    .data               BUILD/NUCLEO_F103RB/ARM/mbed-os/rtos/TARGET_CORTEX/mbed_rtx_idle.o
    0x20000a30   0x00000001   Data   RW        22718    .data               BUILD/NUCLEO_F103RB/ARM/mbed-os/rtos/TARGET_CORTEX/rtx5/Source/os_systick.o
    0x20000a31   0x00000001   Data   RW        23997    .data               BUILD/NUCLEO_F103RB/ARM/mbed-os/targets/TARGET_STM/TARGET_STM32F1/device/stm32f1xx_hal_spi_ex.o
    0x20000a32   0x00000002   PAD
    0x20000a34   0x00000004   Data   RW        24589    .data               BUILD/NUCLEO_F103RB/ARM/mbed-os/targets/TARGET_STM/TARGET_STM32F1/device/system_stm32f1xx.o
    0x20000a38   0x00000004   Data   RW        24656    .data               BUILD/NUCLEO_F103RB/ARM/mbed-os/targets/TARGET_STM/TARGET_STM32F1/serial_device.o
    0x20000a3c   0x00000008   Data   RW        24727    .data               BUILD/NUCLEO_F103RB/ARM/mbed-os/targets/TARGET_STM/can_api.o
    0x20000a44   0x00000008   Data   RW        24807    .data               BUILD/NUCLEO_F103RB/ARM/mbed-os/targets/TARGET_STM/hal_tick_overrides.o
    0x20000a4c   0x00000004   Data   RW        24900    .data               BUILD/NUCLEO_F103RB/ARM/mbed-os/targets/TARGET_STM/mbed_overrides.o
    0x20000a50   0x00000004   Data   RW        24972    .data               BUILD/NUCLEO_F103RB/ARM/mbed-os/targets/TARGET_STM/rtc_api.o
    0x20000a54   0x00000004   Data   RW        24997    .data               BUILD/NUCLEO_F103RB/ARM/mbed-os/targets/TARGET_STM/serial_api.o
    0x20000a58   0x0000000c   Data   RW        25079    .data               BUILD/NUCLEO_F103RB/ARM/mbed-os/targets/TARGET_STM/us_ticker.o
    0x20000a64   0x00000004   Data   RW        25305    .data               C:\Keil_v5\ARM\ARMCC\bin\..\lib\armlib\c_w.l(stdio_streams.o)
    0x20000a68   0x00000004   Data   RW        25306    .data               C:\Keil_v5\ARM\ARMCC\bin\..\lib\armlib\c_w.l(stdio_streams.o)
    0x20000a6c   0x00000004   Data   RW        25307    .data               C:\Keil_v5\ARM\ARMCC\bin\..\lib\armlib\c_w.l(stdio_streams.o)
    0x20000a70   0x00000017   Data   RW        25570    .data               C:\Keil_v5\ARM\ARMCC\bin\..\lib\cpplib\cpp_ws.l(rwstdexcept.o)
    0x20000a87   0x00000001   PAD
    0x20000a88   0x00000004   Data   RW        26016    .data               C:\Keil_v5\ARM\ARMCC\bin\..\lib\armlib\c_w.l(streamlock.o)
    0x20000a8c   0x00000008   Data   RW        26130    .data               C:\Keil_v5\ARM\ARMCC\bin\..\lib\cpplib\cpp_ws.l(char.o)
    0x20000a94   0x0000001c   Data   RW        26420    .data               C:\Keil_v5\ARM\ARMCC\bin\..\lib\cpplib\cpp_ws.l(locale.o)
    0x20000ab0   0x00000004   Data   RW        26579    .data               C:\Keil_v5\ARM\ARMCC\bin\..\lib\cpplib\cpp_ws.l(rwthrowproc_noex.o)
    0x20000ab4   0x00000008   Data   RW        26850    .data               C:\Keil_v5\ARM\ARMCC\bin\..\lib\cpplib\cpp_ws.l(rwcats.o)
    0x20000abc   0x000000a4   Data   RW        22287    .data.os            BUILD/NUCLEO_F103RB/ARM/mbed-os/rtos/TARGET_CORTEX/rtx5/RTX/Source/rtx_kernel.o
    0x20000b60   0x00000004   Data   RW        26521    .data__ZZNKSt6locale2id7_C_initEvE9_C_id_gen  C:\Keil_v5\ARM\ARMCC\bin\..\lib\cpplib\cpp_ws.l(locale.o)
    0x20000b64   0x0000000c   Data   RW        26577    .data__ZZSt13__rw_get_catsvE11__open_cats  C:\Keil_v5\ARM\ARMCC\bin\..\lib\cpplib\cpp_ws.l(messages.o)
    0x20000b70   0x000001ac   Zero   RW           80    .bss                BUILD/NUCLEO_F103RB/ARM/GSM_MQTT/GSM_MQTT.o
    0x20000d1c   0x00000004   PAD
    0x20000d20   0x00000840   Zero   RW          309    .bss                BUILD/NUCLEO_F103RB/ARM/main.o
    0x20001560   0x00000054   Zero   RW          371    .bss                BUILD/NUCLEO_F103RB/ARM/mbed-os/cmsis/TARGET_CORTEX_M/mbed_fault_handler.o
    0x200015b4   0x00000004   PAD
    0x200015b8   0x00000030   Zero   RW         1445    .bss                BUILD/NUCLEO_F103RB/ARM/mbed-os/drivers/AnalogIn.o
    0x200015e8   0x00000098   Zero   RW         2148    .bss                BUILD/NUCLEO_F103RB/ARM/mbed-os/drivers/SPI.o
    0x20001680   0x00000010   Zero   RW        19737    .bss                BUILD/NUCLEO_F103RB/ARM/mbed-os/features/storage/filesystem/fat/ChaN/ff.o
    0x20001690   0x00000040   Zero   RW        19879    .bss                BUILD/NUCLEO_F103RB/ARM/mbed-os/features/storage/filesystem/fat/FATFileSystem.o
    0x200016d0   0x00000040   Zero   RW        20933    .bss                BUILD/NUCLEO_F103RB/ARM/mbed-os/hal/mbed_us_ticker_api.o
    0x20001710   0x00000020   Zero   RW        21031    .bss                BUILD/NUCLEO_F103RB/ARM/mbed-os/platform/CThunkBase.o
    0x20001730   0x00000030   Zero   RW        21129    .bss                BUILD/NUCLEO_F103RB/ARM/mbed-os/platform/FileBase.o
    0x20001760   0x00000068   Zero   RW        21441    .bss                BUILD/NUCLEO_F103RB/ARM/mbed-os/platform/mbed_error.o
    0x200017c8   0x00000188   Zero   RW        21665    .bss                BUILD/NUCLEO_F103RB/ARM/mbed-os/platform/mbed_retarget.o
    0x20001950   0x00000030   Zero   RW        21820    .bss                BUILD/NUCLEO_F103RB/ARM/mbed-os/platform/mbed_rtc_time.o
    0x20001980   0x00000100   Zero   RW        22042    .bss                BUILD/NUCLEO_F103RB/ARM/mbed-os/rtos/TARGET_CORTEX/TOOLCHAIN_ARM_STD/mbed_boot_arm_std.o
    0x20001a80   0x00001098   Zero   RW        22078    .bss                BUILD/NUCLEO_F103RB/ARM/mbed-os/rtos/TARGET_CORTEX/mbed_rtos_rtx.o
    0x20002b18   0x000000cc   Zero   RW        24655    .bss                BUILD/NUCLEO_F103RB/ARM/mbed-os/targets/TARGET_STM/TARGET_STM32F1/serial_device.o
    0x20002be4   0x00000014   Zero   RW        24971    .bss                BUILD/NUCLEO_F103RB/ARM/mbed-os/targets/TARGET_STM/rtc_api.o
    0x20002bf8   0x0000004c   Zero   RW        24996    .bss                BUILD/NUCLEO_F103RB/ARM/mbed-os/targets/TARGET_STM/serial_api.o
    0x20002c44   0x00000040   Zero   RW        25077    .bss                BUILD/NUCLEO_F103RB/ARM/mbed-os/targets/TARGET_STM/us_ticker.o
    0x20002c84   0x00000054   Zero   RW        25302    .bss                C:\Keil_v5\ARM\ARMCC\bin\..\lib\armlib\c_w.l(stdio_streams.o)
    0x20002cd8   0x00000054   Zero   RW        25303    .bss                C:\Keil_v5\ARM\ARMCC\bin\..\lib\armlib\c_w.l(stdio_streams.o)
    0x20002d2c   0x00000054   Zero   RW        25304    .bss                C:\Keil_v5\ARM\ARMCC\bin\..\lib\armlib\c_w.l(stdio_streams.o)
    0x20002d80   0x0000002c   Zero   RW        25377    .bss                C:\Keil_v5\ARM\ARMCC\bin\..\lib\armlib\c_w.l(localtime.o)
    0x20002dac   0x00000004   PAD
    0x20002db0   0x00000018   Zero   RW        25567    .bss                C:\Keil_v5\ARM\ARMCC\bin\..\lib\cpplib\cpp_ws.l(rwstdexcept.o)
    0x20002dc8   0x00000060   Zero   RW        25892    .bss                C:\Keil_v5\ARM\ARMCC\bin\..\lib\armlib\c_w.l(libspace.o)
    0x20002e28   0x0000002a   Zero   RW        26775    .bss                C:\Keil_v5\ARM\ARMCC\bin\..\lib\armlib\c_w.l(locale.o)
    0x20002e52   0x00000002   PAD
    0x20002e54   0x00000010   Zero   RW        26924    .bss__ZNSs9__nullrefE  C:\Keil_v5\ARM\ARMCC\bin\..\lib\cpplib\cpp_ws.l(vendor.o)


==============================================================================

Image component sizes


      Code (inc. data)   RO Data    RW Data    ZI Data      Debug   

     74404      10632       6092       2584       8468      50124   Object Totals
         0          0         32          0          0          0   (incl. Generated)
       102          0         21         11          8          0   (incl. Padding)
     31598       1658       2582        104        480      23088   Library Totals
        64          0         18          1          6          0   (incl. Padding)

==============================================================================


      Code (inc. data)   RO Data    RW Data    ZI Data      Debug   

    106002      12290       8674       2688       8948      28228   Grand Totals
    106002      12290       8674        104       8948      28228   ELF Image Totals (compressed)
    106002      12290       8674        104          0          0   ROM Totals

==============================================================================

    Total RO  Size (Code + RO Data)               114676 ( 111.99kB)
    Total RW  Size (RW Data + ZI Data)             11636 (  11.36kB)
    Total ROM Size (Code + RO Data + RW Data)     114780 ( 112.09kB)

==============================================================================

