Component: ARM Compiler 5.06 update 6 (build 750) Tool: armlink [4d35ed]

==============================================================================

Memory Map of the image

  Image Entry point : 0x080000ed

  Load Region LR_IROM1 (Base: 0x08000000, Size: 0x0001d410, Max: 0x00020000, ABSOLUTE, COMPRESSED[0x0001c9f0])

    Execution Region ER_IROM1 (Base: 0x08000000, Size: 0x0001c988, Max: 0x00020000, ABSOLUTE)

    Base Addr    Size         Type   Attr      Idx    E Section Name        Object

    0x08000000   0x000000ec   Data   RO        22895    RESET               BUILD/NUCLEO_F103RB/ARM/mbed-os/targets/TARGET_STM/TARGET_STM32F1/TARGET_NUCLEO_F103RB/device/TOOLCHAIN_ARM_STD/startup_stm32f103xb.o
    0x080000ec   0x00000008   Code   RO        25396  * !!!main             C:\Keil_v5\ARM\ARMCC\bin\..\lib\armlib\c_w.l(__main.o)
    0x080000f4   0x00000034   Code   RO        27109    !!!scatter          C:\Keil_v5\ARM\ARMCC\bin\..\lib\armlib\c_w.l(__scatter.o)
    0x08000128   0x0000005a   Code   RO        27107    !!dczerorl2         C:\Keil_v5\ARM\ARMCC\bin\..\lib\armlib\c_w.l(__dczerorl2.o)
    0x08000182   0x00000002   PAD
    0x08000184   0x0000001c   Code   RO        27111    !!handler_zi        C:\Keil_v5\ARM\ARMCC\bin\..\lib\armlib\c_w.l(__scatter_zi.o)
    0x080001a0   0x00000000   Code   RO        25269    .ARM.Collect$$_printf_percent$$00000000  C:\Keil_v5\ARM\ARMCC\bin\..\lib\armlib\c_w.l(_printf_percent.o)
    0x080001a0   0x00000006   Code   RO        25980    .ARM.Collect$$_printf_percent$$00000001  C:\Keil_v5\ARM\ARMCC\bin\..\lib\armlib\c_w.l(_printf_n.o)
    0x080001a6   0x00000006   Code   RO        25265    .ARM.Collect$$_printf_percent$$00000002  C:\Keil_v5\ARM\ARMCC\bin\..\lib\armlib\c_w.l(_printf_p.o)
    0x080001ac   0x00000006   Code   RO        25268    .ARM.Collect$$_printf_percent$$00000003  C:\Keil_v5\ARM\ARMCC\bin\..\lib\armlib\c_w.l(_printf_f.o)
    0x080001b2   0x00000006   Code   RO        25983    .ARM.Collect$$_printf_percent$$00000004  C:\Keil_v5\ARM\ARMCC\bin\..\lib\armlib\c_w.l(_printf_e.o)
    0x080001b8   0x00000006   Code   RO        25984    .ARM.Collect$$_printf_percent$$00000005  C:\Keil_v5\ARM\ARMCC\bin\..\lib\armlib\c_w.l(_printf_g.o)
    0x080001be   0x00000006   Code   RO        25985    .ARM.Collect$$_printf_percent$$00000006  C:\Keil_v5\ARM\ARMCC\bin\..\lib\armlib\c_w.l(_printf_a.o)
    0x080001c4   0x0000000a   Code   RO        25990    .ARM.Collect$$_printf_percent$$00000007  C:\Keil_v5\ARM\ARMCC\bin\..\lib\armlib\c_w.l(_printf_ll.o)
    0x080001ce   0x00000006   Code   RO        25982    .ARM.Collect$$_printf_percent$$00000008  C:\Keil_v5\ARM\ARMCC\bin\..\lib\armlib\c_w.l(_printf_i.o)
    0x080001d4   0x00000006   Code   RO        25266    .ARM.Collect$$_printf_percent$$00000009  C:\Keil_v5\ARM\ARMCC\bin\..\lib\armlib\c_w.l(_printf_d.o)
    0x080001da   0x00000006   Code   RO        25267    .ARM.Collect$$_printf_percent$$0000000A  C:\Keil_v5\ARM\ARMCC\bin\..\lib\armlib\c_w.l(_printf_u.o)
    0x080001e0   0x00000006   Code   RO        25981    .ARM.Collect$$_printf_percent$$0000000B  C:\Keil_v5\ARM\ARMCC\bin\..\lib\armlib\c_w.l(_printf_o.o)
    0x080001e6   0x00000006   Code   RO        25264    .ARM.Collect$$_printf_percent$$0000000C  C:\Keil_v5\ARM\ARMCC\bin\..\lib\armlib\c_w.l(_printf_x.o)
    0x080001ec   0x00000006   Code   RO        25987    .ARM.Collect$$_printf_percent$$0000000D  C:\Keil_v5\ARM\ARMCC\bin\..\lib\armlib\c_w.l(_printf_lli.o)
    0x080001f2   0x00000006   Code   RO        25988    .ARM.Collect$$_printf_percent$$0000000E  C:\Keil_v5\ARM\ARMCC\bin\..\lib\armlib\c_w.l(_printf_lld.o)
    0x080001f8   0x00000006   Code   RO        25989    .ARM.Collect$$_printf_percent$$0000000F  C:\Keil_v5\ARM\ARMCC\bin\..\lib\armlib\c_w.l(_printf_llu.o)
    0x080001fe   0x00000006   Code   RO        25994    .ARM.Collect$$_printf_percent$$00000010  C:\Keil_v5\ARM\ARMCC\bin\..\lib\armlib\c_w.l(_printf_llo.o)
    0x08000204   0x00000006   Code   RO        25995    .ARM.Collect$$_printf_percent$$00000011  C:\Keil_v5\ARM\ARMCC\bin\..\lib\armlib\c_w.l(_printf_llx.o)
    0x0800020a   0x0000000a   Code   RO        25991    .ARM.Collect$$_printf_percent$$00000012  C:\Keil_v5\ARM\ARMCC\bin\..\lib\armlib\c_w.l(_printf_l.o)
    0x08000214   0x00000006   Code   RO        25979    .ARM.Collect$$_printf_percent$$00000013  C:\Keil_v5\ARM\ARMCC\bin\..\lib\armlib\c_w.l(_printf_c.o)
    0x0800021a   0x00000006   Code   RO        25263    .ARM.Collect$$_printf_percent$$00000014  C:\Keil_v5\ARM\ARMCC\bin\..\lib\armlib\c_w.l(_printf_s.o)
    0x08000220   0x00000006   Code   RO        25992    .ARM.Collect$$_printf_percent$$00000015  C:\Keil_v5\ARM\ARMCC\bin\..\lib\armlib\c_w.l(_printf_lc.o)
    0x08000226   0x00000006   Code   RO        25993    .ARM.Collect$$_printf_percent$$00000016  C:\Keil_v5\ARM\ARMCC\bin\..\lib\armlib\c_w.l(_printf_ls.o)
[...]
    0x0800ea28   0x00000010   Code   RO         2074    i._ZN4mbed9RawSerialC1E7PinNameS1_i  BUILD/NUCLEO_F103RB/ARM/mbed-os/drivers/RawSerial.o
    0x0800ea38   0x00000004   Code   RO          355    i._ZN4mbed9RawSerialD1Ev  BUILD/NUCLEO_F103RB/ARM/main.o
    0x0800ea3c   0x0000004c   Code   RO        22749    i._ZN4rtos10ThisThread14flags_wait_allEjb  BUILD/NUCLEO_F103RB/ARM/mbed-os/rtos/ThisThread.o
    0x0800ea88   0x0000002c   Code   RO        22758    i._ZN4rtos10ThisThread9sleep_forEj  BUILD/NUCLEO_F103RB/ARM/mbed-os/rtos/ThisThread.o
    0x0800eab4   0x00000088   Code   RO        21976    i._ZN4rtos5Mutex11constructorEPKc  BUILD/NUCLEO_F103RB/ARM/mbed-os/rtos/Mutex.o
    0x0800eb3c   0x00000044   Code   RO        21980    i._ZN4rtos5Mutex4lockEv  BUILD/NUCLEO_F103RB/ARM/mbed-os/rtos/Mutex.o
    0x0800eb80   0x0000003c   Code   RO        21981    i._ZN4rtos5Mutex6unlockEv  BUILD/NUCLEO_F103RB/ARM/mbed-os/rtos/Mutex.o
    0x0800ebbc   0x00000050   Code   RO        21985    i._ZN4rtos5MutexC1Ev  BUILD/NUCLEO_F103RB/ARM/mbed-os/rtos/Mutex.o
    0x0800ec0c   0x0000000e   Code   RO        21986    i._ZN4rtos5MutexD1Ev  BUILD/NUCLEO_F103RB/ARM/mbed-os/rtos/Mutex.o
    0x0800ec1a   0x00000004   Code   RO         2713    i._ZN6events10EventQueue8dispatchEi  BUILD/NUCLEO_F103RB/ARM/mbed-os/events/EventQueue.o
    0x0800ec1e   0x00000024   Code   RO         2715    i._ZN6events10EventQueueC1EjPh  BUILD/NUCLEO_F103RB/ARM/mbed-os/events/EventQueue.o
    0x0800ec42   0x0000001a   Code   RO         2716    i._ZN6events10EventQueueD1Ev  BUILD/NUCLEO_F103RB/ARM/mbed-os/events/EventQueue.o
    0x0800ec5c   0x00000024   Code   RO          177    i._ZN7TextLCD3clsEv  BUILD/NUCLEO_F103RB/ARM/TextLCD/TextLCD.o
    0x0800ec80   0x000000ec   Code   RO          180    i._ZN7TextLCD5_putcEi  BUILD/NUCLEO_F103RB/ARM/TextLCD/TextLCD.o
    0x0800ed6c   0x00000006   Code   RO          181    i._ZN7TextLCD6locateEii  BUILD/NUCLEO_F103RB/ARM/TextLCD/TextLCD.o
    0x0800ed72   0x00000002   PAD
    0x0800ed74   0x00000050   Code   RO          185    i._ZN7TextLCD9writeByteEi  BUILD/NUCLEO_F103RB/ARM/TextLCD/TextLCD.o
    0x0800edc4   0x00000120   Code   RO          187    i._ZN7TextLCDC1E7PinNameS0_S0_S0_S0_S0_NS_7LCDTypeE  BUILD/NUCLEO_F103RB/ARM/TextLCD/TextLCD.o
    0x0800eee4   0x00000020   Code   RO          217    i._ZN7TextLCDD1Ev   BUILD/NUCLEO_F103RB/ARM/TextLCD/TextLCD.o
    0x0800ef04   0x00000068   Code   RO           22    i._ZN8GSM_MQTT11AutoConnectEv  BUILD/NUCLEO_F103RB/ARM/GSM_MQTT/GSM_MQTT.o
    0x0800ef6c   0x00000030   Code   RO           23    i._ZN8GSM_MQTT11_sendLengthEi  BUILD/NUCLEO_F103RB/ARM/GSM_MQTT/GSM_MQTT.o
    0x0800ef9c   0x0000052c   Code   RO           24    i._ZN8GSM_MQTT11parsePacketEhhhh  BUILD/NUCLEO_F103RB/ARM/GSM_MQTT/GSM_MQTT.o
    0x0800f4c8   0x0000003c   Code   RO           27    i._ZN8GSM_MQTT14_sendUTFStringEPc  BUILD/NUCLEO_F103RB/ARM/GSM_MQTT/GSM_MQTT.o
    0x0800f504   0x00000100   Code   RO           29    i._ZN8GSM_MQTT16printMessageTypeEh  BUILD/NUCLEO_F103RB/ARM/GSM_MQTT/GSM_MQTT.o
    0x0800f604   0x00000020   Code   RO           30    i._ZN8GSM_MQTT18_generateMessageIDEv  BUILD/NUCLEO_F103RB/ARM/GSM_MQTT/GSM_MQTT.o
    0x0800f624   0x000003ec   Code   RO           32    i._ZN8GSM_MQTT5beginEv  BUILD/NUCLEO_F103RB/ARM/GSM_MQTT/GSM_MQTT.o
    0x0800fa10   0x0000020c   Code   RO           33    i._ZN8GSM_MQTT7connectEPcccS0_S0_ccccS0_S0_  BUILD/NUCLEO_F103RB/ARM/GSM_MQTT/GSM_MQTT.o
    0x0800fc1c   0x00000098   Code   RO           34    i._ZN8GSM_MQTT7publishEcccjPcS0_  BUILD/NUCLEO_F103RB/ARM/GSM_MQTT/GSM_MQTT.o
    0x0800fcb4   0x000005b0   Code   RO           35    i._ZN8GSM_MQTT8_tcpInitEv  BUILD/NUCLEO_F103RB/ARM/GSM_MQTT/GSM_MQTT.o
    0x08010264   0x00000004   Code   RO           37    i._ZN8GSM_MQTT9availableEv  BUILD/NUCLEO_F103RB/ARM/GSM_MQTT/GSM_MQTT.o
    0x08010268   0x0000007c   Code   RO           38    i._ZN8GSM_MQTT9subscribeEcjPcc  BUILD/NUCLEO_F103RB/ARM/GSM_MQTT/GSM_MQTT.o
    0x080102e4   0x00000094   Code   RO           39    i._ZN8GSM_MQTTC1Em  BUILD/NUCLEO_F103RB/ARM/GSM_MQTT/GSM_MQTT.o
    0x08010378   0x00000044   Code   RO          349    i._ZN8GSM_MQTTD1Ev  BUILD/NUCLEO_F103RB/ARM/main.o
    0x080103bc   0x0000002c   Code   RO          264    i._ZN8Watchdog10ConfiguredEf  BUILD/NUCLEO_F103RB/ARM/Watchdog/Watchdog.o
    0x080103e8   0x00000018   Code   RO          265    i._ZN8Watchdog19WatchdogCausedResetEv  BUILD/NUCLEO_F103RB/ARM/Watchdog/Watchdog.o
    0x08010400   0x00000010   Code   RO          266    i._ZN8Watchdog7ServiceEv  BUILD/NUCLEO_F103RB/ARM/Watchdog/Watchdog.o
    0x08010410   0x00000010   Code   RO          267    i._ZN8WatchdogC1Ev  BUILD/NUCLEO_F103RB/ARM/Watchdog/Watchdog.o
    0x08010420   0x00000008   Code   RO          826    i._ZNK13SDBlockDevice13get_read_sizeEv  BUILD/NUCLEO_F103RB/ARM/mbed-os/components/storage/blockdevice/COMPONENT_SD/SDBlockDevice.o
    0x08010428   0x00000008   Code   RO          827    i._ZNK13SDBlockDevice16get_program_sizeEv  BUILD/NUCLEO_F103RB/ARM/mbed-os/components/storage/blockdevice/COMPONENT_SD/SDBlockDevice.o
    0x08010430   0x0000000e   Code   RO          828    i._ZNK13SDBlockDevice4sizeEv  BUILD/NUCLEO_F103RB/ARM/mbed-os/components/storage/blockdevice/COMPONENT_SD/SDBlockDevice.o
    0x0801043e   0x00000006   Code   RO          949    i._ZNK4mbed11BlockDevice14get_erase_sizeEv  BUILD/NUCLEO_F103RB/ARM/mbed-os/components/storage/blockdevice/COMPONENT_SD/SDBlockDevice.o
    0x08010444   0x00000004   Code   RO        25674    i._ZNKSt14__rw_exception4whatEv  C:\Keil_v5\ARM\ARMCC\bin\..\lib\cpplib\cpp_ws.l(rwstdexcept.o)
    0x08010448   0x00000072   Code   RO        26540    i._ZNKSt18__rw_messages_base11_C_cat_openERKSsRKSt6locale  C:\Keil_v5\ARM\ARMCC\bin\..\lib\cpplib\cpp_ws.l(messages.o)
    0x080104ba   0x00000020   Code   RO        26543    i._ZNKSt18__rw_messages_base13_C_get_localeEi  C:\Keil_v5\ARM\ARMCC\bin\..\lib\cpplib\cpp_ws.l(messages.o)
    0x080104da   0x00000034   Code   RO        26544    i._ZNKSt18__rw_messages_base14_C_get_messageEiii  C:\Keil_v5\ARM\ARMCC\bin\..\lib\cpplib\cpp_ws.l(messages.o)
    0x0801050e   0x0000000e   Code   RO        26249    i._ZNKSt5ctypeIcE2isENSt10ctype_base4maskEc  C:\Keil_v5\ARM\ARMCC\bin\..\lib\cpplib\cpp_ws.l(char.o)
    0x0801051c   0x00000108   Code   RO        26368    i._ZNKSt6locale13_C_make_facetERKNS_2idEbiPFPN4__rw15__rw_facet_baseEiPKcjE  C:\Keil_v5\ARM\ARMCC\bin\..\lib\cpplib\cpp_ws.l(locale.o)
    0x08010624   0x00000074   Code   RO        26370    i._ZNKSt6locale16_C_install_facetEPN4__rw15__rw_facet_baseERKNS_2idE  C:\Keil_v5\ARM\ARMCC\bin\..\lib\cpplib\cpp_ws.l(locale.o)
    0x08010698   0x00000030   Code   RO        26371    i._ZNKSt6locale4nameEv  C:\Keil_v5\ARM\ARMCC\bin\..\lib\cpplib\cpp_ws.l(locale.o)
    0x080106c8   0x0000000c   Code   RO        26224    i._ZNSt11char_traitsIcE4copyEPcPKcj  C:\Keil_v5\ARM\ARMCC\bin\..\lib\cpplib\cpp_ws.l(char.o)
    0x080106d4   0x000000cc   Code   RO        26113    i._ZNSt12ctype_bynameIcE17_C_get_mask_tableEPKc  C:\Keil_v5\ARM\ARMCC\bin\..\lib\cpplib\cpp_ws.l(char.o)
    0x080107a0   0x00000120   Code   RO        26115    i._ZNSt12ctype_bynameIcEC1EPKcj  C:\Keil_v5\ARM\ARMCC\bin\..\lib\cpplib\cpp_ws.l(char.o)
    0x080108c0   0x0000000e   Code   RO        26356    i._ZNSt12ctype_bynameIcED0Ev  C:\Keil_v5\ARM\ARMCC\bin\..\lib\cpplib\cpp_ws.l(char.o)
    0x080108ce   0x00000008   Code   RO        26353    i._ZNSt12ctype_bynameIcED1Ev  C:\Keil_v5\ARM\ARMCC\bin\..\lib\cpplib\cpp_ws.l(char.o)
    0x080108d6   0x00000002   PAD
    0x080108d8   0x00000084   Code   RO        25558    i._ZNSt14__rw_exception10_C_vformatEiSt9__va_list  C:\Keil_v5\ARM\ARMCC\bin\..\lib\cpplib\cpp_ws.l(rwstdexcept.o)
    0x0801095c   0x00000014   Code   RO        25624    i._ZNSt14__rw_exceptionC1Ev  C:\Keil_v5\ARM\ARMCC\bin\..\lib\cpplib\cpp_ws.l(rwstdexcept.o)
    0x08010970   0x0000001c   Code   RO        25668    i._ZNSt14__rw_exceptionD1Ev  C:\Keil_v5\ARM\ARMCC\bin\..\lib\cpplib\cpp_ws.l(rwstdexcept.o)
    0x0801098c   0x00000008   Code   RO        25621    i._ZNSt18__rw_messages_baseD1Ev  C:\Keil_v5\ARM\ARMCC\bin\..\lib\cpplib\cpp_ws.l(rwstdexcept.o)
    0x08010994   0x0000001a   Code   RO        26580    i._ZNSt18__rw_open_cat_dataC1Ev  C:\Keil_v5\ARM\ARMCC\bin\..\lib\cpplib\cpp_ws.l(messages.o)
    0x080109ae   0x0000000c   Code   RO        26577    i._ZNSt18__rw_open_cat_dataD1Ev  C:\Keil_v5\ARM\ARMCC\bin\..\lib\cpplib\cpp_ws.l(messages.o)
    0x080109ba   0x00000012   Code   RO        26583    i._ZNSt18__rw_open_cat_dataaSERKS_  C:\Keil_v5\ARM\ARMCC\bin\..\lib\cpplib\cpp_ws.l(messages.o)
    0x080109cc   0x000000fa   Code   RO        26117    i._ZNSt5ctypeIcE12_C_initfacetERKSt6locale  C:\Keil_v5\ARM\ARMCC\bin\..\lib\cpplib\cpp_ws.l(char.o)
    0x08010ac6   0x00000002   PAD
    0x08010ac8   0x00000118   Code   RO        26119    i._ZNSt5ctypeIcEC1EPKNSt10ctype_base4maskEbj  C:\Keil_v5\ARM\ARMCC\bin\..\lib\cpplib\cpp_ws.l(char.o)
    0x08010be0   0x0000000e   Code   RO        26252    i._ZNSt5ctypeIcED0Ev  C:\Keil_v5\ARM\ARMCC\bin\..\lib\cpplib\cpp_ws.l(char.o)
    0x08010bee   0x00000002   PAD
    0x08010bf0   0x0000002c   Code   RO        26181    i._ZNSt5ctypeIcED1Ev  C:\Keil_v5\ARM\ARMCC\bin\..\lib\cpplib\cpp_ws.l(char.o)
    0x08010c1c   0x0000000e   Code   RO        25665    i._ZNSt6locale5facetD0Ev  C:\Keil_v5\ARM\ARMCC\bin\..\lib\cpplib\cpp_ws.l(rwstdexcept.o)
    0x08010c2a   0x00000002   PAD
    0x08010c2c   0x00000084   Code   RO        26374    i._ZNSt6locale7_C_initEv  C:\Keil_v5\ARM\ARMCC\bin\..\lib\cpplib\cpp_ws.l(locale.o)
    0x08010cb0   0x00000044   Code   RO        26376    i._ZNSt6locale7classicEv  C:\Keil_v5\ARM\ARMCC\bin\..\lib\cpplib\cpp_ws.l(locale.o)
    0x08010cf4   0x00000020   Code   RO        26506    i._ZNSt6localeC1EPN4__rw15__rw_locale_impE  C:\Keil_v5\ARM\ARMCC\bin\..\lib\cpplib\cpp_ws.l(locale.o)
    0x08010d14   0x0000000c   Code   RO        26586    i._ZNSt6localeC1ERKS_  C:\Keil_v5\ARM\ARMCC\bin\..\lib\cpplib\cpp_ws.l(messages.o)
    0x08010d20   0x00000020   Code   RO        25617    i._ZNSt6localeC1Ev  C:\Keil_v5\ARM\ARMCC\bin\..\lib\cpplib\cpp_ws.l(rwstdexcept.o)
    0x08010d40   0x00000020   Code   RO        26481    i._ZNSt6localeD1Ev  C:\Keil_v5\ARM\ARMCC\bin\..\lib\cpplib\cpp_ws.l(locale.o)
    0x08010d60   0x00000032   Code   RO        26384    i._ZNSt6localeaSERKS_  C:\Keil_v5\ARM\ARMCC\bin\..\lib\cpplib\cpp_ws.l(locale.o)
    0x08010d92   0x0000000e   Code   RO        25639    i._ZNSt8messagesIcED0Ev  C:\Keil_v5\ARM\ARMCC\bin\..\lib\cpplib\cpp_ws.l(rwstdexcept.o)
    0x08010da0   0x00000010   Code   RO        25608    i._ZNSt8messagesIcED1Ev  C:\Keil_v5\ARM\ARMCC\bin\..\lib\cpplib\cpp_ws.l(rwstdexcept.o)
    0x08010db0   0x0000000c   Code   RO        26601    i._ZNSt9exceptionC1Ev  C:\Keil_v5\ARM\ARMCC\bin\..\lib\cpplib\cpprt_w.l(exception_ctor.o)
    0x08010dbc   0x0000003c   Code   RO        26561    i._ZSt13__rw_get_catsv  C:\Keil_v5\ARM\ARMCC\bin\..\lib\cpplib\cpp_ws.l(messages.o)
    0x08010df8   0x00000004   Code   RO        21561    i._ZdaPv            BUILD/NUCLEO_F103RB/ARM/mbed-os/platform/mbed_retarget.o
    0x08010dfc   0x00000004   Code   RO        21562    i._ZdlPv            BUILD/NUCLEO_F103RB/ARM/mbed-os/platform/mbed_retarget.o
    0x08010e00   0x00000044   Code   RO        21563    i._Znaj             BUILD/NUCLEO_F103RB/ARM/mbed-os/platform/mbed_retarget.o
    0x08010e44   0x00000044   Code   RO        21565    i._Znwj             BUILD/NUCLEO_F103RB/ARM/mbed-os/platform/mbed_retarget.o
    0x08010e88   0x00000092   Code   RO        27075    i.__ARM_array_new_general  C:\Keil_v5\ARM\ARMCC\bin\..\lib\cpplib\cpprt_w.l(array_new_general.o)
    0x08010f1a   0x0000000a   Code   RO         1263    i.__ARM_common_memcpy4_5  BUILD/NUCLEO_F103RB/ARM/mbed-os/components/wifi/esp8266-driver/ESP8266Interface.o
    0x08010f24   0x00000028   Code   RO        26681    i.__ARM_fpclassify  C:\Keil_v5\ARM\ARMCC\bin\..\lib\armlib\m_ws.l(fpclassify.o)
    0x08010f4c   0x00000004   Code   RO        21567    i.__aeabi_atexit    BUILD/NUCLEO_F103RB/ARM/mbed-os/platform/mbed_retarget.o
    0x08010f50   0x00000024   Code   RO        25790    i.__aeabi_vec_ctor_nocookie_nodtor  C:\Keil_v5\ARM\ARMCC\bin\..\lib\cpplib\cpprt_w.l(aeabi_vec_ctor_nocookie_nodtor.o)
    0x08010f74   0x00000010   Code   RO        26624    i.__aeabi_vec_dtor_cookie  C:\Keil_v5\ARM\ARMCC\bin\..\lib\cpplib\cpprt_w.l(aeabi_vec_dtor_cookie.o)
    0x08010f84   0x00000014   Code   RO        26943    i.__aeabi_vec_new_cookie  C:\Keil_v5\ARM\ARMCC\bin\..\lib\cpplib\cpprt_w.l(aeabi_vec_new_cookie.o)
    0x08010f98   0x000000a8   Code   RO        21571    i.__cxa_guard_acquire  BUILD/NUCLEO_F103RB/ARM/mbed-os/platform/mbed_retarget.o
    0x08011040   0x000000a0   Code   RO        21572    i.__cxa_guard_release  BUILD/NUCLEO_F103RB/ARM/mbed-os/platform/mbed_retarget.o
    0x080110e0   0x00000006   Code   RO        25677    i.__cxa_pure_virtual  C:\Keil_v5\ARM\ARMCC\bin\..\lib\cpplib\cpprt_w.l(pure_virt.o)
    0x080110e6   0x00000002   PAD
    0x080110e8   0x00000018   Code   RO        27023    i.__cxa_vec_new     C:\Keil_v5\ARM\ARMCC\bin\..\lib\cpplib\cpprt_w.l(cxa_vec_new.o)
    0x08011100   0x000000aa   Code   RO        26683    i.__kernel_poly     C:\Keil_v5\ARM\ARMCC\bin\..\lib\armlib\m_ws.l(poly.o)
    0x080111aa   0x00000002   PAD
    0x080111ac   0x00000010   Code   RO        26667    i.__mathlib_dbl_divzero  C:\Keil_v5\ARM\ARMCC\bin\..\lib\armlib\m_ws.l(dunder.o)
    0x080111bc   0x00000004   Code   RO        26669    i.__mathlib_dbl_infnan2  C:\Keil_v5\ARM\ARMCC\bin\..\lib\armlib\m_ws.l(dunder.o)
    0x080111c0   0x0000000c   Code   RO        26670    i.__mathlib_dbl_invalid  C:\Keil_v5\ARM\ARMCC\bin\..\lib\armlib\m_ws.l(dunder.o)
    0x080111cc   0x0000000e   Code   RO        26671    i.__mathlib_dbl_overflow  C:\Keil_v5\ARM\ARMCC\bin\..\lib\armlib\m_ws.l(dunder.o)
    0x080111da   0x00000002   PAD
    0x080111dc   0x00000010   Code   RO        26673    i.__mathlib_dbl_underflow  C:\Keil_v5\ARM\ARMCC\bin\..\lib\armlib\m_ws.l(dunder.o)
    0x080111ec   0x00000010   Code   RO        26973    i.__mathlib_narrow  C:\Keil_v5\ARM\ARMCC\bin\..\lib\armlib\m_ws.l(narrow.o)
    0x080111fc   0x000000bc   Code   RO        26974    i.__mathlib_tofloat  C:\Keil_v5\ARM\ARMCC\bin\..\lib\armlib\m_ws.l(narrow.o)
    0x080112b8   0x00000054   Code   RO        22045    i.__rt_entry        BUILD/NUCLEO_F103RB/ARM/mbed-os/rtos/TARGET_CORTEX/TOOLCHAIN_ARM_STD/mbed_boot_arm_std.o
    0x0801130c   0x00000010   Code   RO        26385    i.__sti___10_locale_cpp_ff99fc7b  C:\Keil_v5\ARM\ARMCC\bin\..\lib\cpplib\cpp_ws.l(locale.o)
    0x0801131c   0x00000038   Code   RO        26853    i.__sti___10_rwcats_cpp_64e8068e  C:\Keil_v5\ARM\ARMCC\bin\..\lib\cpplib\cpp_ws.l(rwcats.o)
    0x08011354   0x000000e8   Code   RO           40    i.__sti___12_GSM_MQTT_cpp_bae83271  BUILD/NUCLEO_F103RB/ARM/GSM_MQTT/GSM_MQTT.o
    0x0801143c   0x00000034   Code   RO         2132    i.__sti___7_SPI_cpp_ab1f1164  BUILD/NUCLEO_F103RB/ARM/mbed-os/drivers/SPI.o
    0x08011470   0x00000010   Code   RO        26121    i.__sti___8_char_cpp_a3dc957a  C:\Keil_v5\ARM\ARMCC\bin\..\lib\cpplib\cpp_ws.l(char.o)
    0x08011480   0x000001c8   Code   RO          295    i.__sti___8_main_cpp_lcd  BUILD/NUCLEO_F103RB/ARM/main.o
    0x08011648   0x00000016   Code   RO        27095    i.__support_ldexp   C:\Keil_v5\ARM\ARMCC\bin\..\lib\armlib\m_ws.l(ldexp.o)
    0x0801165e   0x00000002   PAD
    0x08011660   0x00000068   Code   RO        22046    i.__user_perthread_libspace  BUILD/NUCLEO_F103RB/ARM/mbed-os/rtos/TARGET_CORTEX/TOOLCHAIN_ARM_STD/mbed_boot_arm_std.o
    0x080116c8   0x0000000e   Code   RO        25253    i._is_digit         C:\Keil_v5\ARM\ARMCC\bin\..\lib\armlib\c_w.l(__printf_wp.o)
    0x080116d6   0x00000002   PAD
    0x080116d8   0x00000034   Code   RO        22047    i._mutex_acquire    BUILD/NUCLEO_F103RB/ARM/mbed-os/rtos/TARGET_CORTEX/TOOLCHAIN_ARM_STD/mbed_boot_arm_std.o
    0x0801170c   0x0000008c   Code   RO        22048    i._mutex_free       BUILD/NUCLEO_F103RB/ARM/mbed-os/rtos/TARGET_CORTEX/TOOLCHAIN_ARM_STD/mbed_boot_arm_std.o
    0x08011798   0x000000b8   Code   RO        22049    i._mutex_initialize  BUILD/NUCLEO_F103RB/ARM/mbed-os/rtos/TARGET_CORTEX/TOOLCHAIN_ARM_STD/mbed_boot_arm_std.o
    0x08011850   0x0000002c   Code   RO        22050    i._mutex_release    BUILD/NUCLEO_F103RB/ARM/mbed-os/rtos/TARGET_CORTEX/TOOLCHAIN_ARM_STD/mbed_boot_arm_std.o
    0x0801187c   0x00000004   Code   RO        22334    i._platform_post_stackheap_init  BUILD/NUCLEO_F103RB/ARM/mbed-os/rtos/TARGET_CORTEX/rtx5/RTX/Source/rtx_lib.o
    0x08011880   0x00000040   Code   RO        21575    i._sys_close        BUILD/NUCLEO_F103RB/ARM/mbed-os/platform/mbed_retarget.o
    0x080118c0   0x00000030   Code   RO        21578    i._sys_flen         BUILD/NUCLEO_F103RB/ARM/mbed-os/platform/mbed_retarget.o
    0x080118f0   0x0000002e   Code   RO        21579    i._sys_istty        BUILD/NUCLEO_F103RB/ARM/mbed-os/platform/mbed_retarget.o
    0x0801191e   0x00000002   PAD
    0x08011920   0x00000098   Code   RO        21580    i._sys_open         BUILD/NUCLEO_F103RB/ARM/mbed-os/platform/mbed_retarget.o
    0x080119b8   0x00000036   Code   RO        21582    i._sys_seek         BUILD/NUCLEO_F103RB/ARM/mbed-os/platform/mbed_retarget.o
    0x080119ee   0x00000002   PAD
    0x080119f0   0x00000068   Code   RO        21583    i._sys_write        BUILD/NUCLEO_F103RB/ARM/mbed-os/platform/mbed_retarget.o
    0x08011a58   0x000000ac   Code   RO        22915    i.adc_read          BUILD/NUCLEO_F103RB/ARM/mbed-os/targets/TARGET_STM/TARGET_STM32F1/analogin_device.o
    0x08011b04   0x0000017c   Code   RO        22916    i.analogin_init     BUILD/NUCLEO_F103RB/ARM/mbed-os/targets/TARGET_STM/TARGET_STM32F1/analogin_device.o
    0x08011c80   0x00000018   Code   RO        24701    i.analogin_read     BUILD/NUCLEO_F103RB/ARM/mbed-os/targets/TARGET_STM/analogin_api.o
    0x08011c98   0x00000138   Code   RO        24725    i.can_irq           BUILD/NUCLEO_F103RB/ARM/mbed-os/targets/TARGET_STM/can_api.o
    0x08011dd0   0x0000000c   Code   RO        21388    i.core_util_are_interrupts_enabled  BUILD/NUCLEO_F103RB/ARM/mbed-os/platform/mbed_critical.o
    0x08011ddc   0x00000014   Code   RO        21394    i.core_util_atomic_decr_u16  BUILD/NUCLEO_F103RB/ARM/mbed-os/platform/mbed_critical.o
    0x08011df0   0x0000001a   Code   RO        21398    i.core_util_atomic_flag_test_and_set  BUILD/NUCLEO_F103RB/ARM/mbed-os/platform/mbed_critical.o
    0x08011e0a   0x00000014   Code   RO        21400    i.core_util_atomic_incr_u16  BUILD/NUCLEO_F103RB/ARM/mbed-os/platform/mbed_critical.o
    0x08011e1e   0x00000002   PAD
    0x08011e20   0x00000080   Code   RO        21403    i.core_util_critical_section_enter  BUILD/NUCLEO_F103RB/ARM/mbed-os/platform/mbed_critical.o
    0x08011ea0   0x00000020   Code   RO        21404    i.core_util_critical_section_exit  BUILD/NUCLEO_F103RB/ARM/mbed-os/platform/mbed_critical.o
    0x08011ec0   0x0000000c   Code   RO        21406    i.core_util_is_isr_active  BUILD/NUCLEO_F103RB/ARM/mbed-os/platform/mbed_critical.o
    0x08011ecc   0x00000018   Code   RO        24994    i.debug             BUILD/NUCLEO_F103RB/ARM/mbed-os/targets/TARGET_STM/serial_api.o
    0x08011ee4   0x00000044   Code   RO        19837    i.disk_initialize   BUILD/NUCLEO_F103RB/ARM/mbed-os/features/storage/filesystem/fat/FATFileSystem.o
    0x08011f28   0x00000134   Code   RO        19838    i.disk_ioctl        BUILD/NUCLEO_F103RB/ARM/mbed-os/features/storage/filesystem/fat/FATFileSystem.o
    0x0801205c   0x00000078   Code   RO        19839    i.disk_read         BUILD/NUCLEO_F103RB/ARM/mbed-os/features/storage/filesystem/fat/FATFileSystem.o
    0x080120d4   0x0000002c   Code   RO        19840    i.disk_status       BUILD/NUCLEO_F103RB/ARM/mbed-os/features/storage/filesystem/fat/FATFileSystem.o
    0x08012100   0x0000009c   Code   RO        19841    i.disk_write        BUILD/NUCLEO_F103RB/ARM/mbed-os/features/storage/filesystem/fat/FATFileSystem.o
    0x0801219c   0x0000008c   Code   RO         2739    i.equeue_alloc      BUILD/NUCLEO_F103RB/ARM/mbed-os/events/equeue/equeue.o
    0x08012228   0x00000080   Code   RO         2749    i.equeue_create     BUILD/NUCLEO_F103RB/ARM/mbed-os/events/equeue/equeue.o
    0x080122a8   0x00000060   Code   RO         2750    i.equeue_create_inplace  BUILD/NUCLEO_F103RB/ARM/mbed-os/events/equeue/equeue.o
    0x08012308   0x0000005e   Code   RO         2752    i.equeue_destroy    BUILD/NUCLEO_F103RB/ARM/mbed-os/events/equeue/equeue.o
    0x08012366   0x00000002   PAD
    0x08012368   0x0000025c   Code   RO         2753    i.equeue_dispatch   BUILD/NUCLEO_F103RB/ARM/mbed-os/events/equeue/equeue.o
    0x080125c4   0x000000b8   Code   RO         2754    i.equeue_enqueue    BUILD/NUCLEO_F103RB/ARM/mbed-os/events/equeue/equeue.o
    0x0801267c   0x00000006   Code   RO         2755    i.equeue_event_delay  BUILD/NUCLEO_F103RB/ARM/mbed-os/events/equeue/equeue.o
    0x08012682   0x00000006   Code   RO         2756    i.equeue_event_dtor  BUILD/NUCLEO_F103RB/ARM/mbed-os/events/equeue/equeue.o
    0x08012688   0x00000006   Code   RO         2757    i.equeue_event_period  BUILD/NUCLEO_F103RB/ARM/mbed-os/events/equeue/equeue.o
    0x0801268e   0x00000004   Code   RO         2785    i.equeue_mutex_create  BUILD/NUCLEO_F103RB/ARM/mbed-os/events/equeue/equeue_mbed.o
    0x08012692   0x00000002   Code   RO         2786    i.equeue_mutex_destroy  BUILD/NUCLEO_F103RB/ARM/mbed-os/events/equeue/equeue_mbed.o
    0x08012694   0x00000004   Code   RO         2787    i.equeue_mutex_lock  BUILD/NUCLEO_F103RB/ARM/mbed-os/events/equeue/equeue_mbed.o
    0x08012698   0x00000004   Code   RO         2788    i.equeue_mutex_unlock  BUILD/NUCLEO_F103RB/ARM/mbed-os/events/equeue/equeue_mbed.o
    0x0801269c   0x0000002e   Code   RO         2758    i.equeue_post       BUILD/NUCLEO_F103RB/ARM/mbed-os/events/equeue/equeue.o
    0x080126ca   0x0000002a   Code   RO         2789    i.equeue_sema_create  BUILD/NUCLEO_F103RB/ARM/mbed-os/events/equeue/equeue_mbed.o
    0x080126f4   0x00000006   Code   RO         2790    i.equeue_sema_destroy  BUILD/NUCLEO_F103RB/ARM/mbed-os/events/equeue/equeue_mbed.o
    0x080126fa   0x00000008   Code   RO         2791    i.equeue_sema_signal  BUILD/NUCLEO_F103RB/ARM/mbed-os/events/equeue/equeue_mbed.o
    0x08012702   0x0000001e   Code   RO         2792    i.equeue_sema_wait  BUILD/NUCLEO_F103RB/ARM/mbed-os/events/equeue/equeue_mbed.o
    0x08012720   0x00000004   Code   RO         2793    i.equeue_tick       BUILD/NUCLEO_F103RB/ARM/mbed-os/events/equeue/equeue_mbed.o
    0x08012724   0x00000084   Code   RO        21433    i.error             BUILD/NUCLEO_F103RB/ARM/mbed-os/platform/mbed_error.o
    0x080127a8   0x00000064   Code   RO        21587    i.exit              BUILD/NUCLEO_F103RB/ARM/mbed-os/platform/mbed_retarget.o
    0x0801280c   0x00000020   Code   RO        19692    i.f_close           BUILD/NUCLEO_F103RB/ARM/mbed-os/features/storage/filesystem/fat/ChaN/ff.o
    0x0801282c   0x0000014c   Code   RO        19695    i.f_lseek           BUILD/NUCLEO_F103RB/ARM/mbed-os/features/storage/filesystem/fat/ChaN/ff.o
    0x08012978   0x00000084   Code   RO        19698    i.f_mount           BUILD/NUCLEO_F103RB/ARM/mbed-os/features/storage/filesystem/fat/ChaN/ff.o
    0x080129fc   0x00000250   Code   RO        19699    i.f_open            BUILD/NUCLEO_F103RB/ARM/mbed-os/features/storage/filesystem/fat/ChaN/ff.o
    0x08012c4c   0x0000008c   Code   RO        19705    i.f_sync            BUILD/NUCLEO_F103RB/ARM/mbed-os/features/storage/filesystem/fat/ChaN/ff.o
    0x08012cd8   0x0000026c   Code   RO        19708    i.f_write           BUILD/NUCLEO_F103RB/ARM/mbed-os/features/storage/filesystem/fat/ChaN/ff.o
    0x08012f44   0x00000004   Code   RO        19842    i.ff_memalloc       BUILD/NUCLEO_F103RB/ARM/mbed-os/features/storage/filesystem/fat/FATFileSystem.o
    0x08012f48   0x00000004   Code   RO        19843    i.ff_memfree        BUILD/NUCLEO_F103RB/ARM/mbed-os/features/storage/filesystem/fat/FATFileSystem.o
    0x08012f4c   0x00000030   Code   RO        19788    i.ff_oem2uni        BUILD/NUCLEO_F103RB/ARM/mbed-os/features/storage/filesystem/fat/ChaN/ffunicode.o
    0x08012f7c   0x00000040   Code   RO        19789    i.ff_uni2oem        BUILD/NUCLEO_F103RB/ARM/mbed-os/features/storage/filesystem/fat/ChaN/ffunicode.o
    0x08012fbc   0x000000a0   Code   RO        19790    i.ff_wtoupper       BUILD/NUCLEO_F103RB/ARM/mbed-os/features/storage/filesystem/fat/ChaN/ffunicode.o
    0x0801305c   0x0000001a   Code   RO        25295    i.fputc             C:\Keil_v5\ARM\ARMCC\bin\..\lib\armlib\c_w.l(fputc.o)
    0x08013076   0x00000002   PAD
    0x08013078   0x00000058   Code   RO        27052    i.frexp             C:\Keil_v5\ARM\ARMCC\bin\..\lib\armlib\m_ws.l(frexp.o)
    0x080130d0   0x00000040   Code   RO        19844    i.get_fattime       BUILD/NUCLEO_F103RB/ARM/mbed-os/features/storage/filesystem/fat/FATFileSystem.o
    0x08013110   0x0000002e   Code   RO        24995    i.get_uart_index    BUILD/NUCLEO_F103RB/ARM/mbed-os/targets/TARGET_STM/serial_api.o
    0x0801313e   0x00000002   PAD
    0x08013140   0x00000008   Code   RO        20940    i.get_us_ticker_data  BUILD/NUCLEO_F103RB/ARM/mbed-os/hal/mbed_us_ticker_api.o
    0x08013148   0x00000066   Code   RO        24774    i.gpio_dir          BUILD/NUCLEO_F103RB/ARM/mbed-os/targets/TARGET_STM/gpio_api.o
    0x080131ae   0x00000002   PAD
    0x080131b0   0x00000054   Code   RO        24764    i.gpio_init         BUILD/NUCLEO_F103RB/ARM/mbed-os/targets/TARGET_STM/gpio_api.o
    0x08013204   0x0000002e   Code   RO        20863    i.gpio_init_out     BUILD/NUCLEO_F103RB/ARM/mbed-os/hal/mbed_gpio.o
    0x08013232   0x0000003a   Code   RO        20864    i.gpio_init_out_ex  BUILD/NUCLEO_F103RB/ARM/mbed-os/hal/mbed_gpio.o
    0x0801326c   0x00000008   Code   RO        24765    i.gpio_mode         BUILD/NUCLEO_F103RB/ARM/mbed-os/targets/TARGET_STM/gpio_api.o
    0x08013274   0x00000020   Code   RO        20839    i.hal_critical_section_enter  BUILD/NUCLEO_F103RB/ARM/mbed-os/hal/mbed_critical_section_api.o
    0x08013294   0x00000078   Code   RO        20840    i.hal_critical_section_exit  BUILD/NUCLEO_F103RB/ARM/mbed-os/hal/mbed_critical_section_api.o
    0x0801330c   0x00000128   Code   RO        25026    i.hal_deepsleep     BUILD/NUCLEO_F103RB/ARM/mbed-os/targets/TARGET_STM/sleep.o
    0x08013434   0x00000016   Code   RO        25027    i.hal_sleep         BUILD/NUCLEO_F103RB/ARM/mbed-os/targets/TARGET_STM/sleep.o
    0x0801344a   0x00000002   PAD
    0x0801344c   0x000000c4   Code   RO        21434    i.handle_error      BUILD/NUCLEO_F103RB/ARM/mbed-os/platform/mbed_error.o
    0x08013510   0x000000b0   Code   RO        25075    i.init_16bit_timer  BUILD/NUCLEO_F103RB/ARM/mbed-os/targets/TARGET_STM/us_ticker.o
    0x080135c0   0x00000048   Code   RO        25036    i.init_spi          BUILD/NUCLEO_F103RB/ARM/mbed-os/targets/TARGET_STM/stm_spi_api.o
    0x08013608   0x00000058   Code   RO        24996    i.init_uart         BUILD/NUCLEO_F103RB/ARM/mbed-os/targets/TARGET_STM/serial_api.o
    0x08013660   0x00000124   Code   RO        20907    i.initialize        BUILD/NUCLEO_F103RB/ARM/mbed-os/hal/mbed_ticker_api.o
    0x08013784   0x00000074   Code   RO        27096    i.ldexp             C:\Keil_v5\ARM\ARMCC\bin\..\lib\armlib\m_ws.l(ldexp.o)
    0x080137f8   0x00000228   Code   RO          296    i.main              BUILD/NUCLEO_F103RB/ARM/main.o
    0x08013a20   0x00000020   Code   RO        21366    i.mbed_assert_internal  BUILD/NUCLEO_F103RB/ARM/mbed-os/platform/mbed_assert.o
    0x08013a40   0x00000060   Code   RO        21371    i.mbed_die          BUILD/NUCLEO_F103RB/ARM/mbed-os/platform/mbed_board.o
    0x08013aa0   0x00000068   Code   RO        21436    i.mbed_error        BUILD/NUCLEO_F103RB/ARM/mbed-os/platform/mbed_error.o
    0x08013b08   0x00000004   Code   RO        21437    i.mbed_error_initialize  BUILD/NUCLEO_F103RB/ARM/mbed-os/platform/mbed_error.o
    0x08013b0c   0x00000054   Code   RO        21372    i.mbed_error_printf  BUILD/NUCLEO_F103RB/ARM/mbed-os/platform/mbed_board.o
    0x08013b60   0x00000020   Code   RO        21373    i.mbed_error_puts   BUILD/NUCLEO_F103RB/ARM/mbed-os/platform/mbed_board.o
    0x08013b80   0x0000004c   Code   RO        21375    i.mbed_error_vprintf  BUILD/NUCLEO_F103RB/ARM/mbed-os/platform/mbed_board.o
    0x08013bcc   0x00000110   Code   RO          378    i.mbed_fault_handler  BUILD/NUCLEO_F103RB/ARM/mbed-os/cmsis/TARGET_CORTEX_M/mbed_fault_handler.o
    0x08013cdc   0x00000024   Code   RO        22068    i.mbed_init         BUILD/NUCLEO_F103RB/ARM/mbed-os/rtos/TARGET_CORTEX/mbed_boot.o
    0x08013d00   0x00000002   Code   RO        22069    i.mbed_main         BUILD/NUCLEO_F103RB/ARM/mbed-os/rtos/TARGET_CORTEX/mbed_boot.o
    0x08013d02   0x00000004   Code   RO        22086    i.mbed_rtos_init    BUILD/NUCLEO_F103RB/ARM/mbed-os/rtos/TARGET_CORTEX/mbed_rtos_rtx.o
    0x08013d06   0x00000002   PAD
    0x08013d08   0x000000d4   Code   RO        22087    i.mbed_rtos_start   BUILD/NUCLEO_F103RB/ARM/mbed-os/rtos/TARGET_CORTEX/mbed_rtos_rtx.o
    0x08013ddc   0x00000020   Code   RO        24909    i.mbed_sdk_init     BUILD/NUCLEO_F103RB/ARM/mbed-os/targets/TARGET_STM/mbed_overrides.o
    0x08013dfc   0x00000016   Code   RO        22071    i.mbed_start        BUILD/NUCLEO_F103RB/ARM/mbed-os/rtos/TARGET_CORTEX/mbed_boot.o
    0x08013e12   0x00000002   PAD
    0x08013e14   0x00000018   Code   RO        22051    i.mbed_toolchain_init  BUILD/NUCLEO_F103RB/ARM/mbed-os/rtos/TARGET_CORTEX/TOOLCHAIN_ARM_STD/mbed_boot_arm_std.o
    0x08013e2c   0x00000014   Code   RO        21449    i.mbed_warning      BUILD/NUCLEO_F103RB/ARM/mbed-os/platform/mbed_error.o
    0x08013e40   0x00000118   Code   RO        21595    i.open              BUILD/NUCLEO_F103RB/ARM/mbed-os/platform/mbed_retarget.o
    0x08013f58   0x00000030   Code   RO        22189    i.osDelay           BUILD/NUCLEO_F103RB/ARM/mbed-os/rtos/TARGET_CORTEX/rtx5/RTX/Source/rtx_delay.o
    0x08013f88   0x00000030   Code   RO        22206    i.osEventFlagsDelete  BUILD/NUCLEO_F103RB/ARM/mbed-os/rtos/TARGET_CORTEX/rtx5/RTX/Source/rtx_evflags.o
    0x08013fb8   0x00000030   Code   RO        22209    i.osEventFlagsNew   BUILD/NUCLEO_F103RB/ARM/mbed-os/rtos/TARGET_CORTEX/rtx5/RTX/Source/rtx_evflags.o
    0x08013fe8   0x00000054   Code   RO        22210    i.osEventFlagsSet   BUILD/NUCLEO_F103RB/ARM/mbed-os/rtos/TARGET_CORTEX/rtx5/RTX/Source/rtx_evflags.o
    0x0801403c   0x00000090   Code   RO        22211    i.osEventFlagsWait  BUILD/NUCLEO_F103RB/ARM/mbed-os/rtos/TARGET_CORTEX/rtx5/RTX/Source/rtx_evflags.o
    0x080140cc   0x00000034   Code   RO        22270    i.osKernelGetState  BUILD/NUCLEO_F103RB/ARM/mbed-os/rtos/TARGET_CORTEX/rtx5/RTX/Source/rtx_kernel.o
    0x08014100   0x00000028   Code   RO        22273    i.osKernelGetTickCount  BUILD/NUCLEO_F103RB/ARM/mbed-os/rtos/TARGET_CORTEX/rtx5/RTX/Source/rtx_kernel.o
    0x08014128   0x00000034   Code   RO        22275    i.osKernelInitialize  BUILD/NUCLEO_F103RB/ARM/mbed-os/rtos/TARGET_CORTEX/rtx5/RTX/Source/rtx_kernel.o
    0x0801415c   0x00000030   Code   RO        22279    i.osKernelStart     BUILD/NUCLEO_F103RB/ARM/mbed-os/rtos/TARGET_CORTEX/rtx5/RTX/Source/rtx_kernel.o
    0x0801418c   0x000000a8   Code   RO        22428    i.osMessageQueueGet  BUILD/NUCLEO_F103RB/ARM/mbed-os/rtos/TARGET_CORTEX/rtx5/RTX/Source/rtx_msgqueue.o
    0x08014234   0x00000030   Code   RO        22434    i.osMessageQueueNew  BUILD/NUCLEO_F103RB/ARM/mbed-os/rtos/TARGET_CORTEX/rtx5/RTX/Source/rtx_msgqueue.o
    0x08014264   0x00000094   Code   RO        22435    i.osMessageQueuePut  BUILD/NUCLEO_F103RB/ARM/mbed-os/rtos/TARGET_CORTEX/rtx5/RTX/Source/rtx_msgqueue.o
    0x080142f8   0x00000030   Code   RO        22478    i.osMutexAcquire    BUILD/NUCLEO_F103RB/ARM/mbed-os/rtos/TARGET_CORTEX/rtx5/RTX/Source/rtx_mutex.o
    0x08014328   0x00000030   Code   RO        22479    i.osMutexDelete     BUILD/NUCLEO_F103RB/ARM/mbed-os/rtos/TARGET_CORTEX/rtx5/RTX/Source/rtx_mutex.o
    0x08014358   0x00000030   Code   RO        22482    i.osMutexNew        BUILD/NUCLEO_F103RB/ARM/mbed-os/rtos/TARGET_CORTEX/rtx5/RTX/Source/rtx_mutex.o
    0x08014388   0x00000030   Code   RO        22483    i.osMutexRelease    BUILD/NUCLEO_F103RB/ARM/mbed-os/rtos/TARGET_CORTEX/rtx5/RTX/Source/rtx_mutex.o
    0x080143b8   0x0000019c   Code   RO        22100    i.osRtxErrorNotify  BUILD/NUCLEO_F103RB/ARM/mbed-os/rtos/TARGET_CORTEX/mbed_rtx_handlers.o
    0x08014554   0x0000006a   Code   RO        22212    i.osRtxEventFlagsPostProcess  BUILD/NUCLEO_F103RB/ARM/mbed-os/rtos/TARGET_CORTEX/rtx5/RTX/Source/rtx_evflags.o
    0x080145be   0x00000004   Code   RO        22101    i.osRtxIdleThread   BUILD/NUCLEO_F103RB/ARM/mbed-os/rtos/TARGET_CORTEX/mbed_rtx_handlers.o
    0x080145c2   0x00000002   Code   RO        22335    i.osRtxKernelPreInit  BUILD/NUCLEO_F103RB/ARM/mbed-os/rtos/TARGET_CORTEX/rtx5/RTX/Source/rtx_lib.o
    0x080145c4   0x0000008a   Code   RO        22360    i.osRtxMemoryAlloc  BUILD/NUCLEO_F103RB/ARM/mbed-os/rtos/TARGET_CORTEX/rtx5/RTX/Source/rtx_memory.o
    0x0801464e   0x00000046   Code   RO        22361    i.osRtxMemoryFree   BUILD/NUCLEO_F103RB/ARM/mbed-os/rtos/TARGET_CORTEX/rtx5/RTX/Source/rtx_memory.o
    0x08014694   0x00000034   Code   RO        22362    i.osRtxMemoryInit   BUILD/NUCLEO_F103RB/ARM/mbed-os/rtos/TARGET_CORTEX/rtx5/RTX/Source/rtx_memory.o
    0x080146c8   0x0000001e   Code   RO        22383    i.osRtxMemoryPoolAlloc  BUILD/NUCLEO_F103RB/ARM/mbed-os/rtos/TARGET_CORTEX/rtx5/RTX/Source/rtx_mempool.o
    0x080146e6   0x0000002a   Code   RO        22384    i.osRtxMemoryPoolFree  BUILD/NUCLEO_F103RB/ARM/mbed-os/rtos/TARGET_CORTEX/rtx5/RTX/Source/rtx_mempool.o
    0x08014710   0x00000060   Code   RO        22385    i.osRtxMemoryPoolInit  BUILD/NUCLEO_F103RB/ARM/mbed-os/rtos/TARGET_CORTEX/rtx5/RTX/Source/rtx_mempool.o
    0x08014770   0x000000e8   Code   RO        22437    i.osRtxMessageQueuePostProcess  BUILD/NUCLEO_F103RB/ARM/mbed-os/rtos/TARGET_CORTEX/rtx5/RTX/Source/rtx_msgqueue.o
    0x08014858   0x00000048   Code   RO        22484    i.osRtxMutexOwnerRelease  BUILD/NUCLEO_F103RB/ARM/mbed-os/rtos/TARGET_CORTEX/rtx5/RTX/Source/rtx_mutex.o
    0x080148a0   0x00000060   Code   RO        22546    i.osRtxPendSV_Handler  BUILD/NUCLEO_F103RB/ARM/mbed-os/rtos/TARGET_CORTEX/rtx5/RTX/Source/rtx_system.o
    0x08014900   0x00000054   Code   RO        22547    i.osRtxPostProcess  BUILD/NUCLEO_F103RB/ARM/mbed-os/rtos/TARGET_CORTEX/rtx5/RTX/Source/rtx_system.o
    0x08014954   0x00000080   Code   RO        22560    i.osRtxThreadDelayRemove  BUILD/NUCLEO_F103RB/ARM/mbed-os/rtos/TARGET_CORTEX/rtx5/RTX/Source/rtx_thread.o
    0x080149d4   0x00000078   Code   RO        22561    i.osRtxThreadDelayTick  BUILD/NUCLEO_F103RB/ARM/mbed-os/rtos/TARGET_CORTEX/rtx5/RTX/Source/rtx_thread.o
    0x08014a4c   0x000000f0   Code   RO        22562    i.osRtxThreadDispatch  BUILD/NUCLEO_F103RB/ARM/mbed-os/rtos/TARGET_CORTEX/rtx5/RTX/Source/rtx_thread.o
    0x08014b3c   0x00000058   Code   RO        22563    i.osRtxThreadFree   BUILD/NUCLEO_F103RB/ARM/mbed-os/rtos/TARGET_CORTEX/rtx5/RTX/Source/rtx_thread.o
    0x08014b94   0x0000001c   Code   RO        22564    i.osRtxThreadListGet  BUILD/NUCLEO_F103RB/ARM/mbed-os/rtos/TARGET_CORTEX/rtx5/RTX/Source/rtx_thread.o
    0x08014bb0   0x00000028   Code   RO        22565    i.osRtxThreadListPut  BUILD/NUCLEO_F103RB/ARM/mbed-os/rtos/TARGET_CORTEX/rtx5/RTX/Source/rtx_thread.o
    0x08014bd8   0x0000001c   Code   RO        22566    i.osRtxThreadListRemove  BUILD/NUCLEO_F103RB/ARM/mbed-os/rtos/TARGET_CORTEX/rtx5/RTX/Source/rtx_thread.o
    0x08014bf4   0x00000050   Code   RO        22567    i.osRtxThreadListSort  BUILD/NUCLEO_F103RB/ARM/mbed-os/rtos/TARGET_CORTEX/rtx5/RTX/Source/rtx_thread.o
    0x08014c44   0x0000005c   Code   RO        22568    i.osRtxThreadPostProcess  BUILD/NUCLEO_F103RB/ARM/mbed-os/rtos/TARGET_CORTEX/rtx5/RTX/Source/rtx_thread.o
    0x08014ca0   0x00000034   Code   RO        22569    i.osRtxThreadReadyPut  BUILD/NUCLEO_F103RB/ARM/mbed-os/rtos/TARGET_CORTEX/rtx5/RTX/Source/rtx_thread.o
    0x08014cd4   0x00000006   Code   RO        22570    i.osRtxThreadRegPtr  BUILD/NUCLEO_F103RB/ARM/mbed-os/rtos/TARGET_CORTEX/rtx5/RTX/Source/rtx_thread.o
    0x08014cda   0x00000002   PAD
    0x08014cdc   0x0000002c   Code   RO        22571    i.osRtxThreadStackCheck  BUILD/NUCLEO_F103RB/ARM/mbed-os/rtos/TARGET_CORTEX/rtx5/RTX/Source/rtx_thread.o
    0x08014d08   0x0000004c   Code   RO        22572    i.osRtxThreadStartup  BUILD/NUCLEO_F103RB/ARM/mbed-os/rtos/TARGET_CORTEX/rtx5/RTX/Source/rtx_thread.o
    0x08014d54   0x00000014   Code   RO        22573    i.osRtxThreadSwitch  BUILD/NUCLEO_F103RB/ARM/mbed-os/rtos/TARGET_CORTEX/rtx5/RTX/Source/rtx_thread.o
    0x08014d68   0x000000ac   Code   RO        22574    i.osRtxThreadWaitEnter  BUILD/NUCLEO_F103RB/ARM/mbed-os/rtos/TARGET_CORTEX/rtx5/RTX/Source/rtx_thread.o
    0x08014e14   0x00000050   Code   RO        22575    i.osRtxThreadWaitExit  BUILD/NUCLEO_F103RB/ARM/mbed-os/rtos/TARGET_CORTEX/rtx5/RTX/Source/rtx_thread.o
    0x08014e64   0x00000080   Code   RO        22548    i.osRtxTick_Handler  BUILD/NUCLEO_F103RB/ARM/mbed-os/rtos/TARGET_CORTEX/rtx5/RTX/Source/rtx_system.o
    0x08014ee4   0x00000048   Code   RO        22684    i.osRtxTimerThread  BUILD/NUCLEO_F103RB/ARM/mbed-os/rtos/TARGET_CORTEX/rtx5/RTX/Source/rtx_timer.o
    0x08014f2c   0x0000008c   Code   RO        22685    i.osRtxTimerTick    BUILD/NUCLEO_F103RB/ARM/mbed-os/rtos/TARGET_CORTEX/rtx5/RTX/Source/rtx_timer.o
    0x08014fb8   0x0000001c   Code   RO        22578    i.osThreadExit      BUILD/NUCLEO_F103RB/ARM/mbed-os/rtos/TARGET_CORTEX/rtx5/RTX/Source/rtx_thread.o
    0x08014fd4   0x00000030   Code   RO        22582    i.osThreadFlagsWait  BUILD/NUCLEO_F103RB/ARM/mbed-os/rtos/TARGET_CORTEX/rtx5/RTX/Source/rtx_thread.o
    0x08015004   0x00000028   Code   RO        22584    i.osThreadGetId     BUILD/NUCLEO_F103RB/ARM/mbed-os/rtos/TARGET_CORTEX/rtx5/RTX/Source/rtx_thread.o
    0x0801502c   0x00000030   Code   RO        22591    i.osThreadNew       BUILD/NUCLEO_F103RB/ARM/mbed-os/rtos/TARGET_CORTEX/rtx5/RTX/Source/rtx_thread.o
    0x0801505c   0x00000288   Code   RO        24918    i.pin_function      BUILD/NUCLEO_F103RB/ARM/mbed-os/targets/TARGET_STM/pinmap.o
    0x080152e4   0x0000013c   Code   RO        24919    i.pin_mode          BUILD/NUCLEO_F103RB/ARM/mbed-os/targets/TARGET_STM/pinmap.o
    0x08015420   0x0000006c   Code   RO        20890    i.pinmap_function   BUILD/NUCLEO_F103RB/ARM/mbed-os/hal/mbed_pinmap_common.o
    0x0801548c   0x00000044   Code   RO        20891    i.pinmap_merge      BUILD/NUCLEO_F103RB/ARM/mbed-os/hal/mbed_pinmap_common.o
    0x080154d0   0x0000006c   Code   RO        20892    i.pinmap_peripheral  BUILD/NUCLEO_F103RB/ARM/mbed-os/hal/mbed_pinmap_common.o
    0x0801553c   0x00000068   Code   RO        20893    i.pinmap_pinout     BUILD/NUCLEO_F103RB/ARM/mbed-os/hal/mbed_pinmap_common.o
    0x080155a4   0x000009d8   Code   RO        25888    i.pow               C:\Keil_v5\ARM\ARMCC\bin\..\lib\armlib\m_ws.l(pow.o)
    0x08015f7c   0x000001ac   Code   RO          380    i.print_context_info  BUILD/NUCLEO_F103RB/ARM/mbed-os/cmsis/TARGET_CORTEX_M/mbed_fault_handler.o
    0x08016128   0x00000210   Code   RO        21450    i.print_error_report  BUILD/NUCLEO_F103RB/ARM/mbed-os/platform/mbed_error.o
    0x08016338   0x00000024   Code   RO        25076    i.restore_timer_ctx  BUILD/NUCLEO_F103RB/ARM/mbed-os/targets/TARGET_STM/us_ticker.o
    0x0801635c   0x00000120   Code   RO        24977    i.rtc_init          BUILD/NUCLEO_F103RB/ARM/mbed-os/targets/TARGET_STM/rtc_api.o
    0x0801647c   0x00000010   Code   RO        24978    i.rtc_isenabled     BUILD/NUCLEO_F103RB/ARM/mbed-os/targets/TARGET_STM/rtc_api.o
    0x0801648c   0x00000014   Code   RO        24979    i.rtc_read          BUILD/NUCLEO_F103RB/ARM/mbed-os/targets/TARGET_STM/rtc_api.o
    0x080164a0   0x00000040   Code   RO        24980    i.rtc_write         BUILD/NUCLEO_F103RB/ARM/mbed-os/targets/TARGET_STM/rtc_api.o
    0x080164e0   0x0000000c   Code   RO        22118    i.rtos_idle_loop    BUILD/NUCLEO_F103RB/ARM/mbed-os/rtos/TARGET_CORTEX/mbed_rtx_idle.o
    0x080164ec   0x00000024   Code   RO        25077    i.save_timer_ctx    BUILD/NUCLEO_F103RB/ARM/mbed-os/targets/TARGET_STM/us_ticker.o
    0x08016510   0x00000170   Code   RO        20908    i.schedule_interrupt  BUILD/NUCLEO_F103RB/ARM/mbed-os/hal/mbed_ticker_api.o
    0x08016680   0x00000048   Code   RO        24997    i.serial_baud       BUILD/NUCLEO_F103RB/ARM/mbed-os/targets/TARGET_STM/serial_api.o
    0x080166c8   0x0000002c   Code   RO        24649    i.serial_getc       BUILD/NUCLEO_F103RB/ARM/mbed-os/targets/TARGET_STM/TARGET_STM32F1/serial_device.o
    0x080166f4   0x000001f8   Code   RO        25001    i.serial_init       BUILD/NUCLEO_F103RB/ARM/mbed-os/targets/TARGET_STM/serial_api.o
    0x080168ec   0x00000018   Code   RO        24650    i.serial_irq_handler  BUILD/NUCLEO_F103RB/ARM/mbed-os/targets/TARGET_STM/TARGET_STM32F1/serial_device.o
    0x08016904   0x0000015c   Code   RO        24651    i.serial_irq_handler_asynch  BUILD/NUCLEO_F103RB/ARM/mbed-os/targets/TARGET_STM/TARGET_STM32F1/serial_device.o
    0x08016a60   0x000000f8   Code   RO        24652    i.serial_irq_set    BUILD/NUCLEO_F103RB/ARM/mbed-os/targets/TARGET_STM/TARGET_STM32F1/serial_device.o
    0x08016b58   0x00000064   Code   RO        25002    i.serial_is_tx_ongoing  BUILD/NUCLEO_F103RB/ARM/mbed-os/targets/TARGET_STM/serial_api.o
    0x08016bbc   0x00000034   Code   RO        24653    i.serial_putc       BUILD/NUCLEO_F103RB/ARM/mbed-os/targets/TARGET_STM/TARGET_STM32F1/serial_device.o
    0x08016bf0   0x00000028   Code   RO        25004    i.serial_readable   BUILD/NUCLEO_F103RB/ARM/mbed-os/targets/TARGET_STM/serial_api.o
    0x08016c18   0x00000018   Code   RO        25005    i.serial_writable   BUILD/NUCLEO_F103RB/ARM/mbed-os/targets/TARGET_STM/serial_api.o
    0x08016c30   0x00000038   Code   RO        21825    i.set_time          BUILD/NUCLEO_F103RB/ARM/mbed-os/platform/mbed_rtc_time.o
    0x08016c68   0x00000068   Code   RO        21859    i.sleep_manager_lock_deep_sleep_internal  BUILD/NUCLEO_F103RB/ARM/mbed-os/platform/mbed_sleep_manager.o
    0x08016cd0   0x00000024   Code   RO        21860    i.sleep_manager_sleep_auto  BUILD/NUCLEO_F103RB/ARM/mbed-os/platform/mbed_sleep_manager.o
    0x08016cf4   0x00000058   Code   RO        21861    i.sleep_manager_unlock_deep_sleep_internal  BUILD/NUCLEO_F103RB/ARM/mbed-os/platform/mbed_sleep_manager.o
    0x08016d4c   0x000000e0   Code   RO        25040    i.spi_format        BUILD/NUCLEO_F103RB/ARM/mbed-os/targets/TARGET_STM/stm_spi_api.o
    0x08016e2c   0x0000006c   Code   RO        25042    i.spi_frequency     BUILD/NUCLEO_F103RB/ARM/mbed-os/targets/TARGET_STM/stm_spi_api.o
    0x08016e98   0x00000048   Code   RO        24693    i.spi_get_clock_freq  BUILD/NUCLEO_F103RB/ARM/mbed-os/targets/TARGET_STM/TARGET_STM32F1/spi_api.o
    0x08016ee0   0x000001ac   Code   RO        25043    i.spi_init          BUILD/NUCLEO_F103RB/ARM/mbed-os/targets/TARGET_STM/stm_spi_api.o
    0x0801708c   0x0000007c   Code   RO        25070    i.spi_irq_handler_asynch  BUILD/NUCLEO_F103RB/ARM/mbed-os/targets/TARGET_STM/stm_spi_api.o
    0x08017108   0x000000c2   Code   RO        25044    i.spi_master_block_write  BUILD/NUCLEO_F103RB/ARM/mbed-os/targets/TARGET_STM/stm_spi_api.o
    0x080171ca   0x00000002   PAD
    0x080171cc   0x000000e8   Code   RO        25045    i.spi_master_start_asynch_transfer  BUILD/NUCLEO_F103RB/ARM/mbed-os/targets/TARGET_STM/stm_spi_api.o
    0x080172b4   0x000000c8   Code   RO        25046    i.spi_master_transfer  BUILD/NUCLEO_F103RB/ARM/mbed-os/targets/TARGET_STM/stm_spi_api.o
    0x0801737c   0x00000050   Code   RO        25047    i.spi_master_write  BUILD/NUCLEO_F103RB/ARM/mbed-os/targets/TARGET_STM/stm_spi_api.o
    0x080173cc   0x0000004c   Code   RO        26687    i.sqrt              C:\Keil_v5\ARM\ARMCC\bin\..\lib\armlib\m_ws.l(sqrt.o)
    0x08017418   0x000000f8   Code   RO        24920    i.stm_pin_PullConfig  BUILD/NUCLEO_F103RB/ARM/mbed-os/targets/TARGET_STM/pinmap.o
    0x08017510   0x00000010   Code   RO        22191    i.svcRtxDelay       BUILD/NUCLEO_F103RB/ARM/mbed-os/rtos/TARGET_CORTEX/rtx5/RTX/Source/rtx_delay.o
    0x08017520   0x00000068   Code   RO        22214    i.svcRtxEventFlagsDelete  BUILD/NUCLEO_F103RB/ARM/mbed-os/rtos/TARGET_CORTEX/rtx5/RTX/Source/rtx_evflags.o
    0x08017588   0x00000080   Code   RO        22217    i.svcRtxEventFlagsNew  BUILD/NUCLEO_F103RB/ARM/mbed-os/rtos/TARGET_CORTEX/rtx5/RTX/Source/rtx_evflags.o
    0x08017608   0x000000a8   Code   RO        22218    i.svcRtxEventFlagsSet  BUILD/NUCLEO_F103RB/ARM/mbed-os/rtos/TARGET_CORTEX/rtx5/RTX/Source/rtx_evflags.o
    0x080176b0   0x000000b8   Code   RO        22219    i.svcRtxEventFlagsWait  BUILD/NUCLEO_F103RB/ARM/mbed-os/rtos/TARGET_CORTEX/rtx5/RTX/Source/rtx_evflags.o
    0x08017768   0x0000000c   Code   RO        22284    i.svcRtxKernelGetState  BUILD/NUCLEO_F103RB/ARM/mbed-os/rtos/TARGET_CORTEX/rtx5/RTX/Source/rtx_kernel.o
    0x08017774   0x0000000c   Code   RO        22287    i.svcRtxKernelGetTickCount  BUILD/NUCLEO_F103RB/ARM/mbed-os/rtos/TARGET_CORTEX/rtx5/RTX/Source/rtx_kernel.o
    0x08017780   0x00000188   Code   RO        22289    i.svcRtxKernelInitialize  BUILD/NUCLEO_F103RB/ARM/mbed-os/rtos/TARGET_CORTEX/rtx5/RTX/Source/rtx_kernel.o
    0x08017908   0x000000b0   Code   RO        22293    i.svcRtxKernelStart  BUILD/NUCLEO_F103RB/ARM/mbed-os/rtos/TARGET_CORTEX/rtx5/RTX/Source/rtx_kernel.o
    0x080179b8   0x0000011c   Code   RO        22439    i.svcRtxMessageQueueGet  BUILD/NUCLEO_F103RB/ARM/mbed-os/rtos/TARGET_CORTEX/rtx5/RTX/Source/rtx_msgqueue.o
    0x08017ad4   0x0000014c   Code   RO        22445    i.svcRtxMessageQueueNew  BUILD/NUCLEO_F103RB/ARM/mbed-os/rtos/TARGET_CORTEX/rtx5/RTX/Source/rtx_msgqueue.o
    0x08017c20   0x000000c8   Code   RO        22446    i.svcRtxMessageQueuePut  BUILD/NUCLEO_F103RB/ARM/mbed-os/rtos/TARGET_CORTEX/rtx5/RTX/Source/rtx_msgqueue.o
    0x08017ce8   0x000000c4   Code   RO        22485    i.svcRtxMutexAcquire  BUILD/NUCLEO_F103RB/ARM/mbed-os/rtos/TARGET_CORTEX/rtx5/RTX/Source/rtx_mutex.o
    0x08017dac   0x000000c0   Code   RO        22486    i.svcRtxMutexDelete  BUILD/NUCLEO_F103RB/ARM/mbed-os/rtos/TARGET_CORTEX/rtx5/RTX/Source/rtx_mutex.o
    0x08017e6c   0x00000084   Code   RO        22489    i.svcRtxMutexNew    BUILD/NUCLEO_F103RB/ARM/mbed-os/rtos/TARGET_CORTEX/rtx5/RTX/Source/rtx_mutex.o
    0x08017ef0   0x000000dc   Code   RO        22490    i.svcRtxMutexRelease  BUILD/NUCLEO_F103RB/ARM/mbed-os/rtos/TARGET_CORTEX/rtx5/RTX/Source/rtx_mutex.o
    0x08017fcc   0x00000088   Code   RO        22599    i.svcRtxThreadExit  BUILD/NUCLEO_F103RB/ARM/mbed-os/rtos/TARGET_CORTEX/rtx5/RTX/Source/rtx_thread.o
    0x08018054   0x000000a4   Code   RO        22603    i.svcRtxThreadFlagsWait  BUILD/NUCLEO_F103RB/ARM/mbed-os/rtos/TARGET_CORTEX/rtx5/RTX/Source/rtx_thread.o
    0x080180f8   0x0000000c   Code   RO        22605    i.svcRtxThreadGetId  BUILD/NUCLEO_F103RB/ARM/mbed-os/rtos/TARGET_CORTEX/rtx5/RTX/Source/rtx_thread.o
    0x08018104   0x00000220   Code   RO        22612    i.svcRtxThreadNew   BUILD/NUCLEO_F103RB/ARM/mbed-os/rtos/TARGET_CORTEX/rtx5/RTX/Source/rtx_thread.o
    0x08018324   0x00000070   Code   RO        20911    i.ticker_insert_event_us  BUILD/NUCLEO_F103RB/ARM/mbed-os/hal/mbed_ticker_api.o
    0x08018394   0x00000072   Code   RO        20912    i.ticker_irq_handler  BUILD/NUCLEO_F103RB/ARM/mbed-os/hal/mbed_ticker_api.o
    0x08018406   0x0000001e   Code   RO        20913    i.ticker_read       BUILD/NUCLEO_F103RB/ARM/mbed-os/hal/mbed_ticker_api.o
    0x08018424   0x00000024   Code   RO        20914    i.ticker_read_us    BUILD/NUCLEO_F103RB/ARM/mbed-os/hal/mbed_ticker_api.o
    0x08018448   0x00000038   Code   RO        20915    i.ticker_remove_event  BUILD/NUCLEO_F103RB/ARM/mbed-os/hal/mbed_ticker_api.o
    0x08018480   0x0000001a   Code   RO        20917    i.ticker_set_handler  BUILD/NUCLEO_F103RB/ARM/mbed-os/hal/mbed_ticker_api.o
    0x0801849a   0x00000002   PAD
    0x0801849c   0x00000068   Code   RO        21826    i.time              BUILD/NUCLEO_F103RB/ARM/mbed-os/platform/mbed_rtc_time.o
    0x08018504   0x00000028   Code   RO        25078    i.timer_irq_handler  BUILD/NUCLEO_F103RB/ARM/mbed-os/targets/TARGET_STM/us_ticker.o
    0x0801852c   0x0000000c   Code   RO        24661    i.uart1_irq         BUILD/NUCLEO_F103RB/ARM/mbed-os/targets/TARGET_STM/TARGET_STM32F1/serial_device.o
    0x08018538   0x0000000c   Code   RO        24662    i.uart2_irq         BUILD/NUCLEO_F103RB/ARM/mbed-os/targets/TARGET_STM/TARGET_STM32F1/serial_device.o
    0x08018544   0x0000000c   Code   RO        24663    i.uart3_irq         BUILD/NUCLEO_F103RB/ARM/mbed-os/targets/TARGET_STM/TARGET_STM32F1/serial_device.o
    0x08018550   0x00000074   Code   RO        24664    i.uart_irq          BUILD/NUCLEO_F103RB/ARM/mbed-os/targets/TARGET_STM/TARGET_STM32F1/serial_device.o
    0x080185c4   0x0000010c   Code   RO        20919    i.update_present_time  BUILD/NUCLEO_F103RB/ARM/mbed-os/hal/mbed_ticker_api.o
    0x080186d0   0x00000010   Code   RO        25079    i.us_ticker_clear_interrupt  BUILD/NUCLEO_F103RB/ARM/mbed-os/targets/TARGET_STM/us_ticker.o
    0x080186e0   0x00000014   Code   RO        25080    i.us_ticker_disable_interrupt  BUILD/NUCLEO_F103RB/ARM/mbed-os/targets/TARGET_STM/us_ticker.o
    0x080186f4   0x00000024   Code   RO        25081    i.us_ticker_fire_interrupt  BUILD/NUCLEO_F103RB/ARM/mbed-os/targets/TARGET_STM/us_ticker.o
    0x08018718   0x0000001c   Code   RO        25082    i.us_ticker_free    BUILD/NUCLEO_F103RB/ARM/mbed-os/targets/TARGET_STM/us_ticker.o
    0x08018734   0x00000008   Code   RO        25083    i.us_ticker_get_info  BUILD/NUCLEO_F103RB/ARM/mbed-os/targets/TARGET_STM/us_ticker.o
    0x0801873c   0x00000018   Code   RO        25084    i.us_ticker_init    BUILD/NUCLEO_F103RB/ARM/mbed-os/targets/TARGET_STM/us_ticker.o
    0x08018754   0x00000018   Code   RO        20942    i.us_ticker_irq_handler  BUILD/NUCLEO_F103RB/ARM/mbed-os/hal/mbed_us_ticker_api.o
    0x0801876c   0x0000000c   Code   RO        25085    i.us_ticker_read    BUILD/NUCLEO_F103RB/ARM/mbed-os/targets/TARGET_STM/us_ticker.o
    0x08018778   0x00000020   Code   RO        25086    i.us_ticker_set_interrupt  BUILD/NUCLEO_F103RB/ARM/mbed-os/targets/TARGET_STM/us_ticker.o
    0x08018798   0x000000cc   Code   RO        21894    i.wait              BUILD/NUCLEO_F103RB/ARM/mbed-os/platform/mbed_wait_api_rtos.o
    0x08018864   0x0000005c   Code   RO        21895    i.wait_ms           BUILD/NUCLEO_F103RB/ARM/mbed-os/platform/mbed_wait_api_rtos.o
    0x080188c0   0x0000007c   Code   RO        21896    i.wait_us           BUILD/NUCLEO_F103RB/ARM/mbed-os/platform/mbed_wait_api_rtos.o
    0x0801893c   0x00000038   Code   RO        21610    i.write             BUILD/NUCLEO_F103RB/ARM/mbed-os/platform/mbed_retarget.o
    0x08018974   0x0000002c   Code   RO        26038    locale$$code        C:\Keil_v5\ARM\ARMCC\bin\..\lib\armlib\c_w.l(lc_ctype_c.o)
    0x080189a0   0x0000002c   Code   RO        26041    locale$$code        C:\Keil_v5\ARM\ARMCC\bin\..\lib\armlib\c_w.l(lc_time_c.o)
    0x080189cc   0x0000002c   Code   RO        26803    locale$$code        C:\Keil_v5\ARM\ARMCC\bin\..\lib\armlib\c_w.l(lc_numeric_c.o)
    0x080189f8   0x0000000c   Code   RO        21072    t._ZN10CThunkBase11thunk_entryILi0EEEvv  BUILD/NUCLEO_F103RB/ARM/mbed-os/platform/CThunkBase.o
    0x08018a04   0x0000000c   Code   RO        21069    t._ZN10CThunkBase11thunk_entryILi1EEEvv  BUILD/NUCLEO_F103RB/ARM/mbed-os/platform/CThunkBase.o
    0x08018a10   0x0000000c   Code   RO        21066    t._ZN10CThunkBase11thunk_entryILi2EEEvv  BUILD/NUCLEO_F103RB/ARM/mbed-os/platform/CThunkBase.o
    0x08018a1c   0x0000000c   Code   RO        21063    t._ZN10CThunkBase11thunk_entryILi3EEEvv  BUILD/NUCLEO_F103RB/ARM/mbed-os/platform/CThunkBase.o
    0x08018a28   0x0000000c   Code   RO        21060    t._ZN10CThunkBase11thunk_entryILi4EEEvv  BUILD/NUCLEO_F103RB/ARM/mbed-os/platform/CThunkBase.o
    0x08018a34   0x0000000c   Code   RO        21057    t._ZN10CThunkBase11thunk_entryILi5EEEvv  BUILD/NUCLEO_F103RB/ARM/mbed-os/platform/CThunkBase.o
    0x08018a40   0x0000000c   Code   RO        21054    t._ZN10CThunkBase11thunk_entryILi6EEEvv  BUILD/NUCLEO_F103RB/ARM/mbed-os/platform/CThunkBase.o
    0x08018a4c   0x0000000c   Code   RO        21051    t._ZN10CThunkBase11thunk_entryILi7EEEvv  BUILD/NUCLEO_F103RB/ARM/mbed-os/platform/CThunkBase.o
    0x08018a58   0x00000014   Code   RO        26233    t._ZN4__rw12__string_refIcSt11char_traitsIcESaIcEE10_C_inc_refEv  C:\Keil_v5\ARM\ARMCC\bin\..\lib\cpplib\cpp_ws.l(char.o)
    0x08018a6c   0x00000046   Code   RO        25630    t._ZN4__rw16__rw_facet_makerISt5ctypeIcEE13_C_maker_funcEiPKcj  C:\Keil_v5\ARM\ARMCC\bin\..\lib\cpplib\cpp_ws.l(rwstdexcept.o)
    0x08018ab2   0x00000056   Code   RO        26484    t._ZN4__rw18__rw_locale_vectorIPNS_15__rw_facet_baseEE6resizeEjRKS2_  C:\Keil_v5\ARM\ARMCC\bin\..\lib\cpplib\cpp_ws.l(locale.o)
    0x08018b08   0x0000000e   Code   RO        26496    t._ZN4__rw18__rw_locale_vectorIPNS_15__rw_facet_baseEED1Ev  C:\Keil_v5\ARM\ARMCC\bin\..\lib\cpplib\cpp_ws.l(locale.o)
    0x08018b16   0x0000000e   Code   RO        26869    t._ZN4__rw18__rw_locale_vectorIPNS_8__rw_catEED1Ev  C:\Keil_v5\ARM\ARMCC\bin\..\lib\cpplib\cpp_ws.l(rwcats.o)
    0x08018b24   0x00000014   Code   RO        26499    t._ZN4__rw18__rw_locale_vectorISsED1Ev  C:\Keil_v5\ARM\ARMCC\bin\..\lib\cpplib\cpp_ws.l(locale.o)
    0x08018b38   0x00000088   Code   RO        26567    t._ZN4__rw18__rw_locale_vectorISt18__rw_open_cat_dataE6resizeEj  C:\Keil_v5\ARM\ARMCC\bin\..\lib\cpplib\cpp_ws.l(messages.o)
    0x08018bc0   0x00000014   Code   RO        26573    t._ZN4__rw18__rw_locale_vectorISt18__rw_open_cat_dataED1Ev  C:\Keil_v5\ARM\ARMCC\bin\..\lib\cpplib\cpp_ws.l(messages.o)
    0x08018bd4   0x0000001a   Code   RO         2201    t._ZN4mbed11TransactionINS_3SPIEEC1Ev  BUILD/NUCLEO_F103RB/ARM/mbed-os/drivers/SPI.o
    0x08018bee   0x00000016   Code   RO         2207    t._ZN4mbed11TransactionINS_3SPIEED1Ev  BUILD/NUCLEO_F103RB/ARM/mbed-os/drivers/SPI.o
    0x08018c04   0x00000018   Code   RO         2204    t._ZN4mbed14CircularBufferINS_11TransactionINS_3SPIEEELj2EjED1Ev  BUILD/NUCLEO_F103RB/ARM/mbed-os/drivers/SPI.o
    0x08018c1c   0x00000016   Code   RO        19650    t._ZN4mbed7ManagedINS_4FileEE5closeEv  BUILD/NUCLEO_F103RB/ARM/mbed-os/features/storage/filesystem/FileSystem.o
    0x08018c32   0x00000002   Code   RO          974    t._ZN4mbed7MbedCRCILj4129ELh16EE6unlockEv  BUILD/NUCLEO_F103RB/ARM/mbed-os/components/storage/blockdevice/COMPONENT_SD/SDBlockDevice.o
    0x08018c34   0x000001d4   Code   RO          933    t._ZN4mbed7MbedCRCILj4129ELh16EE7computeEPvyPj  BUILD/NUCLEO_F103RB/ARM/mbed-os/components/storage/blockdevice/COMPONENT_SD/SDBlockDevice.o
    0x08018e08   0x00000002   Code   RO         2047    t._ZN4mbed7MbedCRCILj9ELh7EE6unlockEv  BUILD/NUCLEO_F103RB/ARM/mbed-os/drivers/MbedCRC.o
    0x08018e0a   0x00000006   Code   RO        19982    t._ZN4mbed8CallbackIFvPKcEE13function_callIPS3_EEvPKvS2_  BUILD/NUCLEO_F103RB/ARM/mbed-os/features/storage/filesystem/fat/FATFileSystem.o
    0x08018e10   0x00000002   Code   RO        19988    t._ZN4mbed8CallbackIFvPKcEE13function_dtorIPS3_EEvPv  BUILD/NUCLEO_F103RB/ARM/mbed-os/features/storage/filesystem/fat/FATFileSystem.o
    0x08018e12   0x0000000a   Code   RO        19985    t._ZN4mbed8CallbackIFvPKcEE13function_moveIPS3_EEvPvPKv  BUILD/NUCLEO_F103RB/ARM/mbed-os/features/storage/filesystem/fat/FATFileSystem.o
    0x08018e1c   0x00000004   Code   RO          164    t._ZN4mbed8CallbackIFvvEE13function_callIPS1_EEvPKv  BUILD/NUCLEO_F103RB/ARM/GSM_MQTT/GSM_MQTT.o
    0x08018e20   0x00000002   Code   RO          170    t._ZN4mbed8CallbackIFvvEE13function_dtorIPS1_EEvPv  BUILD/NUCLEO_F103RB/ARM/GSM_MQTT/GSM_MQTT.o
    0x08018e22   0x0000000a   Code   RO          167    t._ZN4mbed8CallbackIFvvEE13function_moveIPS1_EEvPvPKv  BUILD/NUCLEO_F103RB/ARM/GSM_MQTT/GSM_MQTT.o
    0x08018e2c   0x00000012   Code   RO         1695    t._ZN4mbed8CallbackIFvvEED1Ev  BUILD/NUCLEO_F103RB/ARM/mbed-os/drivers/CAN.o
    0x08018e3e   0x00000022   Code   RO        19976    t._ZN4mbed8DeferredIPKcED1Ev  BUILD/NUCLEO_F103RB/ARM/mbed-os/features/storage/filesystem/fat/FATFileSystem.o
    0x08018e60   0x00000030   Code   RO         2404    t._ZN6CThunkIN4mbed10SerialBaseEE10trampolineEP10CThunkBase  BUILD/NUCLEO_F103RB/ARM/mbed-os/drivers/SerialBase.o
    0x08018e90   0x00000030   Code   RO         2198    t._ZN6CThunkIN4mbed3SPIEE10trampolineEP10CThunkBase  BUILD/NUCLEO_F103RB/ARM/mbed-os/drivers/SPI.o
    0x08018ec0   0x00000004   Code   RO          340    t._ZN6events10EventQueue13function_callIPFvvEEEvPv  BUILD/NUCLEO_F103RB/ARM/main.o
    0x08018ec4   0x00000002   Code   RO          343    t._ZN6events10EventQueue13function_dtorIPFvvEEEvPv  BUILD/NUCLEO_F103RB/ARM/main.o
    0x08018ec6   0x00000002   PAD
    0x08018ec8   0x00000054   Code   RO         1754    t._ZNK12SingletonPtrIN4rtos5MutexEEptEv  BUILD/NUCLEO_F103RB/ARM/mbed-os/drivers/FlashIAP.o
    0x08018f1c   0x00000094   Code   RO          135    t._ZNKSs6substrEjj  BUILD/NUCLEO_F103RB/ARM/GSM_MQTT/GSM_MQTT.o
    0x08018fb0   0x00000090   Code   RO        25602    t._ZNKSt8messagesIcE6do_getEiiiRKSs  C:\Keil_v5\ARM\ARMCC\bin\..\lib\cpplib\cpp_ws.l(rwstdexcept.o)
    0x08019040   0x00000006   Code   RO        25627    t._ZNKSt8messagesIcE7do_openERKSsRKSt6locale  C:\Keil_v5\ARM\ARMCC\bin\..\lib\cpplib\cpp_ws.l(rwstdexcept.o)
    0x08019046   0x00000032   Code   RO        26453    t._ZNSs11_C_allocateEjjj  C:\Keil_v5\ARM\ARMCC\bin\..\lib\cpplib\cpp_ws.l(locale.o)
    0x08019078   0x00000018   Code   RO        26493    t._ZNSs7replaceEjjPKcj  C:\Keil_v5\ARM\ARMCC\bin\..\lib\cpplib\cpp_ws.l(locale.o)
    0x08019090   0x00000168   Code   RO        26171    t._ZNSs7replaceEjjPKcjjj  C:\Keil_v5\ARM\ARMCC\bin\..\lib\cpplib\cpp_ws.l(char.o)
    0x080191f8   0x00000134   Code   RO          144    t._ZNSs7replaceEjjjc  BUILD/NUCLEO_F103RB/ARM/GSM_MQTT/GSM_MQTT.o
    0x0801932c   0x00000074   Code   RO        26159    t._ZNSs9_C_getRepEjj  C:\Keil_v5\ARM\ARMCC\bin\..\lib\cpplib\cpp_ws.l(char.o)
    0x080193a0   0x00000048   Code   RO        26168    t._ZNSs9_C_unlinkEv  C:\Keil_v5\ARM\ARMCC\bin\..\lib\cpplib\cpp_ws.l(char.o)
    0x080193e8   0x00000038   Code   RO        26456    t._ZNSsC1EPKcRKSaIcE  C:\Keil_v5\ARM\ARMCC\bin\..\lib\cpplib\cpp_ws.l(locale.o)
    0x08019420   0x00000010   Code   RO        26490    t._ZNSsC1ERKSaIcE   C:\Keil_v5\ARM\ARMCC\bin\..\lib\cpplib\cpp_ws.l(locale.o)
    0x08019430   0x0000003e   Code   RO        26162    t._ZNSsC1ERKSs      C:\Keil_v5\ARM\ARMCC\bin\..\lib\cpplib\cpp_ws.l(char.o)
    0x0801946e   0x0000000c   Code   RO        26242    t._ZNSsD1Ev         C:\Keil_v5\ARM\ARMCC\bin\..\lib\cpplib\cpp_ws.l(char.o)
    0x0801947a   0x00000002   PAD
    0x0801947c   0x0000004c   Code   RO        26462    t._ZNSsaSEPKc       C:\Keil_v5\ARM\ARMCC\bin\..\lib\cpplib\cpp_ws.l(locale.o)
    0x080194c8   0x0000003e   Code   RO        26459    t._ZNSsaSERKSs      C:\Keil_v5\ARM\ARMCC\bin\..\lib\cpplib\cpp_ws.l(locale.o)
    0x08019506   0x00000002   PAD
    0x08019508   0x00000068   Code   RO          147    t._ZNSsixEj         BUILD/NUCLEO_F103RB/ARM/GSM_MQTT/GSM_MQTT.o
    0x08019570   0x0000000c   Code   RO        26236    t._ZSt3maxIjERKT_S2_S2_  C:\Keil_v5\ARM\ARMCC\bin\..\lib\cpplib\cpp_ws.l(char.o)
    0x0801957c   0x00000062   Code   RO        25793    x$fpl$d2f           C:\Keil_v5\ARM\ARMCC\bin\..\lib\armlib\fz_ws.l(d2f.o)
    0x080195de   0x00000002   PAD
    0x080195e0   0x00000150   Code   RO        25795    x$fpl$dadd          C:\Keil_v5\ARM\ARMCC\bin\..\lib\armlib\fz_ws.l(daddsub_clz.o)
    0x08019730   0x00000010   Code   RO        26642    x$fpl$dcheck1       C:\Keil_v5\ARM\ARMCC\bin\..\lib\armlib\fz_ws.l(dcheck1.o)
    0x08019740   0x00000018   Code   RO        26644    x$fpl$dcmpinf       C:\Keil_v5\ARM\ARMCC\bin\..\lib\armlib\fz_ws.l(dcmpi.o)
    0x08019758   0x000002b0   Code   RO        25802    x$fpl$ddiv          C:\Keil_v5\ARM\ARMCC\bin\..\lib\armlib\fz_ws.l(ddiv.o)
    0x08019a08   0x00000078   Code   RO        25805    x$fpl$deqf          C:\Keil_v5\ARM\ARMCC\bin\..\lib\armlib\fz_ws.l(deqf.o)
    0x08019a80   0x0000005e   Code   RO        25807    x$fpl$dfix          C:\Keil_v5\ARM\ARMCC\bin\..\lib\armlib\fz_ws.l(dfix.o)
    0x08019ade   0x0000002e   Code   RO        25816    x$fpl$dflt          C:\Keil_v5\ARM\ARMCC\bin\..\lib\armlib\fz_ws.l(dflt_clz.o)
    0x08019b0c   0x00000078   Code   RO        25821    x$fpl$dleqf         C:\Keil_v5\ARM\ARMCC\bin\..\lib\armlib\fz_ws.l(dleqf.o)
    0x08019b84   0x00000154   Code   RO        25823    x$fpl$dmul          C:\Keil_v5\ARM\ARMCC\bin\..\lib\armlib\fz_ws.l(dmul.o)
    0x08019cd8   0x0000009c   Code   RO        26646    x$fpl$dnaninf       C:\Keil_v5\ARM\ARMCC\bin\..\lib\armlib\fz_ws.l(dnaninf.o)
    0x08019d74   0x0000000c   Code   RO        26648    x$fpl$dretinf       C:\Keil_v5\ARM\ARMCC\bin\..\lib\armlib\fz_ws.l(dretinf.o)
    0x08019d80   0x0000006c   Code   RO        25825    x$fpl$drleqf        C:\Keil_v5\ARM\ARMCC\bin\..\lib\armlib\fz_ws.l(drleqf.o)
    0x08019dec   0x00000016   Code   RO        25796    x$fpl$drsb          C:\Keil_v5\ARM\ARMCC\bin\..\lib\armlib\fz_ws.l(daddsub_clz.o)
    0x08019e02   0x00000002   PAD
    0x08019e04   0x000001cc   Code   RO        26965    x$fpl$dsqrt         C:\Keil_v5\ARM\ARMCC\bin\..\lib\armlib\fz_ws.l(dsqrt_noumaal.o)
    0x08019fd0   0x000001d4   Code   RO        25797    x$fpl$dsub          C:\Keil_v5\ARM\ARMCC\bin\..\lib\armlib\fz_ws.l(daddsub_clz.o)
    0x0801a1a4   0x00000056   Code   RO        25827    x$fpl$f2d           C:\Keil_v5\ARM\ARMCC\bin\..\lib\armlib\fz_ws.l(f2d.o)
    0x0801a1fa   0x00000002   PAD
    0x0801a1fc   0x000000c4   Code   RO        25829    x$fpl$fadd          C:\Keil_v5\ARM\ARMCC\bin\..\lib\armlib\fz_ws.l(faddsub_clz.o)
    0x0801a2c0   0x00000018   Code   RO        26652    x$fpl$fcmpinf       C:\Keil_v5\ARM\ARMCC\bin\..\lib\armlib\fz_ws.l(fcmpi.o)
    0x0801a2d8   0x00000068   Code   RO        25839    x$fpl$feqf          C:\Keil_v5\ARM\ARMCC\bin\..\lib\armlib\fz_ws.l(feqf.o)
    0x0801a340   0x00000036   Code   RO        25841    x$fpl$ffix          C:\Keil_v5\ARM\ARMCC\bin\..\lib\armlib\fz_ws.l(ffix.o)
    0x0801a376   0x00000002   PAD
    0x0801a378   0x0000003e   Code   RO        25845    x$fpl$ffixu         C:\Keil_v5\ARM\ARMCC\bin\..\lib\armlib\fz_ws.l(ffixu.o)
    0x0801a3b6   0x00000002   PAD
    0x0801a3b8   0x00000026   Code   RO        25853    x$fpl$ffltu         C:\Keil_v5\ARM\ARMCC\bin\..\lib\armlib\fz_ws.l(fflt_clz.o)
    0x0801a3de   0x00000002   PAD
    0x0801a3e0   0x00000102   Code   RO        25863    x$fpl$fmul          C:\Keil_v5\ARM\ARMCC\bin\..\lib\armlib\fz_ws.l(fmul.o)
    0x0801a4e2   0x0000008c   Code   RO        26654    x$fpl$fnaninf       C:\Keil_v5\ARM\ARMCC\bin\..\lib\armlib\fz_ws.l(fnaninf.o)
    0x0801a56e   0x0000000a   Code   RO        26656    x$fpl$fretinf       C:\Keil_v5\ARM\ARMCC\bin\..\lib\armlib\fz_ws.l(fretinf.o)
    0x0801a578   0x00000014   Code   RO        25830    x$fpl$frsb          C:\Keil_v5\ARM\ARMCC\bin\..\lib\armlib\fz_ws.l(faddsub_clz.o)
    0x0801a58c   0x000000ea   Code   RO        25831    x$fpl$fsub          C:\Keil_v5\ARM\ARMCC\bin\..\lib\armlib\fz_ws.l(faddsub_clz.o)
    0x0801a676   0x00000006   Code   RO        26969    x$fpl$ieeestatus    C:\Keil_v5\ARM\ARMCC\bin\..\lib\armlib\fz_ws.l(istatus.o)
    0x0801a67c   0x00000004   Code   RO        25867    x$fpl$printf1       C:\Keil_v5\ARM\ARMCC\bin\..\lib\armlib\fz_ws.l(printf1.o)
    0x0801a680   0x00000004   Code   RO        26658    x$fpl$printf2       C:\Keil_v5\ARM\ARMCC\bin\..\lib\armlib\fz_ws.l(printf2.o)
    0x0801a684   0x00000064   Code   RO        26971    x$fpl$retnan        C:\Keil_v5\ARM\ARMCC\bin\..\lib\armlib\fz_ws.l(retnan.o)
    0x0801a6e8   0x0000005c   Code   RO        25869    x$fpl$scalbn        C:\Keil_v5\ARM\ARMCC\bin\..\lib\armlib\fz_ws.l(scalbn.o)
    0x0801a744   0x00000004   Code   RO        26664    x$fpl$scanf1        C:\Keil_v5\ARM\ARMCC\bin\..\lib\armlib\fz_ws.l(scanf1.o)
    0x0801a748   0x00000008   Code   RO        27043    x$fpl$scanf2        C:\Keil_v5\ARM\ARMCC\bin\..\lib\armlib\fz_ws.l(scanf2.o)
    0x0801a750   0x00000030   Code   RO        27049    x$fpl$trapveneer    C:\Keil_v5\ARM\ARMCC\bin\..\lib\armlib\fz_ws.l(trapv.o)
    0x0801a780   0x00000000   Code   RO        26666    x$fpl$usenofp       C:\Keil_v5\ARM\ARMCC\bin\..\lib\armlib\fz_ws.l(usenofp.o)
    0x0801a780   0x0000028b   Data   RO           79    .constdata          BUILD/NUCLEO_F103RB/ARM/GSM_MQTT/GSM_MQTT.o
    0x0801aa0b   0x00000001   PAD
    0x0801aa0c   0x00000004   Data   RO          382    .constdata          BUILD/NUCLEO_F103RB/ARM/mbed-os/cmsis/TARGET_CORTEX_M/mbed_fault_handler.o
    0x0801aa10   0x00000010   Data   RO         2159    .constdata          BUILD/NUCLEO_F103RB/ARM/mbed-os/drivers/SPI.o
    0x0801aa20   0x00000010   Data   RO         2359    .constdata          BUILD/NUCLEO_F103RB/ARM/mbed-os/drivers/SerialBase.o
    0x0801aa30   0x00000100   Data   RO         2411    .constdata          BUILD/NUCLEO_F103RB/ARM/mbed-os/drivers/TableCRC.o
    0x0801ab30   0x00000200   Data   RO         2413    .constdata          BUILD/NUCLEO_F103RB/ARM/mbed-os/drivers/TableCRC.o
    0x0801ad30   0x000000aa   Data   RO        19748    .constdata          BUILD/NUCLEO_F103RB/ARM/mbed-os/features/storage/filesystem/fat/ChaN/ff.o
    0x0801adda   0x000003ae   Data   RO        19794    .constdata          BUILD/NUCLEO_F103RB/ARM/mbed-os/features/storage/filesystem/fat/ChaN/ffunicode.o
    0x0801b188   0x00000020   Data   RO        20944    .constdata          BUILD/NUCLEO_F103RB/ARM/mbed-os/hal/mbed_us_ticker_api.o
    0x0801b1a8   0x00000008   Data   RO        20945    .constdata          BUILD/NUCLEO_F103RB/ARM/mbed-os/hal/mbed_us_ticker_api.o
    0x0801b1b0   0x00000005   Data   RO        21376    .constdata          BUILD/NUCLEO_F103RB/ARM/mbed-os/platform/mbed_board.o
    0x0801b1b5   0x00000003   PAD
    0x0801b1b8   0x00000028   Data   RO        21676    .constdata          BUILD/NUCLEO_F103RB/ARM/mbed-os/platform/mbed_retarget.o
    0x0801b1e0   0x00000024   Data   RO        22343    .constdata          BUILD/NUCLEO_F103RB/ARM/mbed-os/rtos/TARGET_CORTEX/rtx5/RTX/Source/rtx_lib.o
    0x0801b204   0x00000024   Data   RO        22344    .constdata          BUILD/NUCLEO_F103RB/ARM/mbed-os/rtos/TARGET_CORTEX/rtx5/RTX/Source/rtx_lib.o
    0x0801b228   0x00000018   Data   RO        22345    .constdata          BUILD/NUCLEO_F103RB/ARM/mbed-os/rtos/TARGET_CORTEX/rtx5/RTX/Source/rtx_lib.o
    0x0801b240   0x00000004   Data   RO        22346    .constdata          BUILD/NUCLEO_F103RB/ARM/mbed-os/rtos/TARGET_CORTEX/rtx5/RTX/Source/rtx_lib.o
    0x0801b244   0x000000b4   Data   RO        22877    .constdata          BUILD/NUCLEO_F103RB/ARM/mbed-os/targets/TARGET_STM/TARGET_STM32F1/TARGET_NUCLEO_F103RB/PeripheralPins.o
    0x0801b2f8   0x00000024   Data   RO        22878    .constdata          BUILD/NUCLEO_F103RB/ARM/mbed-os/targets/TARGET_STM/TARGET_STM32F1/TARGET_NUCLEO_F103RB/PeripheralPins.o
    0x0801b31c   0x00000048   Data   RO        22882    .constdata          BUILD/NUCLEO_F103RB/ARM/mbed-os/targets/TARGET_STM/TARGET_STM32F1/TARGET_NUCLEO_F103RB/PeripheralPins.o
    0x0801b364   0x00000048   Data   RO        22883    .constdata          BUILD/NUCLEO_F103RB/ARM/mbed-os/targets/TARGET_STM/TARGET_STM32F1/TARGET_NUCLEO_F103RB/PeripheralPins.o
    0x0801b3ac   0x00000030   Data   RO        22886    .constdata          BUILD/NUCLEO_F103RB/ARM/mbed-os/targets/TARGET_STM/TARGET_STM32F1/TARGET_NUCLEO_F103RB/PeripheralPins.o
    0x0801b3dc   0x00000030   Data   RO        22887    .constdata          BUILD/NUCLEO_F103RB/ARM/mbed-os/targets/TARGET_STM/TARGET_STM32F1/TARGET_NUCLEO_F103RB/PeripheralPins.o
    0x0801b40c   0x00000030   Data   RO        22888    .constdata          BUILD/NUCLEO_F103RB/ARM/mbed-os/targets/TARGET_STM/TARGET_STM32F1/TARGET_NUCLEO_F103RB/PeripheralPins.o
    0x0801b43c   0x00000030   Data   RO        22889    .constdata          BUILD/NUCLEO_F103RB/ARM/mbed-os/targets/TARGET_STM/TARGET_STM32F1/TARGET_NUCLEO_F103RB/PeripheralPins.o
    0x0801b46c   0x00000010   Data   RO        24597    .constdata          BUILD/NUCLEO_F103RB/ARM/mbed-os/targets/TARGET_STM/TARGET_STM32F1/device/system_stm32f1xx.o
    0x0801b47c   0x00000008   Data   RO        24598    .constdata          BUILD/NUCLEO_F103RB/ARM/mbed-os/targets/TARGET_STM/TARGET_STM32F1/device/system_stm32f1xx.o
    0x0801b484   0x00000040   Data   RO        24921    .constdata          BUILD/NUCLEO_F103RB/ARM/mbed-os/targets/TARGET_STM/pinmap.o
    0x0801b4c4   0x00000020   Data   RO        25051    .constdata          BUILD/NUCLEO_F103RB/ARM/mbed-os/targets/TARGET_STM/stm_spi_api.o
    0x0801b4e4   0x00000008   Data   RO        25088    .constdata          BUILD/NUCLEO_F103RB/ARM/mbed-os/targets/TARGET_STM/us_ticker.o
    0x0801b4ec   0x00000028   Data   RO        25241    .constdata          C:\Keil_v5\ARM\ARMCC\bin\..\lib\armlib\c_w.l(_printf_hex_int_ll_ptr.o)
    0x0801b514   0x00000011   Data   RO        25261    .constdata          C:\Keil_v5\ARM\ARMCC\bin\..\lib\armlib\c_w.l(__printf_flags_ss_wp.o)
    0x0801b525   0x00000003   PAD
    0x0801b528   0x0000005c   Data   RO        25578    .constdata          C:\Keil_v5\ARM\ARMCC\bin\..\lib\cpplib\cpp_ws.l(rwstdexcept.o)
    0x0801b584   0x00000004   PAD
    0x0801b588   0x00000088   Data   RO        25889    .constdata          C:\Keil_v5\ARM\ARMCC\bin\..\lib\armlib\m_ws.l(pow.o)
    0x0801b610   0x00000008   Data   RO        25969    .constdata          C:\Keil_v5\ARM\ARMCC\bin\..\lib\armlib\c_w.l(_printf_wctomb.o)
    0x0801b618   0x0000000c   Data   RO        26055    .constdata          C:\Keil_v5\ARM\ARMCC\bin\..\lib\armlib\c_w.l(_monlen.o)
    0x0801b624   0x00000200   Data   RO        26141    .constdata          C:\Keil_v5\ARM\ARMCC\bin\..\lib\cpplib\cpp_ws.l(char.o)
    0x0801b824   0x00000004   PAD
    0x0801b828   0x00000008   Data   RO        26685    .constdata          C:\Keil_v5\ARM\ARMCC\bin\..\lib\armlib\m_ws.l(qnan.o)
    0x0801b830   0x00000026   Data   RO        26715    .constdata          C:\Keil_v5\ARM\ARMCC\bin\..\lib\armlib\c_w.l(_printf_fp_hex.o)
    0x0801b856   0x00000002   PAD
    0x0801b858   0x00000094   Data   RO        26736    .constdata          C:\Keil_v5\ARM\ARMCC\bin\..\lib\armlib\c_w.l(bigflt0.o)
    0x0801b8ec   0x00000050   Data   RO        21778    .constdata__ZTV12DirectSerial  BUILD/NUCLEO_F103RB/ARM/mbed-os/platform/mbed_retarget.o
    0x0801b93c   0x00000058   Data   RO          912    .constdata__ZTV13SDBlockDevice  BUILD/NUCLEO_F103RB/ARM/mbed-os/components/storage/blockdevice/COMPONENT_SD/SDBlockDevice.o
    0x0801b994   0x00000070   Data   RO          216    .constdata__ZTV7TextLCD  BUILD/NUCLEO_F103RB/ARM/TextLCD/TextLCD.o
    0x0801ba04   0x00000050   Data   RO        21169    .constdata__ZTVN4mbed10FileHandleE  BUILD/NUCLEO_F103RB/ARM/mbed-os/platform/FileHandle.o
    0x0801ba54   0x0000008c   Data   RO        19623    .constdata__ZTVN4mbed10FileSystemE  BUILD/NUCLEO_F103RB/ARM/mbed-os/features/storage/filesystem/FileSystem.o
    0x0801bae0   0x00000018   Data   RO         2403    .constdata__ZTVN4mbed10SerialBaseE  BUILD/NUCLEO_F103RB/ARM/mbed-os/drivers/SerialBase.o
    0x0801baf8   0x00000014   Data   RO         2539    .constdata__ZTVN4mbed10TimerEventE  BUILD/NUCLEO_F103RB/ARM/mbed-os/drivers/TimerEvent.o
    0x0801bb0c   0x0000009c   Data   RO        19969    .constdata__ZTVN4mbed13FATFileSystemE  BUILD/NUCLEO_F103RB/ARM/mbed-os/features/storage/filesystem/fat/FATFileSystem.o
    0x0801bba8   0x0000002c   Data   RO        21238    .constdata__ZTVN4mbed16FileSystemHandleE  BUILD/NUCLEO_F103RB/ARM/mbed-os/platform/FileSystemHandle.o
    0x0801bbd4   0x00000020   Data   RO         2197    .constdata__ZTVN4mbed3SPIE  BUILD/NUCLEO_F103RB/ARM/mbed-os/drivers/SPI.o
    0x0801bbf4   0x00000054   Data   RO        19543    .constdata__ZTVN4mbed4FileE  BUILD/NUCLEO_F103RB/ARM/mbed-os/features/storage/filesystem/File.o
    0x0801bc48   0x00000018   Data   RO         1617    .constdata__ZTVN4mbed6BusOutE  BUILD/NUCLEO_F103RB/ARM/mbed-os/drivers/BusOut.o
    0x0801bc60   0x00000070   Data   RO        21338    .constdata__ZTVN4mbed6StreamE  BUILD/NUCLEO_F103RB/ARM/mbed-os/platform/Stream.o
    0x0801bcd0   0x00000014   Data   RO         2436    .constdata__ZTVN4mbed6TickerE  BUILD/NUCLEO_F103RB/ARM/mbed-os/drivers/Ticker.o
    0x0801bce4   0x00000054   Data   RO        19638    .constdata__ZTVN4mbed7ManagedINS_4FileEEE  BUILD/NUCLEO_F103RB/ARM/mbed-os/features/storage/filesystem/FileSystem.o
    0x0801bd38   0x00000014   Data   RO          962    .constdata__ZTVN4mbed7MbedCRCILj4129ELh16EEE  BUILD/NUCLEO_F103RB/ARM/mbed-os/components/storage/blockdevice/COMPONENT_SD/SDBlockDevice.o
    0x0801bd4c   0x00000014   Data   RO         2001    .constdata__ZTVN4mbed7MbedCRCILj9ELh7EEE  BUILD/NUCLEO_F103RB/ARM/mbed-os/drivers/MbedCRC.o
    0x0801bd60   0x00000018   Data   RO          359    .constdata__ZTVN4mbed8AnalogInE  BUILD/NUCLEO_F103RB/ARM/main.o
    0x0801bd78   0x00000010   Data   RO        21153    .constdata__ZTVN4mbed8FileBaseE  BUILD/NUCLEO_F103RB/ARM/mbed-os/platform/FileBase.o
    0x0801bd88   0x00000018   Data   RO         2097    .constdata__ZTVN4mbed9RawSerialE  BUILD/NUCLEO_F103RB/ARM/mbed-os/drivers/RawSerial.o
    0x0801bda0   0x00000014   Data   RO        25653    .constdata__ZTVNSt6locale5facetE  C:\Keil_v5\ARM\ARMCC\bin\..\lib\cpplib\cpp_ws.l(rwstdexcept.o)
    0x0801bdb4   0x00000034   Data   RO        26320    .constdata__ZTVSt12ctype_bynameIcE  C:\Keil_v5\ARM\ARMCC\bin\..\lib\cpplib\cpp_ws.l(char.o)
    0x0801bde8   0x00000014   Data   RO        25655    .constdata__ZTVSt14__rw_exception  C:\Keil_v5\ARM\ARMCC\bin\..\lib\cpplib\cpp_ws.l(rwstdexcept.o)
    0x0801bdfc   0x00000034   Data   RO        26152    .constdata__ZTVSt5ctypeIcE  C:\Keil_v5\ARM\ARMCC\bin\..\lib\cpplib\cpp_ws.l(char.o)
    0x0801be30   0x00000020   Data   RO        25591    .constdata__ZTVSt8messagesIcE  C:\Keil_v5\ARM\ARMCC\bin\..\lib\cpplib\cpp_ws.l(rwstdexcept.o)
    0x0801be50   0x00000014   Data   RO        26611    .constdata__ZTVSt9exception  C:\Keil_v5\ARM\ARMCC\bin\..\lib\cpplib\cpprt_w.l(exception_dtor.o)
    0x0801be64   0x0000000c   Data   RO          929    .constdata__ZZN4mbed7MbedCRCILj4129ELh16EE20compute_partial_stopEPjEs  BUILD/NUCLEO_F103RB/ARM/mbed-os/components/storage/blockdevice/COMPONENT_SD/SDBlockDevice.o
    0x0801be70   0x0000001c   Data   RO          930    .constdata__ZZN4mbed7MbedCRCILj4129ELh16EE20compute_partial_stopEPjEs_0  BUILD/NUCLEO_F103RB/ARM/mbed-os/components/storage/blockdevice/COMPONENT_SD/SDBlockDevice.o
    0x0801be8c   0x0000000c   Data   RO          931    .constdata__ZZN4mbed7MbedCRCILj4129ELh16EE7computeEPvyPjEs  BUILD/NUCLEO_F103RB/ARM/mbed-os/components/storage/blockdevice/COMPONENT_SD/SDBlockDevice.o
    0x0801be98   0x0000001c   Data   RO          932    .constdata__ZZN4mbed7MbedCRCILj4129ELh16EE7computeEPvyPjEs_0  BUILD/NUCLEO_F103RB/ARM/mbed-os/components/storage/blockdevice/COMPONENT_SD/SDBlockDevice.o
    0x0801beb4   0x0000000c   Data   RO          919    .constdata__ZZN4mbed7MbedCRCILj9ELh7EE20compute_partial_stopEPjEs  BUILD/NUCLEO_F103RB/ARM/mbed-os/components/storage/blockdevice/COMPONENT_SD/SDBlockDevice.o
    0x0801bec0   0x0000001c   Data   RO          920    .constdata__ZZN4mbed7MbedCRCILj9ELh7EE20compute_partial_stopEPjEs_0  BUILD/NUCLEO_F103RB/ARM/mbed-os/components/storage/blockdevice/COMPONENT_SD/SDBlockDevice.o
    0x0801bedc   0x0000000c   Data   RO        19980    .constdata__ZZN4mbed8CallbackIFvPKcEE8generateIPS3_EEvRKT_E3ops  BUILD/NUCLEO_F103RB/ARM/mbed-os/features/storage/filesystem/fat/FATFileSystem.o
    0x0801bee8   0x0000000c   Data   RO          162    .constdata__ZZN4mbed8CallbackIFvvEE8generateIPS1_EEvRKT_E3ops  BUILD/NUCLEO_F103RB/ARM/GSM_MQTT/GSM_MQTT.o
    0x0801bef4   0x00000014   Data   RO          335    .constdata__ZZNK12SingletonPtrIN4rtos5MutexEE3getEvEs  BUILD/NUCLEO_F103RB/ARM/main.o
    0x0801bf08   0x00000022   Data   RO          336    .constdata__ZZNK12SingletonPtrIN4rtos5MutexEE3getEvEs_0  BUILD/NUCLEO_F103RB/ARM/main.o
    0x0801bf2a   0x00000001   Data   RO        26450    .constdata__ZZNK4__rw15__rw_locale_imp16_C_category_nameEiEs  C:\Keil_v5\ARM\ARMCC\bin\..\lib\cpplib\cpp_ws.l(locale.o)
    0x0801bf2b   0x00000005   Data   RO         1829    .constdata__ZZNK4mbed8CallbackIFviEE4callEiEs  BUILD/NUCLEO_F103RB/ARM/mbed-os/drivers/I2C.o
    0x0801bf30   0x0000001e   Data   RO         1830    .constdata__ZZNK4mbed8CallbackIFviEE4callEiEs_0  BUILD/NUCLEO_F103RB/ARM/mbed-os/drivers/I2C.o
    0x0801bf4e   0x00000001   Data   RO          129    .constdata__ZZNKSs6substrEjjEs  BUILD/NUCLEO_F103RB/ARM/GSM_MQTT/GSM_MQTT.o
    0x0801bf4f   0x00000001   Data   RO          126    .constdata__ZZNSs7replaceEjjPKcjjjEs  BUILD/NUCLEO_F103RB/ARM/GSM_MQTT/GSM_MQTT.o
    0x0801bf50   0x00000001   Data   RO          127    .constdata__ZZNSs7replaceEjjjcEs  BUILD/NUCLEO_F103RB/ARM/GSM_MQTT/GSM_MQTT.o
    0x0801bf51   0x00000001   Data   RO          131    .constdata__ZZNSs9_C_getRepEjjEs  BUILD/NUCLEO_F103RB/ARM/GSM_MQTT/GSM_MQTT.o
    0x0801bf52   0x00000001   Data   RO          128    .constdata__ZZNSsC1EPKcjRKSaIcEEs  BUILD/NUCLEO_F103RB/ARM/GSM_MQTT/GSM_MQTT.o
    0x0801bf53   0x00000002   Data   RO        25592    .constdata__ZZNSt8messagesIcEC1EjEs  C:\Keil_v5\ARM\ARMCC\bin\..\lib\cpplib\cpp_ws.l(rwstdexcept.o)
    0x0801bf55   0x00000003   PAD
    0x0801bf58   0x00000079   Data   RO           80    .conststring        BUILD/NUCLEO_F103RB/ARM/GSM_MQTT/GSM_MQTT.o
    0x0801bfd1   0x00000003   PAD
    0x0801bfd4   0x00000112   Data   RO          313    .conststring        BUILD/NUCLEO_F103RB/ARM/main.o
    0x0801c0e6   0x00000002   PAD
    0x0801c0e8   0x00000095   Data   RO          383    .conststring        BUILD/NUCLEO_F103RB/ARM/mbed-os/cmsis/TARGET_CORTEX_M/mbed_fault_handler.o
    0x0801c17d   0x00000003   PAD
    0x0801c180   0x00000043   Data   RO          864    .conststring        BUILD/NUCLEO_F103RB/ARM/mbed-os/components/storage/blockdevice/COMPONENT_SD/SDBlockDevice.o
    0x0801c1c3   0x00000001   PAD
    0x0801c1c4   0x0000005a   Data   RO        21043    .conststring        BUILD/NUCLEO_F103RB/ARM/mbed-os/platform/CThunkBase.o
    0x0801c21e   0x00000002   PAD
    0x0801c220   0x000000f4   Data   RO        21452    .conststring        BUILD/NUCLEO_F103RB/ARM/mbed-os/platform/mbed_error.o
    0x0801c314   0x00000009   Data   RO        22347    .conststring        BUILD/NUCLEO_F103RB/ARM/mbed-os/rtos/TARGET_CORTEX/rtx5/RTX/Source/rtx_lib.o
    0x0801c31d   0x00000003   PAD
    0x0801c320   0x0000000a   Data   RO        22348    .conststring        BUILD/NUCLEO_F103RB/ARM/mbed-os/rtos/TARGET_CORTEX/rtx5/RTX/Source/rtx_lib.o
    0x0801c32a   0x00000002   PAD
    0x0801c32c   0x00000070   Data   RO        22771    .conststring        BUILD/NUCLEO_F103RB/ARM/mbed-os/rtos/ThisThread.o
    0x0801c39c   0x00000272   Data   RO        25579    .conststring        C:\Keil_v5\ARM\ARMCC\bin\..\lib\cpplib\cpp_ws.l(rwstdexcept.o)
    0x0801c60e   0x00000002   PAD
    0x0801c610   0x0000000b   Data   RO        22296    .conststrlit        BUILD/NUCLEO_F103RB/ARM/mbed-os/rtos/TARGET_CORTEX/rtx5/RTX/Source/rtx_kernel.o
    0x0801c61b   0x00000001   PAD
    0x0801c61c   0x00000068   Data   RO        22350    .rodata             BUILD/NUCLEO_F103RB/ARM/mbed-os/rtos/TARGET_CORTEX/rtx5/RTX/Source/rtx_lib.o
    0x0801c684   0x00000020   Data   RO        27106    Region$$Table       anon$$obj.o
    0x0801c6a4   0x00000008   Data   RO        27039    c$$dinf             C:\Keil_v5\ARM\ARMCC\bin\..\lib\armlib\fz_ws.l(fpconst.o)
    0x0801c6ac   0x00000008   Data   RO        27042    c$$dmax             C:\Keil_v5\ARM\ARMCC\bin\..\lib\armlib\fz_ws.l(fpconst.o)
    0x0801c6b4   0x00000110   Data   RO        26037    locale$$data        C:\Keil_v5\ARM\ARMCC\bin\..\lib\armlib\c_w.l(lc_ctype_c.o)
    0x0801c7c4   0x00000180   Data   RO        26040    locale$$data        C:\Keil_v5\ARM\ARMCC\bin\..\lib\armlib\c_w.l(lc_time_c.o)
    0x0801c944   0x0000001c   Data   RO        26802    locale$$data        C:\Keil_v5\ARM\ARMCC\bin\..\lib\armlib\c_w.l(lc_numeric_c.o)
    0x0801c960   0x00000010   Data   RO        27065    locale$$data        C:\Keil_v5\ARM\ARMCC\bin\..\lib\armlib\c_w.l(null_locale.o)
    0x0801c970   0x00000004   Data   RO           84    .init_array         BUILD/NUCLEO_F103RB/ARM/GSM_MQTT/GSM_MQTT.o
    0x0801c974   0x00000004   Data   RO          315    .init_array         BUILD/NUCLEO_F103RB/ARM/main.o
    0x0801c978   0x00000004   Data   RO         2161    .init_array         BUILD/NUCLEO_F103RB/ARM/mbed-os/drivers/SPI.o
    0x0801c97c   0x00000000   Data   RO        25399    .init_array         C:\Keil_v5\ARM\ARMCC\bin\..\lib\armlib\c_w.l(init_aeabi.o)
    0x0801c97c   0x00000004   Data   RO        26143    .init_array         C:\Keil_v5\ARM\ARMCC\bin\..\lib\cpplib\cpp_ws.l(char.o)
    0x0801c980   0x00000004   Data   RO        26433    .init_array         C:\Keil_v5\ARM\ARMCC\bin\..\lib\cpplib\cpp_ws.l(locale.o)
    0x0801c984   0x00000004   Data   RO        26863    .init_array         C:\Keil_v5\ARM\ARMCC\bin\..\lib\cpplib\cpp_ws.l(rwcats.o)


    Execution Region RW_IRAM1 (Base: 0x200000f0, Size: 0x00002dc4, Max: 0x00004f10, ABSOLUTE, COMPRESSED[0x00000068])

    Base Addr    Size         Type   Attr      Idx    E Section Name        Object

    0x200000f0   0x00000040   Data   RW        22336    .bss.os             BUILD/NUCLEO_F103RB/ARM/mbed-os/rtos/TARGET_CORTEX/rtx5/RTX/Source/rtx_lib.o
    0x20000130   0x000001f0   Data   RW        22053    .bss.os.libspace    BUILD/NUCLEO_F103RB/ARM/mbed-os/rtos/TARGET_CORTEX/TOOLCHAIN_ARM_STD/mbed_boot_arm_std.o
    0x20000320   0x00000034   Data   RW        22337    .bss.os.msgqueue.cb  BUILD/NUCLEO_F103RB/ARM/mbed-os/rtos/TARGET_CORTEX/rtx5/RTX/Source/rtx_lib.o
    0x20000354   0x00000050   Data   RW        22338    .bss.os.msgqueue.mem  BUILD/NUCLEO_F103RB/ARM/mbed-os/rtos/TARGET_CORTEX/rtx5/RTX/Source/rtx_lib.o
    0x200003a4   0x00000044   Data   RW        22339    .bss.os.thread.cb   BUILD/NUCLEO_F103RB/ARM/mbed-os/rtos/TARGET_CORTEX/rtx5/RTX/Source/rtx_lib.o
    0x200003e8   0x00000044   Data   RW        22340    .bss.os.thread.cb   BUILD/NUCLEO_F103RB/ARM/mbed-os/rtos/TARGET_CORTEX/rtx5/RTX/Source/rtx_lib.o
    0x2000042c   0x00000004   PAD
    0x20000430   0x00000200   Data   RW        22341    .bss.os.thread.stack  BUILD/NUCLEO_F103RB/ARM/mbed-os/rtos/TARGET_CORTEX/rtx5/RTX/Source/rtx_lib.o
    0x20000630   0x00000300   Data   RW        22342    .bss.os.thread.stack  BUILD/NUCLEO_F103RB/ARM/mbed-os/rtos/TARGET_CORTEX/rtx5/RTX/Source/rtx_lib.o
    0x20000930   0x0000003c   Data   RW           83    .data               BUILD/NUCLEO_F103RB/ARM/GSM_MQTT/GSM_MQTT.o
    0x2000096c   0x00000010   Data   RW          314    .data               BUILD/NUCLEO_F103RB/ARM/main.o
    0x2000097c   0x00000004   Data   RW         2160    .data               BUILD/NUCLEO_F103RB/ARM/mbed-os/drivers/SPI.o
    0x20000980   0x00000004   Data   RW        19749    .data               BUILD/NUCLEO_F103RB/ARM/mbed-os/features/storage/filesystem/fat/ChaN/ff.o
    0x20000984   0x00000002   Data   RW        20842    .data               BUILD/NUCLEO_F103RB/ARM/mbed-os/hal/mbed_critical_section_api.o
    0x20000986   0x00000002   PAD
    0x20000988   0x00000004   Data   RW        20946    .data               BUILD/NUCLEO_F103RB/ARM/mbed-os/hal/mbed_us_ticker_api.o
    0x2000098c   0x00000004   Data   RW        21044    .data               BUILD/NUCLEO_F103RB/ARM/mbed-os/platform/CThunkBase.o
    0x20000990   0x00000008   Data   RW        21140    .data               BUILD/NUCLEO_F103RB/ARM/mbed-os/platform/FileBase.o
    0x20000998   0x00000004   Data   RW        21407    .data               BUILD/NUCLEO_F103RB/ARM/mbed-os/platform/mbed_critical.o
    0x2000099c   0x0000000c   Data   RW        21453    .data               BUILD/NUCLEO_F103RB/ARM/mbed-os/platform/mbed_error.o
    0x200009a8   0x00000004   Data   RW        21677    .data               BUILD/NUCLEO_F103RB/ARM/mbed-os/platform/mbed_retarget.o
    0x200009ac   0x00000004   Data   RW        21678    .data               BUILD/NUCLEO_F103RB/ARM/mbed-os/platform/mbed_retarget.o
    0x200009b0   0x00000048   Data   RW        21679    .data               BUILD/NUCLEO_F103RB/ARM/mbed-os/platform/mbed_retarget.o
    0x200009f8   0x00000010   Data   RW        21831    .data               BUILD/NUCLEO_F103RB/ARM/mbed-os/platform/mbed_rtc_time.o
    0x20000a08   0x00000018   Data   RW        21862    .data               BUILD/NUCLEO_F103RB/ARM/mbed-os/platform/mbed_sleep_manager.o
    0x20000a20   0x00000001   Data   RW        22054    .data               BUILD/NUCLEO_F103RB/ARM/mbed-os/rtos/TARGET_CORTEX/TOOLCHAIN_ARM_STD/mbed_boot_arm_std.o
    0x20000a21   0x00000003   PAD
    0x20000a24   0x00000004   Data   RW        22073    .data               BUILD/NUCLEO_F103RB/ARM/mbed-os/rtos/TARGET_CORTEX/mbed_boot.o
    0x20000a28   0x00000004   Data   RW        22074    .data               BUILD/NUCLEO_F103RB/ARM/mbed-os/rtos/TARGET_CORTEX/mbed_boot.o
    0x20000a2c   0x00000004   Data   RW        22089    .data               BUILD/NUCLEO_F103RB/ARM/mbed-os/rtos/TARGET_CORTEX/mbed_rtos_rtx.o
    0x20000a30   0x00000004   Data   RW        22103    .data               BUILD/NUCLEO_F103RB/ARM/mbed-os/rtos/TARGET_CORTEX/mbed_rtx_handlers.o
    0x20000a34   0x00000004   Data   RW        22122    .data               BUILD/NUCLEO_F103RB/ARM/mbed-os/rtos/TARGET_CORTEX/mbed_rtx_idle.o
    0x20000a38   0x00000001   Data   RW        22728    .data               BUILD/NUCLEO_F103RB/ARM/mbed-os/rtos/TARGET_CORTEX/rtx5/Source/os_systick.o
    0x20000a39   0x00000001   Data   RW        24007    .data               BUILD/NUCLEO_F103RB/ARM/mbed-os/targets/TARGET_STM/TARGET_STM32F1/device/stm32f1xx_hal_spi_ex.o
    0x20000a3a   0x00000002   PAD
    0x20000a3c   0x00000004   Data   RW        24599    .data               BUILD/NUCLEO_F103RB/ARM/mbed-os/targets/TARGET_STM/TARGET_STM32F1/device/system_stm32f1xx.o
    0x20000a40   0x00000004   Data   RW        24666    .data               BUILD/NUCLEO_F103RB/ARM/mbed-os/targets/TARGET_STM/TARGET_STM32F1/serial_device.o
    0x20000a44   0x00000008   Data   RW        24737    .data               BUILD/NUCLEO_F103RB/ARM/mbed-os/targets/TARGET_STM/can_api.o
    0x20000a4c   0x00000008   Data   RW        24817    .data               BUILD/NUCLEO_F103RB/ARM/mbed-os/targets/TARGET_STM/hal_tick_overrides.o
    0x20000a54   0x00000004   Data   RW        24910    .data               BUILD/NUCLEO_F103RB/ARM/mbed-os/targets/TARGET_STM/mbed_overrides.o
    0x20000a58   0x00000004   Data   RW        24982    .data               BUILD/NUCLEO_F103RB/ARM/mbed-os/targets/TARGET_STM/rtc_api.o
    0x20000a5c   0x00000004   Data   RW        25007    .data               BUILD/NUCLEO_F103RB/ARM/mbed-os/targets/TARGET_STM/serial_api.o
    0x20000a60   0x0000000c   Data   RW        25089    .data               BUILD/NUCLEO_F103RB/ARM/mbed-os/targets/TARGET_STM/us_ticker.o
    0x20000a6c   0x00000004   Data   RW        25315    .data               C:\Keil_v5\ARM\ARMCC\bin\..\lib\armlib\c_w.l(stdio_streams.o)
    0x20000a70   0x00000004   Data   RW        25316    .data               C:\Keil_v5\ARM\ARMCC\bin\..\lib\armlib\c_w.l(stdio_streams.o)
    0x20000a74   0x00000004   Data   RW        25317    .data               C:\Keil_v5\ARM\ARMCC\bin\..\lib\armlib\c_w.l(stdio_streams.o)
    0x20000a78   0x00000017   Data   RW        25580    .data               C:\Keil_v5\ARM\ARMCC\bin\..\lib\cpplib\cpp_ws.l(rwstdexcept.o)
    0x20000a8f   0x00000001   PAD
    0x20000a90   0x00000004   Data   RW        26028    .data               C:\Keil_v5\ARM\ARMCC\bin\..\lib\armlib\c_w.l(streamlock.o)
    0x20000a94   0x00000008   Data   RW        26142    .data               C:\Keil_v5\ARM\ARMCC\bin\..\lib\cpplib\cpp_ws.l(char.o)
    0x20000a9c   0x0000001c   Data   RW        26432    .data               C:\Keil_v5\ARM\ARMCC\bin\..\lib\cpplib\cpp_ws.l(locale.o)
    0x20000ab8   0x00000004   Data   RW        26591    .data               C:\Keil_v5\ARM\ARMCC\bin\..\lib\cpplib\cpp_ws.l(rwthrowproc_noex.o)
    0x20000abc   0x00000008   Data   RW        26862    .data               C:\Keil_v5\ARM\ARMCC\bin\..\lib\cpplib\cpp_ws.l(rwcats.o)
    0x20000ac4   0x000000a4   Data   RW        22297    .data.os            BUILD/NUCLEO_F103RB/ARM/mbed-os/rtos/TARGET_CORTEX/rtx5/RTX/Source/rtx_kernel.o
    0x20000b68   0x00000004   Data   RW        26533    .data__ZZNKSt6locale2id7_C_initEvE9_C_id_gen  C:\Keil_v5\ARM\ARMCC\bin\..\lib\cpplib\cpp_ws.l(locale.o)
    0x20000b6c   0x0000000c   Data   RW        26589    .data__ZZSt13__rw_get_catsvE11__open_cats  C:\Keil_v5\ARM\ARMCC\bin\..\lib\cpplib\cpp_ws.l(messages.o)
    0x20000b78   0x000001ac   Zero   RW           78    .bss                BUILD/NUCLEO_F103RB/ARM/GSM_MQTT/GSM_MQTT.o
    0x20000d24   0x00000004   PAD
    0x20000d28   0x0000088c   Zero   RW          312    .bss                BUILD/NUCLEO_F103RB/ARM/main.o
    0x200015b4   0x00000054   Zero   RW          381    .bss                BUILD/NUCLEO_F103RB/ARM/mbed-os/cmsis/TARGET_CORTEX_M/mbed_fault_handler.o
    0x20001608   0x00000030   Zero   RW         1455    .bss                BUILD/NUCLEO_F103RB/ARM/mbed-os/drivers/AnalogIn.o
    0x20001638   0x00000098   Zero   RW         2158    .bss                BUILD/NUCLEO_F103RB/ARM/mbed-os/drivers/SPI.o
    0x200016d0   0x00000010   Zero   RW        19747    .bss                BUILD/NUCLEO_F103RB/ARM/mbed-os/features/storage/filesystem/fat/ChaN/ff.o
    0x200016e0   0x00000040   Zero   RW        19889    .bss                BUILD/NUCLEO_F103RB/ARM/mbed-os/features/storage/filesystem/fat/FATFileSystem.o
    0x20001720   0x00000040   Zero   RW        20943    .bss                BUILD/NUCLEO_F103RB/ARM/mbed-os/hal/mbed_us_ticker_api.o
    0x20001760   0x00000020   Zero   RW        21041    .bss                BUILD/NUCLEO_F103RB/ARM/mbed-os/platform/CThunkBase.o
    0x20001780   0x00000030   Zero   RW        21139    .bss                BUILD/NUCLEO_F103RB/ARM/mbed-os/platform/FileBase.o
    0x200017b0   0x00000068   Zero   RW        21451    .bss                BUILD/NUCLEO_F103RB/ARM/mbed-os/platform/mbed_error.o
    0x20001818   0x00000188   Zero   RW        21675    .bss                BUILD/NUCLEO_F103RB/ARM/mbed-os/platform/mbed_retarget.o
    0x200019a0   0x00000030   Zero   RW        21830    .bss                BUILD/NUCLEO_F103RB/ARM/mbed-os/platform/mbed_rtc_time.o
    0x200019d0   0x00000100   Zero   RW        22052    .bss                BUILD/NUCLEO_F103RB/ARM/mbed-os/rtos/TARGET_CORTEX/TOOLCHAIN_ARM_STD/mbed_boot_arm_std.o
    0x20001ad0   0x00001098   Zero   RW        22088    .bss                BUILD/NUCLEO_F103RB/ARM/mbed-os/rtos/TARGET_CORTEX/mbed_rtos_rtx.o
    0x20002b68   0x000000cc   Zero   RW        24665    .bss                BUILD/NUCLEO_F103RB/ARM/mbed-os/targets/TARGET_STM/TARGET_STM32F1/serial_device.o
    0x20002c34   0x00000014   Zero   RW        24981    .bss                BUILD/NUCLEO_F103RB/ARM/mbed-os/targets/TARGET_STM/rtc_api.o
    0x20002c48   0x0000004c   Zero   RW        25006    .bss                BUILD/NUCLEO_F103RB/ARM/mbed-os/targets/TARGET_STM/serial_api.o
    0x20002c94   0x00000040   Zero   RW        25087    .bss                BUILD/NUCLEO_F103RB/ARM/mbed-os/targets/TARGET_STM/us_ticker.o
    0x20002cd4   0x00000054   Zero   RW        25312    .bss                C:\Keil_v5\ARM\ARMCC\bin\..\lib\armlib\c_w.l(stdio_streams.o)
    0x20002d28   0x00000054   Zero   RW        25313    .bss                C:\Keil_v5\ARM\ARMCC\bin\..\lib\armlib\c_w.l(stdio_streams.o)
    0x20002d7c   0x00000054   Zero   RW        25314    .bss                C:\Keil_v5\ARM\ARMCC\bin\..\lib\armlib\c_w.l(stdio_streams.o)
    0x20002dd0   0x0000002c   Zero   RW        25387    .bss                C:\Keil_v5\ARM\ARMCC\bin\..\lib\armlib\c_w.l(localtime.o)
    0x20002dfc   0x00000004   PAD
    0x20002e00   0x00000018   Zero   RW        25577    .bss                C:\Keil_v5\ARM\ARMCC\bin\..\lib\cpplib\cpp_ws.l(rwstdexcept.o)
    0x20002e18   0x00000060   Zero   RW        25904    .bss                C:\Keil_v5\ARM\ARMCC\bin\..\lib\armlib\c_w.l(libspace.o)
    0x20002e78   0x0000002a   Zero   RW        26787    .bss                C:\Keil_v5\ARM\ARMCC\bin\..\lib\armlib\c_w.l(locale.o)
    0x20002ea2   0x00000002   PAD
    0x20002ea4   0x00000010   Zero   RW        26936    .bss__ZNSs9__nullrefE  C:\Keil_v5\ARM\ARMCC\bin\..\lib\cpplib\cpp_ws.l(vendor.o)


==============================================================================

Image component sizes


      Code (inc. data)   RO Data    RW Data    ZI Data      Debug   

     76004      10954       6366       2592       8540      50256   Object Totals
         0          0         32          0          0          0   (incl. Generated)
       102          0         21         11          4          0   (incl. Padding)
     32176       1670       2582        104        480      23476   Library Totals
        64          0         18          1          6          0   (incl. Padding)

==============================================================================


      Code (inc. data)   RO Data    RW Data    ZI Data      Debug   

    108180      12624       8948       2696       9020      28488   Grand Totals
    108180      12624       8948        104       9020      28488   ELF Image Totals (compressed)
    108180      12624       8948        104          0          0   ROM Totals

==============================================================================

    Total RO  Size (Code + RO Data)               117128 ( 114.38kB)
    Total RW  Size (RW Data + ZI Data)             11716 (  11.44kB)
    Total ROM Size (Code + RO Data + RW Data)     117232 ( 114.48kB)

==============================================================================

